Archive member included to satisfy reference by file (symbol)

C:\Users\OWNER\Desktop\CH583EVT\EVT\EXAM\SRC\StdPeriphDriver\libISP583.a(ISP583.o)
                              ./StdPeriphDriver/CH58x_flash.o (FLASH_EEPROM_CMD)
C:\Users\OWNER\Desktop\CH583EVT\EVT\EXAM\BLE\LIB\libCH58xBLE.a(message.o)
                              ./HAL/MCU.o (tmos_msg_deallocate)
C:\Users\OWNER\Desktop\CH583EVT\EVT\EXAM\BLE\LIB\libCH58xBLE.a(tmos.o)
                              ./APP/central.o (tmos_rand)
C:\Users\OWNER\Desktop\CH583EVT\EVT\EXAM\BLE\LIB\libCH58xBLE.a(tmos_hw.o)
                              C:\Users\OWNER\Desktop\CH583EVT\EVT\EXAM\BLE\LIB\libCH58xBLE.a(tmos.o) (fnGetClockCBs)
C:\Users\OWNER\Desktop\CH583EVT\EVT\EXAM\BLE\LIB\libCH58xBLE.a(tmos_snv.o)
                              C:\Users\OWNER\Desktop\CH583EVT\EVT\EXAM\BLE\LIB\libCH58xBLE.a(tmos.o) (tmos_snv_init)
C:\Users\OWNER\Desktop\CH583EVT\EVT\EXAM\BLE\LIB\libCH58xBLE.a(gap.o)
                              ./APP/central.o (GAP_SetParamValue)
C:\Users\OWNER\Desktop\CH583EVT\EVT\EXAM\BLE\LIB\libCH58xBLE.a(gap_central.o)
                              C:\Users\OWNER\Desktop\CH583EVT\EVT\EXAM\BLE\LIB\libCH58xBLE.a(gap.o) (gapProcessPeriodicAdvertisingSyncEstablishedEvt)
C:\Users\OWNER\Desktop\CH583EVT\EVT\EXAM\BLE\LIB\libCH58xBLE.a(gap_peripheral.o)
                              C:\Users\OWNER\Desktop\CH583EVT\EVT\EXAM\BLE\LIB\libCH58xBLE.a(gap.o) (GAP_PeripheralParamInit)
C:\Users\OWNER\Desktop\CH583EVT\EVT\EXAM\BLE\LIB\libCH58xBLE.a(gatt.o)
                              ./APP/central.o (GATT_DiscAllChars)
C:\Users\OWNER\Desktop\CH583EVT\EVT\EXAM\BLE\LIB\libCH58xBLE.a(gatt_uuid.o)
                              C:\Users\OWNER\Desktop\CH583EVT\EVT\EXAM\BLE\LIB\libCH58xBLE.a(gatt.o) (serviceChangedUUID)
C:\Users\OWNER\Desktop\CH583EVT\EVT\EXAM\BLE\LIB\libCH58xBLE.a(gattclientapp.o)
                              C:\Users\OWNER\Desktop\CH583EVT\EVT\EXAM\BLE\LIB\libCH58xBLE.a(gatt.o) (gattGetClientStatus)
C:\Users\OWNER\Desktop\CH583EVT\EVT\EXAM\BLE\LIB\libCH58xBLE.a(gattservapp.o)
                              C:\Users\OWNER\Desktop\CH583EVT\EVT\EXAM\BLE\LIB\libCH58xBLE.a(gatt.o) (GATT_Indication)
C:\Users\OWNER\Desktop\CH583EVT\EVT\EXAM\BLE\LIB\libCH58xBLE.a(l2cap.o)
                              C:\Users\OWNER\Desktop\CH583EVT\EVT\EXAM\BLE\LIB\libCH58xBLE.a(gatt.o) (L2CAP_GetMTU)
C:\Users\OWNER\Desktop\CH583EVT\EVT\EXAM\BLE\LIB\libCH58xBLE.a(l2cap_input.o)
                              C:\Users\OWNER\Desktop\CH583EVT\EVT\EXAM\BLE\LIB\libCH58xBLE.a(l2cap.o) (l2capProcessRxData)
C:\Users\OWNER\Desktop\CH583EVT\EVT\EXAM\BLE\LIB\libCH58xBLE.a(l2cap_output.o)
                              C:\Users\OWNER\Desktop\CH583EVT\EVT\EXAM\BLE\LIB\libCH58xBLE.a(l2cap_input.o) (l2capNotifyData)
C:\Users\OWNER\Desktop\CH583EVT\EVT\EXAM\BLE\LIB\libCH58xBLE.a(l2cap_sdu.o)
                              C:\Users\OWNER\Desktop\CH583EVT\EVT\EXAM\BLE\LIB\libCH58xBLE.a(l2cap_input.o) (l2capBuildDisconnectRsp)
C:\Users\OWNER\Desktop\CH583EVT\EVT\EXAM\BLE\LIB\libCH58xBLE.a(linkdb.o)
                              C:\Users\OWNER\Desktop\CH583EVT\EVT\EXAM\BLE\LIB\libCH58xBLE.a(l2cap.o) (linkDB_Init)
C:\Users\OWNER\Desktop\CH583EVT\EVT\EXAM\BLE\LIB\libCH58xBLE.a(sm.o)
                              C:\Users\OWNER\Desktop\CH583EVT\EVT\EXAM\BLE\LIB\libCH58xBLE.a(gap.o) (smStartEncryption)
C:\Users\OWNER\Desktop\CH583EVT\EVT\EXAM\BLE\LIB\libCH58xBLE.a(host_input.o)
                              C:\Users\OWNER\Desktop\CH583EVT\EVT\EXAM\BLE\LIB\libCH58xBLE.a(gap.o) (gBleHostPara)
C:\Users\OWNER\Desktop\CH583EVT\EVT\EXAM\BLE\LIB\libCH58xBLE.a(host_output.o)
                              C:\Users\OWNER\Desktop\CH583EVT\EVT\EXAM\BLE\LIB\libCH58xBLE.a(gap.o) (HCI_DisconnectCmd)
C:\Users\OWNER\Desktop\CH583EVT\EVT\EXAM\BLE\LIB\libCH58xBLE.a(ll_connect.o)
                              C:\Users\OWNER\Desktop\CH583EVT\EVT\EXAM\BLE\LIB\libCH58xBLE.a(tmos.o) (LL_GetNextConnectEventTime)
C:\Users\OWNER\Desktop\CH583EVT\EVT\EXAM\BLE\LIB\libCH58xBLE.a(ll_core.o)
                              C:\Users\OWNER\Desktop\CH583EVT\EVT\EXAM\BLE\LIB\libCH58xBLE.a(ll_connect.o) (LL_CoreGetCore)
C:\Users\OWNER\Desktop\CH583EVT\EVT\EXAM\BLE\LIB\libCH58xBLE.a(ll_hop.o)
                              C:\Users\OWNER\Desktop\CH583EVT\EVT\EXAM\BLE\LIB\libCH58xBLE.a(ll_connect.o) (LL_HopGetChannel)
C:\Users\OWNER\Desktop\CH583EVT\EVT\EXAM\BLE\LIB\libCH58xBLE.a(ll_master.o)
                              C:\Users\OWNER\Desktop\CH583EVT\EVT\EXAM\BLE\LIB\libCH58xBLE.a(ll_connect.o) (ll_master_process)
C:\Users\OWNER\Desktop\CH583EVT\EVT\EXAM\BLE\LIB\libCH58xBLE.a(ll_pdu.o)
                              C:\Users\OWNER\Desktop\CH583EVT\EVT\EXAM\BLE\LIB\libCH58xBLE.a(ll_master.o) (LL_ConnectionUpdateInd)
C:\Users\OWNER\Desktop\CH583EVT\EVT\EXAM\BLE\LIB\libCH58xBLE.a(ll_report.o)
                              C:\Users\OWNER\Desktop\CH583EVT\EVT\EXAM\BLE\LIB\libCH58xBLE.a(ll_connect.o) (LL_ReportGenerateEvent)
[...]
Memory Configuration

Name             Origin             Length             Attributes
FLASH            0x0000000000000000 0x0000000000070000 xr
RAM              0x0000000020000000 0x0000000000008000 xrw
*default*        0x0000000000000000 0xffffffffffffffff

Linker script and memory map

LOAD ./StdPeriphDriver/CH58x_adc.o
LOAD ./StdPeriphDriver/CH58x_clk.o
LOAD ./StdPeriphDriver/CH58x_flash.o
LOAD ./StdPeriphDriver/CH58x_gpio.o
LOAD ./StdPeriphDriver/CH58x_i2c.o
LOAD ./StdPeriphDriver/CH58x_pwm.o
LOAD ./StdPeriphDriver/CH58x_pwr.o
LOAD ./StdPeriphDriver/CH58x_spi0.o
LOAD ./StdPeriphDriver/CH58x_spi1.o
LOAD ./StdPeriphDriver/CH58x_sys.o
LOAD ./StdPeriphDriver/CH58x_timer0.o
LOAD ./StdPeriphDriver/CH58x_timer1.o
LOAD ./StdPeriphDriver/CH58x_timer2.o
LOAD ./StdPeriphDriver/CH58x_timer3.o
LOAD ./StdPeriphDriver/CH58x_uart0.o
LOAD ./StdPeriphDriver/CH58x_uart1.o
LOAD ./StdPeriphDriver/CH58x_uart2.o
LOAD ./StdPeriphDriver/CH58x_uart3.o
LOAD ./StdPeriphDriver/CH58x_usb2dev.o
LOAD ./StdPeriphDriver/CH58x_usb2hostBase.o
LOAD ./StdPeriphDriver/CH58x_usb2hostClass.o
LOAD ./StdPeriphDriver/CH58x_usbdev.o
LOAD ./StdPeriphDriver/CH58x_usbhostBase.o
LOAD ./StdPeriphDriver/CH58x_usbhostClass.o
LOAD ./Startup/startup_CH583.o
LOAD ./RVMSIS/core_riscv.o
LOAD ./HAL/MCU.o
LOAD ./HAL/RTC.o
LOAD ./HAL/SLEEP.o
LOAD ./APP/central.o
LOAD ./APP/central_main.o
LOAD C:\Users\OWNER\Desktop\CH583EVT\EVT\EXAM\SRC\StdPeriphDriver\libISP583.a
LOAD C:\Users\OWNER\Desktop\CH583EVT\EVT\EXAM\BLE\LIB\libCH58xBLE.a
LOAD c:/users/owner/mounriver/mounriver_studio/toolchain/risc-v embedded gcc/bin/../lib/gcc/riscv-none-embed/8.2.0/rv32imac/ilp32\libgcc.a
LOAD c:/users/owner/mounriver/mounriver_studio/toolchain/risc-v embedded gcc/bin/../lib/gcc/riscv-none-embed/8.2.0/../../../../riscv-none-embed/lib/rv32imac/ilp32\libg_nano.a
LOAD c:/users/owner/mounriver/mounriver_studio/toolchain/risc-v embedded gcc/bin/../lib/gcc/riscv-none-embed/8.2.0/../../../../riscv-none-embed/lib/rv32imac/ilp32\libc_nano.a
LOAD c:/users/owner/mounriver/mounriver_studio/toolchain/risc-v embedded gcc/bin/../lib/gcc/riscv-none-embed/8.2.0/rv32imac/ilp32\libgcc.a
START GROUP
LOAD c:/users/owner/mounriver/mounriver_studio/toolchain/risc-v embedded gcc/bin/../lib/gcc/riscv-none-embed/8.2.0/rv32imac/ilp32\libgcc.a
LOAD c:/users/owner/mounriver/mounriver_studio/toolchain/risc-v embedded gcc/bin/../lib/gcc/riscv-none-embed/8.2.0/../../../../riscv-none-embed/lib/rv32imac/ilp32\libc_nano.a
LOAD c:/users/owner/mounriver/mounriver_studio/toolchain/risc-v embedded gcc/bin/../lib/gcc/riscv-none-embed/8.2.0/../../../../riscv-none-embed/lib/rv32imac/ilp32\libnosys.a
END GROUP
START GROUP
LOAD c:/users/owner/mounriver/mounriver_studio/toolchain/risc-v embedded gcc/bin/../lib/gcc/riscv-none-embed/8.2.0/rv32imac/ilp32\libgcc.a
LOAD c:/users/owner/mounriver/mounriver_studio/toolchain/risc-v embedded gcc/bin/../lib/gcc/riscv-none-embed/8.2.0/../../../../riscv-none-embed/lib/rv32imac/ilp32\libc_nano.a
LOAD c:/users/owner/mounriver/mounriver_studio/toolchain/risc-v embedded gcc/bin/../lib/gcc/riscv-none-embed/8.2.0/../../../../riscv-none-embed/lib/rv32imac/ilp32\libnosys.a
END GROUP

.init           0x0000000000000000        0x4
                0x0000000000000000                _sinit = .
                0x0000000000000000                . = ALIGN (0x4)
 *(SORT_NONE(.init))
 .init          0x0000000000000000        0x4 ./Startup/startup_CH583.o
                0x0000000000000000                _start
                0x0000000000000004                . = ALIGN (0x4)
                0x0000000000000004                _einit = .

.highcodelalign
                0x0000000000000004        0x0
                0x0000000000000004                . = ALIGN (0x4)
                0x0000000000000004                PROVIDE (_highcode_lma = .)

.highcode       0x0000000020000000     0x204c load address 0x0000000000000004
                0x0000000020000000                . = ALIGN (0x4)
                0x0000000020000000                PROVIDE (_highcode_vma_start = .)
 *(.vector)
 .vector        0x0000000020000000       0x90 ./Startup/startup_CH583.o
 *(SORT_NONE(.vector_handler))
 .vector_handler
                0x0000000020000090       0x36 ./Startup/startup_CH583.o
                0x0000000020000090                NMI_Handler
                0x0000000020000094                Ecall_M_Mode_Handler
                0x0000000020000096                Ecall_U_Mode_Handler
                0x0000000020000098                Break_Point_Handler
                0x000000002000009a                SysTick_Handler
                0x000000002000009c                SW_Handler
                0x000000002000009e                TMR0_IRQHandler
                0x00000000200000a0                GPIOA_IRQHandler
                0x00000000200000a2                GPIOB_IRQHandler
                0x00000000200000a4                SPI0_IRQHandler
                0x00000000200000a6                BB_IRQHandler
                0x00000000200000a8                LLE_IRQHandler
                0x00000000200000aa                USB_IRQHandler
                0x00000000200000ac                USB2_IRQHandler
                0x00000000200000ae                TMR1_IRQHandler
                0x00000000200000b0                TMR2_IRQHandler
                0x00000000200000b2                UART0_IRQHandler
                0x00000000200000b4                UART1_IRQHandler
                0x00000000200000b8                ADC_IRQHandler
                0x00000000200000ba                I2C_IRQHandler
                0x00000000200000bc                PWMX_IRQHandler
                0x00000000200000be                TMR3_IRQHandler
                0x00000000200000c0                UART2_IRQHandler
                0x00000000200000c2                UART3_IRQHandler
                0x00000000200000c4                WDOG_BAT_IRQHandler
 *(.highcode)
 .highcode      0x00000000200000c6      0x22c ./StdPeriphDriver/CH58x_sys.o
                0x00000000200000c6                SetSysClock
                0x000000002000023a                SYS_ResetExecute
                0x0000000020000276                HardFault_Handler
                0x00000000200002bc                mDelayuS
                0x00000000200002ca                mDelaymS
 .highcode      0x00000000200002f2       0x16 ./HAL/RTC.o
                0x00000000200002f2                RTC_IRQHandler
 .highcode      0x0000000020000308        0x8 ./APP/central_main.o
                0x0000000020000308                Main_Circulation
 .highcode      0x0000000020000310      0x426 C:\Users\OWNER\Desktop\CH583EVT\EVT\EXAM\SRC\StdPeriphDriver\libISP583.a(ISP583.o)
                0x0000000020000310                FLASH_ROM_BEG
                0x0000000020000322                FLASH_ROM_END
                0x0000000020000330                FLASH_ROM_IN
                0x000000002000033e                FLASH_ROM_OUT
                0x000000002000034c                FLASH_ROM_ADDR
                0x0000000020000394                FLASH_ROM_WAIT
                0x00000000200003cc                FLASH_EEPROM_CMD
 .highcode      0x0000000020000736      0x44c C:\Users\OWNER\Desktop\CH583EVT\EVT\EXAM\BLE\LIB\libCH58xBLE.a(tmos.o)
                0x0000000020000736                tmos_memcpy
                0x0000000020000756                tmos_memcpy_word
                0x000000002000076e                tmos_memset
                0x0000000020000780                tmos_strlen
                0x0000000020000794                tmos_memdup
                0x00000000200007c6                tmos_memcmp
                0x00000000200007f4                tmos_revmemcpy
                0x0000000020000810                tmos_isbufset
                0x0000000020000832                tmos_proces_system_time
                0x000000002000097c                TMOS_SystemProcess
 .highcode      0x0000000020000b82       0x4c C:\Users\OWNER\Desktop\CH583EVT\EVT\EXAM\BLE\LIB\libCH58xBLE.a(tmos_hw.o)
                0x0000000020000bcc                TMOS_TimerIRQHandler
 .highcode      0x0000000020000bce      0x2c8 C:\Users\OWNER\Desktop\CH583EVT\EVT\EXAM\BLE\LIB\libCH58xBLE.a(ll_connect.o)
                0x0000000020000bce                ll_connect_send_data
                0x0000000020000cf6                ll_connect_recv_data
                0x0000000020000dd6                ll_connect_event_continue
 .highcode      0x0000000020000e96      0x310 C:\Users\OWNER\Desktop\CH583EVT\EVT\EXAM\BLE\LIB\libCH58xBLE.a(ll_hop.o)
                0x0000000020000e96                LL_HopGetChannel
                0x0000000020000f3c                LL_HopGetChannel2
 .highcode      0x00000000200011a6       0xa4 C:\Users\OWNER\Desktop\CH583EVT\EVT\EXAM\BLE\LIB\libCH58xBLE.a(ll_scan.o)
                0x00000000200011a6                ll_scan_duplicate_filter
 .highcode      0x000000002000124a       0x50 C:\Users\OWNER\Desktop\CH583EVT\EVT\EXAM\BLE\LIB\libCH58xBLE.a(ll_whitelist.o)
                0x000000002000124a                LL_WhitelistLookup
 .highcode      0x000000002000129a      0x1e0 C:\Users\OWNER\Desktop\CH583EVT\EVT\EXAM\BLE\LIB\libCH58xBLE.a(aes.o)
                0x000000002000129a                AES_DevAESEnc
 .highcode      0x000000002000147a      0x14e C:\Users\OWNER\Desktop\CH583EVT\EVT\EXAM\BLE\LIB\libCH58xBLE.a(bb.o)
                0x000000002000147a                BB_IRQLibHandler
 .highcode      0x00000000200015c8      0x3dc C:\Users\OWNER\Desktop\CH583EVT\EVT\EXAM\BLE\LIB\libCH58xBLE.a(ip.o)
                0x00000000200015c8                ll_rx_wait_finish
                0x0000000020001606                ble_ll_chkcrc
                0x00000000200016a8                ll_tx_wait_finish
                0x00000000200017cc                BLE_CheckHoppingMap
 .highcode      0x00000000200019a4      0x212 C:\Users\OWNER\Desktop\CH583EVT\EVT\EXAM\BLE\LIB\libCH58xBLE.a(lle.o)
                0x00000000200019a4                LLE_IRQLibHandler
 .highcode      0x0000000020001bb6      0x1d2 C:\Users\OWNER\Desktop\CH583EVT\EVT\EXAM\BLE\LIB\libCH58xBLE.a(rf_fh.o)
                0x0000000020001bb6                RF_HopGetChannel
                0x0000000020001c38                RF_FrequencyHoppingGet
                0x0000000020001cee                RF_FrequencyHoppingChange
 .highcode      0x0000000020001d88       0x30 C:\Users\OWNER\Desktop\CH583EVT\EVT\EXAM\BLE\LIB\libCH58xBLE.a(rfend.o)
                0x0000000020001d88                RFEND_WaitTune
 .highcode      0x0000000020001db8      0x1ba C:\Users\OWNER\Desktop\CH583EVT\EVT\EXAM\BLE\LIB\libCH58xBLE.a(memory.o)
                0x0000000020001db8                tmos_memory_allocate
                0x0000000020001e8a                tmos_memory_free
 .highcode      0x0000000020001f72       0xd8 C:\Users\OWNER\Desktop\CH583EVT\EVT\EXAM\BLE\LIB\libCH58xBLE.a(ll_resolvinglist.o)
                0x0000000020001f72                LL_ResolvinglistPeerIdentifyAddressGetIrk
                0x0000000020001fc6                LL_ResolvinglistPeerRpaAddressGetIrk
                0x0000000020002008                LL_ResolvinglistLocalRpaAddressGetIrk
 *(.highcode.*)
                0x000000002000204c                . = ALIGN (0x4)
 *fill*         0x000000002000204a        0x2 
                0x000000002000204c                PROVIDE (_highcode_vma_end = .)

.text           0x0000000000002050    0x23fa8
                0x0000000000002050                . = ALIGN (0x4)
 *(SORT_NONE(.handle_reset))
 .handle_reset  0x0000000000002050       0xae ./Startup/startup_CH583.o
                0x0000000000002050                handle_reset
 *(.text)
 .text          0x00000000000020fe       0xa8 c:/users/owner/mounriver/mounriver_studio/toolchain/risc-v embedded gcc/bin/../lib/gcc/riscv-none-embed/8.2.0/../../../../riscv-none-embed/lib/rv32imac/ilp32\libg_nano.a(lib_a-memset.o)
                0x00000000000020fe                memset
 *(.text.*)
 .text.ADC_InterTSSampInit
                0x00000000000021a6       0x28 ./StdPeriphDriver/CH58x_adc.o
                0x00000000000021a6                ADC_InterTSSampInit
 .text.RTC_InitTime
                0x00000000000021ce      0x18e ./StdPeriphDriver/CH58x_clk.o
                0x00000000000021ce                RTC_InitTime
 .text.GPIOA_ModeCfg
                0x000000000000235c       0xa6 ./StdPeriphDriver/CH58x_gpio.o
                0x000000000000235c                GPIOA_ModeCfg
 .text.GPIOB_ModeCfg
                0x0000000000002402       0xa6 ./StdPeriphDriver/CH58x_gpio.o
                0x0000000000002402                GPIOB_ModeCfg
 .text.GetSysClock
                0x00000000000024a8       0x42 ./StdPeriphDriver/CH58x_sys.o
                0x00000000000024a8                GetSysClock
 .text.SYS_GetSysTickCnt
                0x00000000000024ea        0xa ./StdPeriphDriver/CH58x_sys.o
                0x00000000000024ea                SYS_GetSysTickCnt
 .text._write   0x00000000000024f4       0x28 ./StdPeriphDriver/CH58x_sys.o
                0x00000000000024f4                _write
 .text.UART1_BaudRateCfg
                0x000000000000251c       0x30 ./StdPeriphDriver/CH58x_uart1.o
                0x000000000000251c                UART1_BaudRateCfg
 .text.UART1_DefInit
                0x000000000000254c       0x32 ./StdPeriphDriver/CH58x_uart1.o
                0x000000000000254c                UART1_DefInit
 .text.Lib_Read_Flash
                0x000000000000257e       0x1c ./HAL/MCU.o
                0x000000000000257e                Lib_Read_Flash
 .text.Lib_Write_Flash
                0x000000000000259a       0x40 ./HAL/MCU.o
                0x000000000000259a                Lib_Write_Flash
 .text.HAL_GetInterTempValue
                0x00000000000025da       0x70 ./HAL/MCU.o
                0x00000000000025da                HAL_GetInterTempValue
 .text.HAL_ProcessEvent
                0x000000000000264a       0x7c ./HAL/MCU.o
                0x000000000000264a                HAL_ProcessEvent
 .text.CH58X_BLEInit
                0x00000000000026c6      0x11e ./HAL/MCU.o
                0x00000000000026c6                CH58X_BLEInit
 .text.HAL_Init
                0x00000000000027e4       0x34 ./HAL/MCU.o
                0x00000000000027e4                HAL_Init
 .text.HAL_TimeInit
                0x0000000000002818       0x46 ./HAL/RTC.o
                0x0000000000002818                HAL_TimeInit
 .text.centralRssiCB
                0x000000000000285e       0x10 ./APP/central.o
 .text.centralHciMTUChangeCB
                0x000000000000286e       0x32 ./APP/central.o
 .text.centralPasscodeCB
                0x00000000000028a0       0x3e ./APP/central.o
 .text.centralPairStateCB
                0x00000000000028de       0x5a ./APP/central.o
 .text.centralAddDeviceInfo
                0x0000000000002938       0x80 ./APP/central.o
 .text.centralEventCB
                0x00000000000029b8      0x1f0 ./APP/central.o
 .text.Central_ProcessEvent
                0x0000000000002ba8      0x4da ./APP/central.o
                0x0000000000002ba8                Central_ProcessEvent
 .text.Central_Init
                0x0000000000003082       0xb6 ./APP/central.o
                0x0000000000003082                Central_Init
 .text.startup.main
                0x0000000000003138       0x50 ./APP/central_main.o
                0x0000000000003138                main
 .text.tmos_msg_enqueue
                0x0000000000003188       0x1e C:\Users\OWNER\Desktop\CH583EVT\EVT\EXAM\BLE\LIB\libCH58xBLE.a(message.o)
                0x0000000000003188                tmos_msg_enqueue
 .text.tmos_msg_deallocate
                0x00000000000031a6       0x2c C:\Users\OWNER\Desktop\CH583EVT\EVT\EXAM\BLE\LIB\libCH58xBLE.a(message.o)
                0x00000000000031a6                tmos_msg_deallocate
 .text.tmos_msg_allocate
                0x00000000000031d2       0x46 C:\Users\OWNER\Desktop\CH583EVT\EVT\EXAM\BLE\LIB\libCH58xBLE.a(message.o)
                0x00000000000031d2                tmos_msg_allocate
 .text.tmos_msg_receive
                0x0000000000003218       0x72 C:\Users\OWNER\Desktop\CH583EVT\EVT\EXAM\BLE\LIB\libCH58xBLE.a(message.o)
                0x0000000000003218                tmos_msg_receive
 .text.tmos_msg_send
                0x000000000000328a       0x60 C:\Users\OWNER\Desktop\CH583EVT\EVT\EXAM\BLE\LIB\libCH58xBLE.a(message.o)
                0x000000000000328a                tmos_msg_send
 .text.tmos_msg_init
                0x00000000000032ea        0xa C:\Users\OWNER\Desktop\CH583EVT\EVT\EXAM\BLE\LIB\libCH58xBLE.a(message.o)
                0x00000000000032ea                tmos_msg_init
 .text.tmosFindTask
                0x00000000000032f4       0x24 C:\Users\OWNER\Desktop\CH583EVT\EVT\EXAM\BLE\LIB\libCH58xBLE.a(tmos.o)
 .text.TMOS_CB_PeriodicProcessEvent
                0x0000000000003318       0x86 C:\Users\OWNER\Desktop\CH583EVT\EVT\EXAM\BLE\LIB\libCH58xBLE.a(tmos.o)
                0x0000000000003318                TMOS_CB_PeriodicProcessEvent
 .text.TMOS_CB_ProcessEvent
                0x000000000000339e       0x80 C:\Users\OWNER\Desktop\CH583EVT\EVT\EXAM\BLE\LIB\libCH58xBLE.a(tmos.o)
                0x000000000000339e                TMOS_CB_ProcessEvent
 .text.tmos_rand
                0x000000000000341e       0x52 C:\Users\OWNER\Desktop\CH583EVT\EVT\EXAM\BLE\LIB\libCH58xBLE.a(tmos.o)
                0x000000000000341e                tmos_rand
 .text.tmos_proces_sleep
                0x0000000000003470      0x132 C:\Users\OWNER\Desktop\CH583EVT\EVT\EXAM\BLE\LIB\libCH58xBLE.a(tmos.o)
                0x0000000000003470                tmos_proces_sleep
 .text.tmos_start_periodic_callback_task
                0x00000000000035a2       0xfc C:\Users\OWNER\Desktop\CH583EVT\EVT\EXAM\BLE\LIB\libCH58xBLE.a(tmos.o)
                0x00000000000035a2                tmos_start_periodic_callback_task
 .text.tmos_set_event
                0x000000000000369e       0x2e C:\Users\OWNER\Desktop\CH583EVT\EVT\EXAM\BLE\LIB\libCH58xBLE.a(tmos.o)
                0x000000000000369e                tmos_set_event
 .text.tmos_clear_event
                0x00000000000036cc       0x32 C:\Users\OWNER\Desktop\CH583EVT\EVT\EXAM\BLE\LIB\libCH58xBLE.a(tmos.o)
                0x00000000000036cc                tmos_clear_event
 .text.tmos_update_callback_timer
                0x00000000000036fe       0xc0 C:\Users\OWNER\Desktop\CH583EVT\EVT\EXAM\BLE\LIB\libCH58xBLE.a(tmos.o)
                0x00000000000036fe                tmos_update_callback_timer
 .text.tmos_start_task
                0x00000000000037be      0x11e C:\Users\OWNER\Desktop\CH583EVT\EVT\EXAM\BLE\LIB\libCH58xBLE.a(tmos.o)
                0x00000000000037be                tmos_start_task
 .text.tmos_start_callback_task
                0x00000000000038dc       0x98 C:\Users\OWNER\Desktop\CH583EVT\EVT\EXAM\BLE\LIB\libCH58xBLE.a(tmos.o)
                0x00000000000038dc                tmos_start_callback_task
 .text.tmos_start_reload_task
                0x0000000000003974       0x56 C:\Users\OWNER\Desktop\CH583EVT\EVT\EXAM\BLE\LIB\libCH58xBLE.a(tmos.o)
                0x0000000000003974                tmos_start_reload_task
 .text.tmos_stop_task
                0x00000000000039ca       0x50 C:\Users\OWNER\Desktop\CH583EVT\EVT\EXAM\BLE\LIB\libCH58xBLE.a(tmos.o)
                0x00000000000039ca                tmos_stop_task
 .text.tmos_stop_callback_task
                0x0000000000003a1a       0x5a C:\Users\OWNER\Desktop\CH583EVT\EVT\EXAM\BLE\LIB\libCH58xBLE.a(tmos.o)
                0x0000000000003a1a                tmos_stop_callback_task
 .text.tmos_get_task_timer
                0x0000000000003a74       0x6c C:\Users\OWNER\Desktop\CH583EVT\EVT\EXAM\BLE\LIB\libCH58xBLE.a(tmos.o)
                0x0000000000003a74                tmos_get_task_timer
 .text.TMOS_TimerRegister
                0x0000000000003ae0       0x1e C:\Users\OWNER\Desktop\CH583EVT\EVT\EXAM\BLE\LIB\libCH58xBLE.a(tmos.o)
                0x0000000000003ae0                TMOS_TimerRegister
 .text.TMOS_ProcessRegister
                0x0000000000003afe       0x16 C:\Users\OWNER\Desktop\CH583EVT\EVT\EXAM\BLE\LIB\libCH58xBLE.a(tmos.o)
                0x0000000000003afe                TMOS_ProcessRegister
 .text.TMOS_Init
                0x0000000000003b14      0x12e C:\Users\OWNER\Desktop\CH583EVT\EVT\EXAM\BLE\LIB\libCH58xBLE.a(tmos.o)
                0x0000000000003b14                TMOS_Init
 .text.TMOS_ProcessEventRegister
                0x0000000000003c42       0x3c C:\Users\OWNER\Desktop\CH583EVT\EVT\EXAM\BLE\LIB\libCH58xBLE.a(tmos.o)
                0x0000000000003c42                TMOS_ProcessEventRegister
 .text.BLE_LibInit
                0x0000000000003c7e      0x172 C:\Users\OWNER\Desktop\CH583EVT\EVT\EXAM\BLE\LIB\libCH58xBLE.a(tmos.o)
                0x0000000000003c7e                BLE_LibInit
 .text.clockGetTickValve
                0x0000000000003df0       0x70 C:\Users\OWNER\Desktop\CH583EVT\EVT\EXAM\BLE\LIB\libCH58xBLE.a(tmos_hw.o)
 .text.ll_get_sca_divisor
                0x0000000000003e60       0x40 C:\Users\OWNER\Desktop\CH583EVT\EVT\EXAM\BLE\LIB\libCH58xBLE.a(tmos_hw.o)
                0x0000000000003e60                ll_get_sca_divisor
 .text.ll_get_sca_own
                0x0000000000003ea0       0x46 C:\Users\OWNER\Desktop\CH583EVT\EVT\EXAM\BLE\LIB\libCH58xBLE.a(tmos_hw.o)
                0x0000000000003ea0                ll_get_sca_own
 .text.ble_ll_common_rand8
                0x0000000000003ee6       0x24 C:\Users\OWNER\Desktop\CH583EVT\EVT\EXAM\BLE\LIB\libCH58xBLE.a(tmos_hw.o)
                0x0000000000003ee6                ble_ll_common_rand8
 .text.ble_ll_common_rand16
                0x0000000000003f0a       0x24 C:\Users\OWNER\Desktop\CH583EVT\EVT\EXAM\BLE\LIB\libCH58xBLE.a(tmos_hw.o)
                0x0000000000003f0a                ble_ll_common_rand16
 .text.ble_ll_common_rand32
                0x0000000000003f2e       0x20 C:\Users\OWNER\Desktop\CH583EVT\EVT\EXAM\BLE\LIB\libCH58xBLE.a(tmos_hw.o)
                0x0000000000003f2e                ble_ll_common_rand32
 .text.TMOS_TempSample
                0x0000000000003f4e       0x62 C:\Users\OWNER\Desktop\CH583EVT\EVT\EXAM\BLE\LIB\libCH58xBLE.a(tmos_hw.o)
                0x0000000000003f4e                TMOS_TempSample
 .text.TMOS_TimerInit
                0x0000000000003fb0       0xc8 C:\Users\OWNER\Desktop\CH583EVT\EVT\EXAM\BLE\LIB\libCH58xBLE.a(tmos_hw.o)
                0x0000000000003fb0                TMOS_TimerInit
 .text.tmos_snv_init
                0x0000000000004078       0xc0 C:\Users\OWNER\Desktop\CH583EVT\EVT\EXAM\BLE\LIB\libCH58xBLE.a(tmos_snv.o)
                0x0000000000004078                tmos_snv_init
 .text.tmos_snv_clear
                0x0000000000004138       0xb2 C:\Users\OWNER\Desktop\CH583EVT\EVT\EXAM\BLE\LIB\libCH58xBLE.a(tmos_snv.o)
                0x0000000000004138                tmos_snv_clear
 .text.tmos_snv_read
                0x00000000000041ea      0x292 C:\Users\OWNER\Desktop\CH583EVT\EVT\EXAM\BLE\LIB\libCH58xBLE.a(tmos_snv.o)
                0x00000000000041ea                tmos_snv_read
 .text.tmos_snv_notify
                0x000000000000447c       0x5a C:\Users\OWNER\Desktop\CH583EVT\EVT\EXAM\BLE\LIB\libCH58xBLE.a(tmos_snv.o)
                0x000000000000447c                tmos_snv_notify
 .text.tmos_snv_write
                0x00000000000044d6      0x2ce C:\Users\OWNER\Desktop\CH583EVT\EVT\EXAM\BLE\LIB\libCH58xBLE.a(tmos_snv.o)
                0x00000000000044d6                tmos_snv_write
 .text.tmos_snv_compact
                0x00000000000047a4        0x4 C:\Users\OWNER\Desktop\CH583EVT\EVT\EXAM\BLE\LIB\libCH58xBLE.a(tmos_snv.o)
                0x00000000000047a4                tmos_snv_compact
 .text.disconnectNext
                0x00000000000047a8       0x22 C:\Users\OWNER\Desktop\CH583EVT\EVT\EXAM\BLE\LIB\libCH58xBLE.a(gap.o)
 .text.GAP_ParamInit
                0x00000000000047ca      0x14e C:\Users\OWNER\Desktop\CH583EVT\EVT\EXAM\BLE\LIB\libCH58xBLE.a(gap.o)
                0x00000000000047ca                GAP_ParamInit
 .text.sendTerminateEvent
                0x0000000000004918       0x58 C:\Users\OWNER\Desktop\CH583EVT\EVT\EXAM\BLE\LIB\libCH58xBLE.a(gap.o)
                0x0000000000004918                sendTerminateEvent
 .text.gapRegisterCentral
                0x0000000000004970        0x6 C:\Users\OWNER\Desktop\CH583EVT\EVT\EXAM\BLE\LIB\libCH58xBLE.a(gap.o)
                0x0000000000004970                gapRegisterCentral
 .text.gapRegisterCentralConn
                0x0000000000004976        0x6 C:\Users\OWNER\Desktop\CH583EVT\EVT\EXAM\BLE\LIB\libCH58xBLE.a(gap.o)
                0x0000000000004976                gapRegisterCentralConn
 .text.gapRegisterPeripheral
                0x000000000000497c        0x6 C:\Users\OWNER\Desktop\CH583EVT\EVT\EXAM\BLE\LIB\libCH58xBLE.a(gap.o)
                0x000000000000497c                gapRegisterPeripheral
 .text.gapRegisterPeripheralConn
                0x0000000000004982        0x6 C:\Users\OWNER\Desktop\CH583EVT\EVT\EXAM\BLE\LIB\libCH58xBLE.a(gap.o)
                0x0000000000004982                gapRegisterPeripheralConn
 .text.smGenerateRandBuf
                0x0000000000004988       0x56 C:\Users\OWNER\Desktop\CH583EVT\EVT\EXAM\BLE\LIB\libCH58xBLE.a(gap.o)
                0x0000000000004988                smGenerateRandBuf
 .text.gapL2capConnParamUpdateReq
                0x00000000000049de       0x36 C:\Users\OWNER\Desktop\CH583EVT\EVT\EXAM\BLE\LIB\libCH58xBLE.a(gap.o)
                0x00000000000049de                gapL2capConnParamUpdateReq
 .text.gapValidADType
                0x0000000000004a14       0x16 C:\Users\OWNER\Desktop\CH583EVT\EVT\EXAM\BLE\LIB\libCH58xBLE.a(gap.o)
                0x0000000000004a14                gapValidADType
 .text.gapFindADType
                0x0000000000004a2a       0x92 C:\Users\OWNER\Desktop\CH583EVT\EVT\EXAM\BLE\LIB\libCH58xBLE.a(gap.o)
                0x0000000000004a2a                gapFindADType
 .text.GAP_SecParamsInit
                0x0000000000004abc       0xaa C:\Users\OWNER\Desktop\CH583EVT\EVT\EXAM\BLE\LIB\libCH58xBLE.a(gap.o)
                0x0000000000004abc                GAP_SecParamsInit
 .text.GAP_ParamsInit
                0x0000000000004b66       0x50 C:\Users\OWNER\Desktop\CH583EVT\EVT\EXAM\BLE\LIB\libCH58xBLE.a(gap.o)
                0x0000000000004b66                GAP_ParamsInit
 .text.gapAddAddrAdj
                0x0000000000004bb6       0x48 C:\Users\OWNER\Desktop\CH583EVT\EVT\EXAM\BLE\LIB\libCH58xBLE.a(gap.o)
                0x0000000000004bb6                gapAddAddrAdj
 .text.gapDetermineAddrType
                0x0000000000004bfe       0x28 C:\Users\OWNER\Desktop\CH583EVT\EVT\EXAM\BLE\LIB\libCH58xBLE.a(gap.o)
                0x0000000000004bfe                gapDetermineAddrType
 .text.gapFreeAuthLink
                0x0000000000004c26       0x4a C:\Users\OWNER\Desktop\CH583EVT\EVT\EXAM\BLE\LIB\libCH58xBLE.a(gap.o)
                0x0000000000004c26                gapFreeAuthLink
 .text.gapGetDevAddress
                0x0000000000004c70       0x24 C:\Users\OWNER\Desktop\CH583EVT\EVT\EXAM\BLE\LIB\libCH58xBLE.a(gap.o)
                0x0000000000004c70                gapGetDevAddress
 .text.gapGetDevAddressMode
                0x0000000000004c94        0xa C:\Users\OWNER\Desktop\CH583EVT\EVT\EXAM\BLE\LIB\libCH58xBLE.a(gap.o)
                0x0000000000004c94                gapGetDevAddressMode
 .text.gapGetIRK
                0x0000000000004c9e        0xc C:\Users\OWNER\Desktop\CH583EVT\EVT\EXAM\BLE\LIB\libCH58xBLE.a(gap.o)
                0x0000000000004c9e                gapGetIRK
 .text.gapGetSRK
                0x0000000000004caa        0xc C:\Users\OWNER\Desktop\CH583EVT\EVT\EXAM\BLE\LIB\libCH58xBLE.a(gap.o)
                0x0000000000004caa                gapGetSRK
 .text.gapGetSignCounter
                0x0000000000004cb6        0xe C:\Users\OWNER\Desktop\CH583EVT\EVT\EXAM\BLE\LIB\libCH58xBLE.a(gap.o)
                0x0000000000004cb6                gapGetSignCounter
 .text.gapIncSignCounter
                0x0000000000004cc4       0x28 C:\Users\OWNER\Desktop\CH583EVT\EVT\EXAM\BLE\LIB\libCH58xBLE.a(gap.o)
                0x0000000000004cc4                gapIncSignCounter
 .text.gapProcessConnEvt
                0x0000000000004cec       0x48 C:\Users\OWNER\Desktop\CH583EVT\EVT\EXAM\BLE\LIB\libCH58xBLE.a(gap.o)
                0x0000000000004cec                gapProcessConnEvt
 .text.gapProcessDisconnectCompleteEvt
                0x0000000000004d34       0xa6 C:\Users\OWNER\Desktop\CH583EVT\EVT\EXAM\BLE\LIB\libCH58xBLE.a(gap.o)
                0x0000000000004d34                gapProcessDisconnectCompleteEvt
 .text.sendAuthEvent
                0x0000000000004dda      0x11e C:\Users\OWNER\Desktop\CH583EVT\EVT\EXAM\BLE\LIB\libCH58xBLE.a(gap.o)
                0x0000000000004dda                sendAuthEvent
 .text.gapSendBondCompleteEvent
                0x0000000000004ef8       0x74 C:\Users\OWNER\Desktop\CH583EVT\EVT\EXAM\BLE\LIB\libCH58xBLE.a(gap.o)
                0x0000000000004ef8                gapSendBondCompleteEvent
 .text.gapSendPairingReqEvent
                0x0000000000004f6c       0x96 C:\Users\OWNER\Desktop\CH583EVT\EVT\EXAM\BLE\LIB\libCH58xBLE.a(gap.o)
                0x0000000000004f6c                gapSendPairingReqEvent
 .text.gapSendSlaveSecurityReqEvent
                0x0000000000005002       0x68 C:\Users\OWNER\Desktop\CH583EVT\EVT\EXAM\BLE\LIB\libCH58xBLE.a(gap.o)
                0x0000000000005002                gapSendSlaveSecurityReqEvent
 .text.gapSendDeviceInitDoneEvent
                0x000000000000506a       0x88 C:\Users\OWNER\Desktop\CH583EVT\EVT\EXAM\BLE\LIB\libCH58xBLE.a(gap.o)
                0x000000000000506a                gapSendDeviceInitDoneEvent
 .text.gapSendLinkUpdateEvent
                0x00000000000050f2       0xb2 C:\Users\OWNER\Desktop\CH583EVT\EVT\EXAM\BLE\LIB\libCH58xBLE.a(gap.o)
                0x00000000000050f2                gapSendLinkUpdateEvent
 .text.gapSendPhyUpdateEvent
                0x00000000000051a4       0x58 C:\Users\OWNER\Desktop\CH583EVT\EVT\EXAM\BLE\LIB\libCH58xBLE.a(gap.o)
                0x00000000000051a4                gapSendPhyUpdateEvent
 .text.gapSendEstLinkEvent
                0x00000000000051fc       0xbc C:\Users\OWNER\Desktop\CH583EVT\EVT\EXAM\BLE\LIB\libCH58xBLE.a(gap.o)
                0x00000000000051fc                gapSendEstLinkEvent
 .text.gapProcessNewAddr
                0x00000000000052b8       0x3e C:\Users\OWNER\Desktop\CH583EVT\EVT\EXAM\BLE\LIB\libCH58xBLE.a(gap.o)
                0x00000000000052b8                gapProcessNewAddr
 .text.gapProcessRandomAddrComplete
                0x00000000000052f6       0xb6 C:\Users\OWNER\Desktop\CH583EVT\EVT\EXAM\BLE\LIB\libCH58xBLE.a(gap.o)
                0x00000000000052f6                gapProcessRandomAddrComplete
 .text.GAP_Authenticate
                0x00000000000053ac       0xde C:\Users\OWNER\Desktop\CH583EVT\EVT\EXAM\BLE\LIB\libCH58xBLE.a(gap.o)
                0x00000000000053ac                GAP_Authenticate
 .text.GAP_Bond
                0x000000000000548a       0xaa C:\Users\OWNER\Desktop\CH583EVT\EVT\EXAM\BLE\LIB\libCH58xBLE.a(gap.o)
                0x000000000000548a                GAP_Bond
 .text.GAP_GetParamValue
                0x0000000000005534       0x20 C:\Users\OWNER\Desktop\CH583EVT\EVT\EXAM\BLE\LIB\libCH58xBLE.a(gap.o)
                0x0000000000005534                GAP_GetParamValue
 .text.GAP_PasscodeUpdate
                0x0000000000005554       0x54 C:\Users\OWNER\Desktop\CH583EVT\EVT\EXAM\BLE\LIB\libCH58xBLE.a(gap.o)
                0x0000000000005554                GAP_PasscodeUpdate
 .text.GAP_RegisterForMsgs
                0x00000000000055a8        0xa C:\Users\OWNER\Desktop\CH583EVT\EVT\EXAM\BLE\LIB\libCH58xBLE.a(gap.o)
                0x00000000000055a8                GAP_RegisterForMsgs
 .text.GAP_ResolvePrivateAddr
                0x00000000000055b2        0x4 C:\Users\OWNER\Desktop\CH583EVT\EVT\EXAM\BLE\LIB\libCH58xBLE.a(gap.o)
                0x00000000000055b2                GAP_ResolvePrivateAddr
 .text.gapPairingCompleteCB
                0x00000000000055b6      0x18c C:\Users\OWNER\Desktop\CH583EVT\EVT\EXAM\BLE\LIB\libCH58xBLE.a(gap.o)
                0x00000000000055b6                gapPairingCompleteCB
 .text.gapPasskeyNeededCB
                0x0000000000005742       0x8e C:\Users\OWNER\Desktop\CH583EVT\EVT\EXAM\BLE\LIB\libCH58xBLE.a(gap.o)
                0x0000000000005742                gapPasskeyNeededCB
 .text.gapFreeEstLink
                0x00000000000057d0       0x20 C:\Users\OWNER\Desktop\CH583EVT\EVT\EXAM\BLE\LIB\libCH58xBLE.a(gap.o)
                0x00000000000057d0                gapFreeEstLink
 .text.gapUpdateConnSignCounter
                0x00000000000057f0       0x7a C:\Users\OWNER\Desktop\CH583EVT\EVT\EXAM\BLE\LIB\libCH58xBLE.a(gap.o)
                0x00000000000057f0                gapUpdateConnSignCounter
 .text.GAP_SendSlaveSecurityRequest
                0x000000000000586a       0x4c C:\Users\OWNER\Desktop\CH583EVT\EVT\EXAM\BLE\LIB\libCH58xBLE.a(gap.o)
                0x000000000000586a                GAP_SendSlaveSecurityRequest
 .text.GAP_Signable
                0x00000000000058b6       0x6a C:\Users\OWNER\Desktop\CH583EVT\EVT\EXAM\BLE\LIB\libCH58xBLE.a(gap.o)
                0x00000000000058b6                GAP_Signable
 .text.GAP_TerminateAuth
                0x0000000000005920       0x2a C:\Users\OWNER\Desktop\CH583EVT\EVT\EXAM\BLE\LIB\libCH58xBLE.a(gap.o)
                0x0000000000005920                GAP_TerminateAuth
 .text.GAP_NumActiveConnections
                0x000000000000594a        0x4 C:\Users\OWNER\Desktop\CH583EVT\EVT\EXAM\BLE\LIB\libCH58xBLE.a(gap.o)
                0x000000000000594a                GAP_NumActiveConnections
 .text.GAP_TerminateLinkReq
                0x000000000000594e       0x8e C:\Users\OWNER\Desktop\CH583EVT\EVT\EXAM\BLE\LIB\libCH58xBLE.a(gap.o)
                0x000000000000594e                GAP_TerminateLinkReq
 .text.GAP_SetParamValue
                0x00000000000059dc       0x68 C:\Users\OWNER\Desktop\CH583EVT\EVT\EXAM\BLE\LIB\libCH58xBLE.a(gap.o)
                0x00000000000059dc                GAP_SetParamValue
 .text.GAP_Init
                0x0000000000005a44       0x48 C:\Users\OWNER\Desktop\CH583EVT\EVT\EXAM\BLE\LIB\libCH58xBLE.a(gap.o)
                0x0000000000005a44                GAP_Init
 .text.GAP_ProcessEvent
                0x0000000000005a8c      0x664 C:\Users\OWNER\Desktop\CH583EVT\EVT\EXAM\BLE\LIB\libCH58xBLE.a(gap.o)
                0x0000000000005a8c                GAP_ProcessEvent
 .text.gapSendScanEnable
                0x00000000000060f0       0x3a C:\Users\OWNER\Desktop\CH583EVT\EVT\EXAM\BLE\LIB\libCH58xBLE.a(gap_central.o)
 .text.gapCentProcessConnEvt
                0x000000000000612a      0x15c C:\Users\OWNER\Desktop\CH583EVT\EVT\EXAM\BLE\LIB\libCH58xBLE.a(gap_central.o)
                0x000000000000612a                gapCentProcessConnEvt
 .text.gapProcessScanningPeriodicAdvEvt
                0x0000000000006286       0xa0 C:\Users\OWNER\Desktop\CH583EVT\EVT\EXAM\BLE\LIB\libCH58xBLE.a(gap_central.o)
                0x0000000000006286                gapProcessScanningPeriodicAdvEvt
 .text.gapCancelLinkReq
                0x0000000000006326       0x38 C:\Users\OWNER\Desktop\CH583EVT\EVT\EXAM\BLE\LIB\libCH58xBLE.a(gap_central.o)
                0x0000000000006326                gapCancelLinkReq
 .text.gapProcessAdvertDevInfo
                0x000000000000635e      0x242 C:\Users\OWNER\Desktop\CH583EVT\EVT\EXAM\BLE\LIB\libCH58xBLE.a(gap_central.o)
                0x000000000000635e                gapProcessAdvertDevInfo
 .text.gapProcessExtAdvertDevInfo
                0x00000000000065a0      0x260 C:\Users\OWNER\Desktop\CH583EVT\EVT\EXAM\BLE\LIB\libCH58xBLE.a(gap_central.o)
                0x00000000000065a0                gapProcessExtAdvertDevInfo
 .text.gapProcessPeriodicAdvertisingSyncEstablishedEvt
                0x0000000000006800       0xae C:\Users\OWNER\Desktop\CH583EVT\EVT\EXAM\BLE\LIB\libCH58xBLE.a(gap_central.o)
                0x0000000000006800                gapProcessPeriodicAdvertisingSyncEstablishedEvt
 .text.gapProcessPeriodicAdvertisingSyncLostEvt
                0x00000000000068ae       0x56 C:\Users\OWNER\Desktop\CH583EVT\EVT\EXAM\BLE\LIB\libCH58xBLE.a(gap_central.o)
                0x00000000000068ae                gapProcessPeriodicAdvertisingSyncLostEvt
 .text.gapFreeScanRecs
                0x0000000000006904       0xa6 C:\Users\OWNER\Desktop\CH583EVT\EVT\EXAM\BLE\LIB\libCH58xBLE.a(gap_central.o)
                0x0000000000006904                gapFreeScanRecs
 .text.gapSendDevDiscEvent
                0x00000000000069aa      0x124 C:\Users\OWNER\Desktop\CH583EVT\EVT\EXAM\BLE\LIB\libCH58xBLE.a(gap_central.o)
                0x00000000000069aa                gapSendDevDiscEvent
 .text.gapSetScanParamStatus
                0x0000000000006ace       0x56 C:\Users\OWNER\Desktop\CH583EVT\EVT\EXAM\BLE\LIB\libCH58xBLE.a(gap_central.o)
 .text.gapCentProcessHCICmdEvt
                0x0000000000006b24       0x3c C:\Users\OWNER\Desktop\CH583EVT\EVT\EXAM\BLE\LIB\libCH58xBLE.a(gap_central.o)
                0x0000000000006b24                gapCentProcessHCICmdEvt
 .text.gapProcessScanningEvt
                0x0000000000006b60      0x10e C:\Users\OWNER\Desktop\CH583EVT\EVT\EXAM\BLE\LIB\libCH58xBLE.a(gap_central.o)
                0x0000000000006b60                gapProcessScanningEvt
 .text.gapProcessScanningDirectEvt
                0x0000000000006c6e       0xfe C:\Users\OWNER\Desktop\CH583EVT\EVT\EXAM\BLE\LIB\libCH58xBLE.a(gap_central.o)
                0x0000000000006c6e                gapProcessScanningDirectEvt
 .text.gapProcessScanningExtAdvEvt
                0x0000000000006d6c      0x26a C:\Users\OWNER\Desktop\CH583EVT\EVT\EXAM\BLE\LIB\libCH58xBLE.a(gap_central.o)
                0x0000000000006d6c                gapProcessScanningExtAdvEvt
 .text.GAP_DeviceDiscoveryRequest
                0x0000000000006fd6      0x120 C:\Users\OWNER\Desktop\CH583EVT\EVT\EXAM\BLE\LIB\libCH58xBLE.a(gap_central.o)
                0x0000000000006fd6                GAP_DeviceDiscoveryRequest
 .text.GAP_EstablishLinkReq
                0x00000000000070f6      0x28c C:\Users\OWNER\Desktop\CH583EVT\EVT\EXAM\BLE\LIB\libCH58xBLE.a(gap_central.o)
                0x00000000000070f6                GAP_EstablishLinkReq
 .text.GAP_CentConnRegister
                0x0000000000007382       0x1a C:\Users\OWNER\Desktop\CH583EVT\EVT\EXAM\BLE\LIB\libCH58xBLE.a(gap_central.o)
                0x0000000000007382                GAP_CentConnRegister
 .text.GAP_CentralParamInit
                0x000000000000739c       0x6e C:\Users\OWNER\Desktop\CH583EVT\EVT\EXAM\BLE\LIB\libCH58xBLE.a(gap_central.o)
                0x000000000000739c                GAP_CentralParamInit
 .text.GAP_CentDevMgrInit
                0x000000000000740a       0x9c C:\Users\OWNER\Desktop\CH583EVT\EVT\EXAM\BLE\LIB\libCH58xBLE.a(gap_central.o)
                0x000000000000740a                GAP_CentDevMgrInit
 .text.gapFreeAdvertState
                0x00000000000074a6       0x20 C:\Users\OWNER\Desktop\CH583EVT\EVT\EXAM\BLE\LIB\libCH58xBLE.a(gap_peripheral.o)
 .text.gapSetPeriodicAdvParams
                0x00000000000074c6       0x30 C:\Users\OWNER\Desktop\CH583EVT\EVT\EXAM\BLE\LIB\libCH58xBLE.a(gap_peripheral.o)
 .text.gapSetAdvParams
                0x00000000000074f6       0xfc C:\Users\OWNER\Desktop\CH583EVT\EVT\EXAM\BLE\LIB\libCH58xBLE.a(gap_peripheral.o)
 .text.gapPeriProcessConnEvt
                0x00000000000075f2       0xd0 C:\Users\OWNER\Desktop\CH583EVT\EVT\EXAM\BLE\LIB\libCH58xBLE.a(gap_peripheral.o)
 .text.gapWriteAdvDataStatus
                0x00000000000076c2       0x88 C:\Users\OWNER\Desktop\CH583EVT\EVT\EXAM\BLE\LIB\libCH58xBLE.a(gap_peripheral.o)
 .text.GAP_EndDiscoverable
                0x000000000000774a       0x66 C:\Users\OWNER\Desktop\CH583EVT\EVT\EXAM\BLE\LIB\libCH58xBLE.a(gap_peripheral.o)
                0x000000000000774a                GAP_EndDiscoverable
 .text.gapProcessAdvertisingEvt
                0x00000000000077b0      0x116 C:\Users\OWNER\Desktop\CH583EVT\EVT\EXAM\BLE\LIB\libCH58xBLE.a(gap_peripheral.o)
 .text.GAP_GetAdvertisingAdvData
                0x00000000000078c6       0x26 C:\Users\OWNER\Desktop\CH583EVT\EVT\EXAM\BLE\LIB\libCH58xBLE.a(gap_peripheral.o)
                0x00000000000078c6                GAP_GetAdvertisingAdvData
 .text.GAP_GetAdvertisingRspData
                0x00000000000078ec       0x34 C:\Users\OWNER\Desktop\CH583EVT\EVT\EXAM\BLE\LIB\libCH58xBLE.a(gap_peripheral.o)
                0x00000000000078ec                GAP_GetAdvertisingRspData
 .text.GAP_GetPeriodicAdvertisingData
                0x0000000000007920       0x34 C:\Users\OWNER\Desktop\CH583EVT\EVT\EXAM\BLE\LIB\libCH58xBLE.a(gap_peripheral.o)
                0x0000000000007920                GAP_GetPeriodicAdvertisingData
 .text.GAP_PeriConnRegister
                0x0000000000007954       0x2e C:\Users\OWNER\Desktop\CH583EVT\EVT\EXAM\BLE\LIB\libCH58xBLE.a(gap_peripheral.o)
                0x0000000000007954                GAP_PeriConnRegister
 .text.GAP_PeripheralParamInit
                0x0000000000007982       0x5e C:\Users\OWNER\Desktop\CH583EVT\EVT\EXAM\BLE\LIB\libCH58xBLE.a(gap_peripheral.o)
                0x0000000000007982                GAP_PeripheralParamInit
 .text.gapSendMakeDiscEvent
                0x00000000000079e0       0x50 C:\Users\OWNER\Desktop\CH583EVT\EVT\EXAM\BLE\LIB\libCH58xBLE.a(gap_peripheral.o)
                0x00000000000079e0                gapSendMakeDiscEvent
 .text.gapWriteAdvEnableStatus
                0x0000000000007a30      0x10e C:\Users\OWNER\Desktop\CH583EVT\EVT\EXAM\BLE\LIB\libCH58xBLE.a(gap_peripheral.o)
 .text.gapSendMakePeriodicEvent
                0x0000000000007b3e       0x3a C:\Users\OWNER\Desktop\CH583EVT\EVT\EXAM\BLE\LIB\libCH58xBLE.a(gap_peripheral.o)
                0x0000000000007b3e                gapSendMakePeriodicEvent
 .text.gapPeriProcessHCICmdCompleteEvt
                0x0000000000007b78      0x18e C:\Users\OWNER\Desktop\CH583EVT\EVT\EXAM\BLE\LIB\libCH58xBLE.a(gap_peripheral.o)
 .text.GAP_PeriDevMgrInit
                0x0000000000007d06       0x2e C:\Users\OWNER\Desktop\CH583EVT\EVT\EXAM\BLE\LIB\libCH58xBLE.a(gap_peripheral.o)
                0x0000000000007d06                GAP_PeriDevMgrInit
 .text.gattRead
                0x0000000000007d34       0x4c C:\Users\OWNER\Desktop\CH583EVT\EVT\EXAM\BLE\LIB\libCH58xBLE.a(gatt.o)
 .text.gattWrite.part.0
                0x0000000000007d80       0x4c C:\Users\OWNER\Desktop\CH583EVT\EVT\EXAM\BLE\LIB\libCH58xBLE.a(gatt.o)
 .text.gattReadByType
                0x0000000000007dcc       0x8c C:\Users\OWNER\Desktop\CH583EVT\EVT\EXAM\BLE\LIB\libCH58xBLE.a(gatt.o)
                0x0000000000007dcc                gattReadByType
 .text.gattGetPayload
                0x0000000000007e58       0x7e C:\Users\OWNER\Desktop\CH583EVT\EVT\EXAM\BLE\LIB\libCH58xBLE.a(gatt.o)
                0x0000000000007e58                gattGetPayload
 .text.gattNotifyEvent
                0x0000000000007ed6       0x84 C:\Users\OWNER\Desktop\CH583EVT\EVT\EXAM\BLE\LIB\libCH58xBLE.a(gatt.o)
                0x0000000000007ed6                gattNotifyEvent
 .text.gattSendFlowCtrlEvt
                0x0000000000007f5a       0x50 C:\Users\OWNER\Desktop\CH583EVT\EVT\EXAM\BLE\LIB\libCH58xBLE.a(gatt.o)
                0x0000000000007f5a                gattSendFlowCtrlEvt
 .text.gattStartTimer
                0x0000000000007faa        0xc C:\Users\OWNER\Desktop\CH583EVT\EVT\EXAM\BLE\LIB\libCH58xBLE.a(gatt.o)
                0x0000000000007faa                gattStartTimer
 .text.gattStopTimer
                0x0000000000007fb6       0x32 C:\Users\OWNER\Desktop\CH583EVT\EVT\EXAM\BLE\LIB\libCH58xBLE.a(gatt.o)
                0x0000000000007fb6                gattStopTimer
 .text.GATT_AppCompletedMsg
                0x0000000000007fe8       0x30 C:\Users\OWNER\Desktop\CH583EVT\EVT\EXAM\BLE\LIB\libCH58xBLE.a(gatt.o)
                0x0000000000007fe8                GATT_AppCompletedMsg
 .text.GATT_DiscAllChars
                0x0000000000008018       0x2a C:\Users\OWNER\Desktop\CH583EVT\EVT\EXAM\BLE\LIB\libCH58xBLE.a(gatt.o)
                0x0000000000008018                GATT_DiscAllChars
 .text.GATT_ExchangeMTU
                0x0000000000008042       0x4c C:\Users\OWNER\Desktop\CH583EVT\EVT\EXAM\BLE\LIB\libCH58xBLE.a(gatt.o)
                0x0000000000008042                GATT_ExchangeMTU
 .text.GATT_NotifyEvent
                0x000000000000808e       0x56 C:\Users\OWNER\Desktop\CH583EVT\EVT\EXAM\BLE\LIB\libCH58xBLE.a(gatt.o)
                0x000000000000808e                GATT_NotifyEvent
 .text.GATT_ReadCharValue
                0x00000000000080e4        0x4 C:\Users\OWNER\Desktop\CH583EVT\EVT\EXAM\BLE\LIB\libCH58xBLE.a(gatt.o)
                0x00000000000080e4                GATT_ReadCharValue
 .text.GATT_ReadUsingCharUUID
                0x00000000000080e8        0x8 C:\Users\OWNER\Desktop\CH583EVT\EVT\EXAM\BLE\LIB\libCH58xBLE.a(gatt.o)
                0x00000000000080e8                GATT_ReadUsingCharUUID
 .text.GATT_WriteCharValue
                0x00000000000080f0       0x12 C:\Users\OWNER\Desktop\CH583EVT\EVT\EXAM\BLE\LIB\libCH58xBLE.a(gatt.o)
                0x00000000000080f0                GATT_WriteCharValue
 .text.gattRegisterClient
                0x0000000000008102        0x6 C:\Users\OWNER\Desktop\CH583EVT\EVT\EXAM\BLE\LIB\libCH58xBLE.a(gatt.o)
                0x0000000000008102                gattRegisterClient
 .text.gattRegisterServer
                0x0000000000008108        0x6 C:\Users\OWNER\Desktop\CH583EVT\EVT\EXAM\BLE\LIB\libCH58xBLE.a(gatt.o)
                0x0000000000008108                gattRegisterServer
 .text.GATT_UpdateMTU
                0x000000000000810e       0x5a C:\Users\OWNER\Desktop\CH583EVT\EVT\EXAM\BLE\LIB\libCH58xBLE.a(gatt.o)
                0x000000000000810e                GATT_UpdateMTU
 .text.GATT_bm_alloc
                0x0000000000008168       0xe8 C:\Users\OWNER\Desktop\CH583EVT\EVT\EXAM\BLE\LIB\libCH58xBLE.a(gatt.o)
                0x0000000000008168                GATT_bm_alloc
 .text.gattFindByTypeValue
                0x0000000000008250       0x7c C:\Users\OWNER\Desktop\CH583EVT\EVT\EXAM\BLE\LIB\libCH58xBLE.a(gatt.o)
                0x0000000000008250                gattFindByTypeValue
 .text.GATT_DiscPrimaryServiceByUUID
                0x00000000000082cc       0x78 C:\Users\OWNER\Desktop\CH583EVT\EVT\EXAM\BLE\LIB\libCH58xBLE.a(gatt.o)
                0x00000000000082cc                GATT_DiscPrimaryServiceByUUID
 .text.gattPrepareWriteReq
                0x0000000000008344       0x6e C:\Users\OWNER\Desktop\CH583EVT\EVT\EXAM\BLE\LIB\libCH58xBLE.a(gatt.o)
                0x0000000000008344                gattPrepareWriteReq
 .text.gattProcessReliableWrites
                0x00000000000083b2       0xd4 C:\Users\OWNER\Desktop\CH583EVT\EVT\EXAM\BLE\LIB\libCH58xBLE.a(gatt.o)
                0x00000000000083b2                gattProcessReliableWrites
 .text.gattProcessWriteLong
                0x0000000000008486       0xc0 C:\Users\OWNER\Desktop\CH583EVT\EVT\EXAM\BLE\LIB\libCH58xBLE.a(gatt.o)
                0x0000000000008486                gattProcessWriteLong
 .text.GATT_ServiceChangedInd
                0x0000000000008546       0x94 C:\Users\OWNER\Desktop\CH583EVT\EVT\EXAM\BLE\LIB\libCH58xBLE.a(gatt.o)
                0x0000000000008546                GATT_ServiceChangedInd
 .text.GATT_bm_free
                0x00000000000085da       0x1c C:\Users\OWNER\Desktop\CH583EVT\EVT\EXAM\BLE\LIB\libCH58xBLE.a(gatt.o)
                0x00000000000085da                GATT_bm_free
 .text.GATT_Init
                0x00000000000085f6       0x2a C:\Users\OWNER\Desktop\CH583EVT\EVT\EXAM\BLE\LIB\libCH58xBLE.a(gatt.o)
                0x00000000000085f6                GATT_Init
 .text.GATT_ProcessEvent
                0x0000000000008620      0x13a C:\Users\OWNER\Desktop\CH583EVT\EVT\EXAM\BLE\LIB\libCH58xBLE.a(gatt.o)
                0x0000000000008620                GATT_ProcessEvent
 .text.gattProcessReadByType
                0x000000000000875a      0x1d8 C:\Users\OWNER\Desktop\CH583EVT\EVT\EXAM\BLE\LIB\libCH58xBLE.a(gattclientapp.o)
                0x000000000000875a                gattProcessReadByType
 .text.gattFindClientInfo
                0x0000000000008932       0x30 C:\Users\OWNER\Desktop\CH583EVT\EVT\EXAM\BLE\LIB\libCH58xBLE.a(gattclientapp.o)
                0x0000000000008932                gattFindClientInfo
 .text.gattClientNotifyTxCB
                0x0000000000008962       0x26 C:\Users\OWNER\Desktop\CH583EVT\EVT\EXAM\BLE\LIB\libCH58xBLE.a(gattclientapp.o)
                0x0000000000008962                gattClientNotifyTxCB
 .text.gattGetClientStatus
                0x0000000000008988       0x36 C:\Users\OWNER\Desktop\CH583EVT\EVT\EXAM\BLE\LIB\libCH58xBLE.a(gattclientapp.o)
                0x0000000000008988                gattGetClientStatus
 .text.gattResetClientInfo
                0x00000000000089be       0x8a C:\Users\OWNER\Desktop\CH583EVT\EVT\EXAM\BLE\LIB\libCH58xBLE.a(gattclientapp.o)
                0x00000000000089be                gattResetClientInfo
 .text.gattClientHandleConnStatusCB
                0x0000000000008a48       0x9a C:\Users\OWNER\Desktop\CH583EVT\EVT\EXAM\BLE\LIB\libCH58xBLE.a(gattclientapp.o)
                0x0000000000008a48                gattClientHandleConnStatusCB
 .text.gattClientHandleTimerCB
                0x0000000000008ae2       0x58 C:\Users\OWNER\Desktop\CH583EVT\EVT\EXAM\BLE\LIB\libCH58xBLE.a(gattclientapp.o)
                0x0000000000008ae2                gattClientHandleTimerCB
 .text.gattStoreClientInfo
                0x0000000000008b3a       0x72 C:\Users\OWNER\Desktop\CH583EVT\EVT\EXAM\BLE\LIB\libCH58xBLE.a(gattclientapp.o)
                0x0000000000008b3a                gattStoreClientInfo
 .text.GATT_RegisterForInd
                0x0000000000008bac        0x6 C:\Users\OWNER\Desktop\CH583EVT\EVT\EXAM\BLE\LIB\libCH58xBLE.a(gattclientapp.o)
                0x0000000000008bac                GATT_RegisterForInd
 .text.gattProcessFindInfo
                0x0000000000008bb2       0x92 C:\Users\OWNER\Desktop\CH583EVT\EVT\EXAM\BLE\LIB\libCH58xBLE.a(gattclientapp.o)
                0x0000000000008bb2                gattProcessFindInfo
 .text.gattProcessFindByTypeValue
                0x0000000000008c44       0x7e C:\Users\OWNER\Desktop\CH583EVT\EVT\EXAM\BLE\LIB\libCH58xBLE.a(gattclientapp.o)
                0x0000000000008c44                gattProcessFindByTypeValue
 .text.gattProcessReadLong
                0x0000000000008cc2       0x78 C:\Users\OWNER\Desktop\CH583EVT\EVT\EXAM\BLE\LIB\libCH58xBLE.a(gattclientapp.o)
                0x0000000000008cc2                gattProcessReadLong
 .text.gattProcessReadByGrpType
                0x0000000000008d3a       0x92 C:\Users\OWNER\Desktop\CH583EVT\EVT\EXAM\BLE\LIB\libCH58xBLE.a(gattclientapp.o)
                0x0000000000008d3a                gattProcessReadByGrpType
 .text.gattProcessMultiReqs
                0x0000000000008dcc      0x134 C:\Users\OWNER\Desktop\CH583EVT\EVT\EXAM\BLE\LIB\libCH58xBLE.a(gattclientapp.o)
                0x0000000000008dcc                gattProcessMultiReqs
 .text.gattClientProcessMsgCB
                0x0000000000008f00      0x1dc C:\Users\OWNER\Desktop\CH583EVT\EVT\EXAM\BLE\LIB\libCH58xBLE.a(gattclientapp.o)
                0x0000000000008f00                gattClientProcessMsgCB
 .text.GATT_InitClient
                0x00000000000090dc       0xcc C:\Users\OWNER\Desktop\CH583EVT\EVT\EXAM\BLE\LIB\libCH58xBLE.a(gattclientapp.o)
                0x00000000000090dc                GATT_InitClient
 .text.gattProcessExchangeMTUReq
                0x00000000000091a8        0x4 C:\Users\OWNER\Desktop\CH583EVT\EVT\EXAM\BLE\LIB\libCH58xBLE.a(gattservapp.o)
 .text.gattServApp_FindCharCfgItem
                0x00000000000091ac       0x24 C:\Users\OWNER\Desktop\CH583EVT\EVT\EXAM\BLE\LIB\libCH58xBLE.a(gattservapp.o)
 .text.gattServerHandleTimerCB
                0x00000000000091d0       0x3c C:\Users\OWNER\Desktop\CH583EVT\EVT\EXAM\BLE\LIB\libCH58xBLE.a(gattservapp.o)
 .text.GATTServApp_InitCharCfg.part.12
                0x000000000000920c       0x20 C:\Users\OWNER\Desktop\CH583EVT\EVT\EXAM\BLE\LIB\libCH58xBLE.a(gattservapp.o)
 .text.gattProcessExecuteWriteReq
                0x000000000000922c        0x4 C:\Users\OWNER\Desktop\CH583EVT\EVT\EXAM\BLE\LIB\libCH58xBLE.a(gattservapp.o)
 .text.GATTServApp_ParamInit
                0x0000000000009230       0xd4 C:\Users\OWNER\Desktop\CH583EVT\EVT\EXAM\BLE\LIB\libCH58xBLE.a(gattservapp.o)
                0x0000000000009230                GATTServApp_ParamInit
 .text.GATTServApp_ReadCharCfg
                0x0000000000009304       0x18 C:\Users\OWNER\Desktop\CH583EVT\EVT\EXAM\BLE\LIB\libCH58xBLE.a(gattservapp.o)
                0x0000000000009304                GATTServApp_ReadCharCfg
 .text.GATTServApp_WriteCharCfg
                0x000000000000931c       0x3c C:\Users\OWNER\Desktop\CH583EVT\EVT\EXAM\BLE\LIB\libCH58xBLE.a(gattservapp.o)
                0x000000000000931c                GATTServApp_WriteCharCfg
 .text.GATTServApp_ProcessCCCWriteReq
                0x0000000000009358       0x60 C:\Users\OWNER\Desktop\CH583EVT\EVT\EXAM\BLE\LIB\libCH58xBLE.a(gattservapp.o)
                0x0000000000009358                GATTServApp_ProcessCCCWriteReq
 .text.gattServApp_WriteAttrCB
                0x00000000000093b8       0x34 C:\Users\OWNER\Desktop\CH583EVT\EVT\EXAM\BLE\LIB\libCH58xBLE.a(gattservapp.o)
                0x00000000000093b8                gattServApp_WriteAttrCB
 .text.GATTServApp_SendCCCUpdatedEvent
                0x00000000000093ec       0x5e C:\Users\OWNER\Desktop\CH583EVT\EVT\EXAM\BLE\LIB\libCH58xBLE.a(gattservapp.o)
                0x00000000000093ec                GATTServApp_SendCCCUpdatedEvent
 .text.GATTServApp_SendServiceChangedInd
                0x000000000000944a       0x36 C:\Users\OWNER\Desktop\CH583EVT\EVT\EXAM\BLE\LIB\libCH58xBLE.a(gattservapp.o)
                0x000000000000944a                GATTServApp_SendServiceChangedInd
 .text.gattServApp_ClearPrepareWriteQ
                0x0000000000009480       0x50 C:\Users\OWNER\Desktop\CH583EVT\EVT\EXAM\BLE\LIB\libCH58xBLE.a(gattservapp.o)
                0x0000000000009480                gattServApp_ClearPrepareWriteQ
 .text.gattServApp_FindPrepareWriteQ
                0x00000000000094d0       0x30 C:\Users\OWNER\Desktop\CH583EVT\EVT\EXAM\BLE\LIB\libCH58xBLE.a(gattservapp.o)
                0x00000000000094d0                gattServApp_FindPrepareWriteQ
 .text.gattServApp_FindServiceCBs
                0x0000000000009500       0x18 C:\Users\OWNER\Desktop\CH583EVT\EVT\EXAM\BLE\LIB\libCH58xBLE.a(gattservapp.o)
                0x0000000000009500                gattServApp_FindServiceCBs
 .text.gattServApp_FindAuthorizeAttrCB
                0x0000000000009518       0x16 C:\Users\OWNER\Desktop\CH583EVT\EVT\EXAM\BLE\LIB\libCH58xBLE.a(gattservapp.o)
                0x0000000000009518                gattServApp_FindAuthorizeAttrCB
 .text.gattServApp_IsWriteLong
                0x000000000000952e       0xea C:\Users\OWNER\Desktop\CH583EVT\EVT\EXAM\BLE\LIB\libCH58xBLE.a(gattservapp.o)
                0x000000000000952e                gattServApp_IsWriteLong
 .text.gattFindService
                0x0000000000009618       0x1c C:\Users\OWNER\Desktop\CH583EVT\EVT\EXAM\BLE\LIB\libCH58xBLE.a(gattservapp.o)
                0x0000000000009618                gattFindService
 .text.GATT_ServiceNumAttrs
                0x0000000000009634       0x18 C:\Users\OWNER\Desktop\CH583EVT\EVT\EXAM\BLE\LIB\libCH58xBLE.a(gattservapp.o)
                0x0000000000009634                GATT_ServiceNumAttrs
 .text.GATT_ServiceEncKeySize
                0x000000000000964c       0x18 C:\Users\OWNER\Desktop\CH583EVT\EVT\EXAM\BLE\LIB\libCH58xBLE.a(gattservapp.o)
                0x000000000000964c                GATT_ServiceEncKeySize
 .text.GATT_VerifyWritePermissions.part.7
                0x0000000000009664       0x2e C:\Users\OWNER\Desktop\CH583EVT\EVT\EXAM\BLE\LIB\libCH58xBLE.a(gattservapp.o)
 .text.gattResetServerInfo
                0x0000000000009692       0x1c C:\Users\OWNER\Desktop\CH583EVT\EVT\EXAM\BLE\LIB\libCH58xBLE.a(gattservapp.o)
                0x0000000000009692                gattResetServerInfo
 .text.gattFindServerInfo
                0x00000000000096ae       0x2a C:\Users\OWNER\Desktop\CH583EVT\EVT\EXAM\BLE\LIB\libCH58xBLE.a(gattservapp.o)
                0x00000000000096ae                gattFindServerInfo
 .text.gattServerHandleConnStatusCB
                0x00000000000096d8       0x98 C:\Users\OWNER\Desktop\CH583EVT\EVT\EXAM\BLE\LIB\libCH58xBLE.a(gattservapp.o)
                0x00000000000096d8                gattServerHandleConnStatusCB
 .text.gattServerProcessMsgCB
                0x0000000000009770      0x1c0 C:\Users\OWNER\Desktop\CH583EVT\EVT\EXAM\BLE\LIB\libCH58xBLE.a(gattservapp.o)
                0x0000000000009770                gattServerProcessMsgCB
 .text.gattServerNotifyTxCB
                0x0000000000009930       0x28 C:\Users\OWNER\Desktop\CH583EVT\EVT\EXAM\BLE\LIB\libCH58xBLE.a(gattservapp.o)
 .text.GATT_FindHandle
                0x0000000000009958       0x4a C:\Users\OWNER\Desktop\CH583EVT\EVT\EXAM\BLE\LIB\libCH58xBLE.a(gattservapp.o)
                0x0000000000009958                GATT_FindHandle
 .text.GATTServApp_WriteAttr
                0x00000000000099a2       0xa8 C:\Users\OWNER\Desktop\CH583EVT\EVT\EXAM\BLE\LIB\libCH58xBLE.a(gattservapp.o)
                0x00000000000099a2                GATTServApp_WriteAttr
 .text.gattServApp_ProcessExecuteWriteReq
                0x0000000000009a4a      0x100 C:\Users\OWNER\Desktop\CH583EVT\EVT\EXAM\BLE\LIB\libCH58xBLE.a(gattservapp.o)
                0x0000000000009a4a                gattServApp_ProcessExecuteWriteReq
 .text.GATTServApp_UpdateCharCfg
                0x0000000000009b4a       0x1e C:\Users\OWNER\Desktop\CH583EVT\EVT\EXAM\BLE\LIB\libCH58xBLE.a(gattservapp.o)
                0x0000000000009b4a                GATTServApp_UpdateCharCfg
 .text.gattServApp_ProcessPrepareWriteReq
                0x0000000000009b68      0x10e C:\Users\OWNER\Desktop\CH583EVT\EVT\EXAM\BLE\LIB\libCH58xBLE.a(gattservapp.o)
                0x0000000000009b68                gattServApp_ProcessPrepareWriteReq
 .text.gattServApp_ProcessWriteReq
                0x0000000000009c76       0xb0 C:\Users\OWNER\Desktop\CH583EVT\EVT\EXAM\BLE\LIB\libCH58xBLE.a(gattservapp.o)
                0x0000000000009c76                gattServApp_ProcessWriteReq
 .text.GATT_Indication
                0x0000000000009d26       0xa4 C:\Users\OWNER\Desktop\CH583EVT\EVT\EXAM\BLE\LIB\libCH58xBLE.a(gattservapp.o)
                0x0000000000009d26                GATT_Indication
 .text.GATT_FindHandleUUID
                0x0000000000009dca       0x94 C:\Users\OWNER\Desktop\CH583EVT\EVT\EXAM\BLE\LIB\libCH58xBLE.a(gattservapp.o)
                0x0000000000009dca                GATT_FindHandleUUID
 .text.gattProcessReadByGrpTypeReq
                0x0000000000009e5e       0x60 C:\Users\OWNER\Desktop\CH583EVT\EVT\EXAM\BLE\LIB\libCH58xBLE.a(gattservapp.o)
 .text.gattProcessReadByTypeReq
                0x0000000000009ebe       0x34 C:\Users\OWNER\Desktop\CH583EVT\EVT\EXAM\BLE\LIB\libCH58xBLE.a(gattservapp.o)
 .text.gattProcessFindByTypeValueReq
                0x0000000000009ef2       0x34 C:\Users\OWNER\Desktop\CH583EVT\EVT\EXAM\BLE\LIB\libCH58xBLE.a(gattservapp.o)
 .text.gattProcessFindInfoReq
                0x0000000000009f26      0x1aa C:\Users\OWNER\Desktop\CH583EVT\EVT\EXAM\BLE\LIB\libCH58xBLE.a(gattservapp.o)
 .text.GATT_VerifyWritePermissions
                0x000000000000a0d0       0x6a C:\Users\OWNER\Desktop\CH583EVT\EVT\EXAM\BLE\LIB\libCH58xBLE.a(gattservapp.o)
                0x000000000000a0d0                GATT_VerifyWritePermissions
 .text.gattProcessWriteReq
                0x000000000000a13a       0x36 C:\Users\OWNER\Desktop\CH583EVT\EVT\EXAM\BLE\LIB\libCH58xBLE.a(gattservapp.o)
 .text.GATT_VerifyPrepareWritePermissions
                0x000000000000a170       0x56 C:\Users\OWNER\Desktop\CH583EVT\EVT\EXAM\BLE\LIB\libCH58xBLE.a(gattservapp.o)
                0x000000000000a170                GATT_VerifyPrepareWritePermissions
 .text.gattProcessPrepareWriteReq
                0x000000000000a1c6       0x36 C:\Users\OWNER\Desktop\CH583EVT\EVT\EXAM\BLE\LIB\libCH58xBLE.a(gattservapp.o)
 .text.GATT_FindNextAttr
                0x000000000000a1fc       0xc2 C:\Users\OWNER\Desktop\CH583EVT\EVT\EXAM\BLE\LIB\libCH58xBLE.a(gattservapp.o)
                0x000000000000a1fc                GATT_FindNextAttr
 .text.GATTServApp_ReadAttr
                0x000000000000a2be      0x2ea C:\Users\OWNER\Desktop\CH583EVT\EVT\EXAM\BLE\LIB\libCH58xBLE.a(gattservapp.o)
                0x000000000000a2be                GATTServApp_ReadAttr
 .text.gattServApp_ProcessReadMultiReq
                0x000000000000a5a8      0x16e C:\Users\OWNER\Desktop\CH583EVT\EVT\EXAM\BLE\LIB\libCH58xBLE.a(gattservapp.o)
                0x000000000000a5a8                gattServApp_ProcessReadMultiReq
 .text.gattServApp_ProcessFindByTypeValueReq
                0x000000000000a716      0x1a0 C:\Users\OWNER\Desktop\CH583EVT\EVT\EXAM\BLE\LIB\libCH58xBLE.a(gattservapp.o)
                0x000000000000a716                gattServApp_ProcessFindByTypeValueReq
 .text.GATT_VerifyReadPermissions
                0x000000000000a8b6       0x68 C:\Users\OWNER\Desktop\CH583EVT\EVT\EXAM\BLE\LIB\libCH58xBLE.a(gattservapp.o)
                0x000000000000a8b6                GATT_VerifyReadPermissions
 .text.gattProcessReadMultiReq
                0x000000000000a91e       0xae C:\Users\OWNER\Desktop\CH583EVT\EVT\EXAM\BLE\LIB\libCH58xBLE.a(gattservapp.o)
 .text.gattProcessReadReq
                0x000000000000a9cc       0x30 C:\Users\OWNER\Desktop\CH583EVT\EVT\EXAM\BLE\LIB\libCH58xBLE.a(gattservapp.o)
 .text.gattServApp_ProcessReadByGrpTypeReq
                0x000000000000a9fc      0x21c C:\Users\OWNER\Desktop\CH583EVT\EVT\EXAM\BLE\LIB\libCH58xBLE.a(gattservapp.o)
                0x000000000000a9fc                gattServApp_ProcessReadByGrpTypeReq
 .text.gattServApp_ProcessReadByTypeReq
                0x000000000000ac18      0x1ae C:\Users\OWNER\Desktop\CH583EVT\EVT\EXAM\BLE\LIB\libCH58xBLE.a(gattservapp.o)
                0x000000000000ac18                gattServApp_ProcessReadByTypeReq
 .text.GATTServApp_RegisterForMsg
                0x000000000000adc6        0x6 C:\Users\OWNER\Desktop\CH583EVT\EVT\EXAM\BLE\LIB\libCH58xBLE.a(gattservapp.o)
                0x000000000000adc6                GATTServApp_RegisterForMsg
 .text.GATTServApp_InitCharCfg
                0x000000000000adcc       0x28 C:\Users\OWNER\Desktop\CH583EVT\EVT\EXAM\BLE\LIB\libCH58xBLE.a(gattservapp.o)
                0x000000000000adcc                GATTServApp_InitCharCfg
 .text.gattServApp_HandleConnStatusCB
                0x000000000000adf4       0x74 C:\Users\OWNER\Desktop\CH583EVT\EVT\EXAM\BLE\LIB\libCH58xBLE.a(gattservapp.o)
                0x000000000000adf4                gattServApp_HandleConnStatusCB
 .text.GATT_InitServer
                0x000000000000ae68       0xf2 C:\Users\OWNER\Desktop\CH583EVT\EVT\EXAM\BLE\LIB\libCH58xBLE.a(gattservapp.o)
                0x000000000000ae68                GATT_InitServer
 .text.GATTServApp_Init
                0x000000000000af5a       0x34 C:\Users\OWNER\Desktop\CH583EVT\EVT\EXAM\BLE\LIB\libCH58xBLE.a(gattservapp.o)
                0x000000000000af5a                GATTServApp_Init
 .text.GATTServApp_ProcessEvent
                0x000000000000af8e      0x36a C:\Users\OWNER\Desktop\CH583EVT\EVT\EXAM\BLE\LIB\libCH58xBLE.a(gattservapp.o)
                0x000000000000af8e                GATTServApp_ProcessEvent
 .text.l2capAllocConnChannel
                0x000000000000b2f8       0xe0 C:\Users\OWNER\Desktop\CH583EVT\EVT\EXAM\BLE\LIB\libCH58xBLE.a(l2cap.o)
                0x000000000000b2f8                l2capAllocConnChannel
 .text.l2capFindLocalCID
                0x000000000000b3d8       0x2c C:\Users\OWNER\Desktop\CH583EVT\EVT\EXAM\BLE\LIB\libCH58xBLE.a(l2cap.o)
                0x000000000000b3d8                l2capFindLocalCID
 .text.l2capFindLocalId
                0x000000000000b404       0x30 C:\Users\OWNER\Desktop\CH583EVT\EVT\EXAM\BLE\LIB\libCH58xBLE.a(l2cap.o)
                0x000000000000b404                l2capFindLocalId
 .text.l2capFindPsm
                0x000000000000b434       0x30 C:\Users\OWNER\Desktop\CH583EVT\EVT\EXAM\BLE\LIB\libCH58xBLE.a(l2cap.o)
                0x000000000000b434                l2capFindPsm
 .text.l2capFindRemoteCID
                0x000000000000b464       0x3c C:\Users\OWNER\Desktop\CH583EVT\EVT\EXAM\BLE\LIB\libCH58xBLE.a(l2cap.o)
                0x000000000000b464                l2capFindRemoteCID
 .text.l2capFreeChannel
                0x000000000000b4a0       0x4e C:\Users\OWNER\Desktop\CH583EVT\EVT\EXAM\BLE\LIB\libCH58xBLE.a(l2cap.o)
                0x000000000000b4a0                l2capFreeChannel
 .text.l2capDisconnectChannel
                0x000000000000b4ee       0x28 C:\Users\OWNER\Desktop\CH583EVT\EVT\EXAM\BLE\LIB\libCH58xBLE.a(l2cap.o)
                0x000000000000b4ee                l2capDisconnectChannel
 .text.l2capHandleTimerCB
                0x000000000000b516       0x2c C:\Users\OWNER\Desktop\CH583EVT\EVT\EXAM\BLE\LIB\libCH58xBLE.a(l2cap.o)
                0x000000000000b516                l2capHandleTimerCB
 .text.l2capFreePendingPkt
                0x000000000000b542       0x58 C:\Users\OWNER\Desktop\CH583EVT\EVT\EXAM\BLE\LIB\libCH58xBLE.a(l2cap.o)
                0x000000000000b542                l2capFreePendingPkt
 .text.l2capGetCoChannelInfo
                0x000000000000b59a       0x86 C:\Users\OWNER\Desktop\CH583EVT\EVT\EXAM\BLE\LIB\libCH58xBLE.a(l2cap.o)
                0x000000000000b59a                l2capGetCoChannelInfo
 .text.l2capNumActiveChannnels
                0x000000000000b620       0x48 C:\Users\OWNER\Desktop\CH583EVT\EVT\EXAM\BLE\LIB\libCH58xBLE.a(l2cap.o)
                0x000000000000b620                l2capNumActiveChannnels
 .text.l2capStartTimer
                0x000000000000b668       0x1a C:\Users\OWNER\Desktop\CH583EVT\EVT\EXAM\BLE\LIB\libCH58xBLE.a(l2cap.o)
                0x000000000000b668                l2capStartTimer
 .text.l2capStopTimer
                0x000000000000b682       0x1e C:\Users\OWNER\Desktop\CH583EVT\EVT\EXAM\BLE\LIB\libCH58xBLE.a(l2cap.o)
                0x000000000000b682                l2capStopTimer
 .text.l2capDisconnectAllChannels
                0x000000000000b6a0       0xdc C:\Users\OWNER\Desktop\CH583EVT\EVT\EXAM\BLE\LIB\libCH58xBLE.a(l2cap.o)
                0x000000000000b6a0                l2capDisconnectAllChannels
 .text.l2capHandleConnStatusCB
                0x000000000000b77c       0x3c C:\Users\OWNER\Desktop\CH583EVT\EVT\EXAM\BLE\LIB\libCH58xBLE.a(l2cap.o)
                0x000000000000b77c                l2capHandleConnStatusCB
 .text.l2capHandleRxError
                0x000000000000b7b8        0x6 C:\Users\OWNER\Desktop\CH583EVT\EVT\EXAM\BLE\LIB\libCH58xBLE.a(l2cap.o)
                0x000000000000b7b8                l2capHandleRxError
 .text.L2CAP_GetMTU
                0x000000000000b7be        0x6 C:\Users\OWNER\Desktop\CH583EVT\EVT\EXAM\BLE\LIB\libCH58xBLE.a(l2cap.o)
                0x000000000000b7be                L2CAP_GetMTU
 .text.L2CAP_HostNumCompletedPkts
                0x000000000000b7c4       0x28 C:\Users\OWNER\Desktop\CH583EVT\EVT\EXAM\BLE\LIB\libCH58xBLE.a(l2cap.o)
                0x000000000000b7c4                L2CAP_HostNumCompletedPkts
 .text.L2CAP_ParseConnectReq
                0x000000000000b7ec       0x5e C:\Users\OWNER\Desktop\CH583EVT\EVT\EXAM\BLE\LIB\libCH58xBLE.a(l2cap.o)
                0x000000000000b7ec                L2CAP_ParseConnectReq
 .text.L2CAP_ParseFlowCtrlCredit
                0x000000000000b84a       0x2e C:\Users\OWNER\Desktop\CH583EVT\EVT\EXAM\BLE\LIB\libCH58xBLE.a(l2cap.o)
                0x000000000000b84a                L2CAP_ParseFlowCtrlCredit
 .text.L2CAP_RegisterApp
                0x000000000000b878       0x30 C:\Users\OWNER\Desktop\CH583EVT\EVT\EXAM\BLE\LIB\libCH58xBLE.a(l2cap.o)
                0x000000000000b878                L2CAP_RegisterApp
 .text.L2CAP_SetBufSize
                0x000000000000b8a8       0x1e C:\Users\OWNER\Desktop\CH583EVT\EVT\EXAM\BLE\LIB\libCH58xBLE.a(l2cap.o)
                0x000000000000b8a8                L2CAP_SetBufSize
 .text.L2CAP_bm_alloc
                0x000000000000b8c6       0x2a C:\Users\OWNER\Desktop\CH583EVT\EVT\EXAM\BLE\LIB\libCH58xBLE.a(l2cap.o)
                0x000000000000b8c6                L2CAP_bm_alloc
 .text.L2CAP_Init
                0x000000000000b8f0      0x112 C:\Users\OWNER\Desktop\CH583EVT\EVT\EXAM\BLE\LIB\libCH58xBLE.a(l2cap.o)
                0x000000000000b8f0                L2CAP_Init
 .text.L2CAP_ProcessEvent
                0x000000000000ba02       0xd4 C:\Users\OWNER\Desktop\CH583EVT\EVT\EXAM\BLE\LIB\libCH58xBLE.a(l2cap.o)
                0x000000000000ba02                L2CAP_ProcessEvent
 .text.l2capParseCmdReject
                0x000000000000bad6       0x5e C:\Users\OWNER\Desktop\CH583EVT\EVT\EXAM\BLE\LIB\libCH58xBLE.a(l2cap_input.o)
                0x000000000000bad6                l2capParseCmdReject
 .text.l2capParseDisconnectReq
                0x000000000000bb34       0x2e C:\Users\OWNER\Desktop\CH583EVT\EVT\EXAM\BLE\LIB\libCH58xBLE.a(l2cap_input.o)
                0x000000000000bb34                l2capParseDisconnectReq
 .text.l2capParseDisconnectRsp
                0x000000000000bb62       0x2e C:\Users\OWNER\Desktop\CH583EVT\EVT\EXAM\BLE\LIB\libCH58xBLE.a(l2cap_input.o)
                0x000000000000bb62                l2capParseDisconnectRsp
 .text.L2CAP_ParseParamUpdateReq
                0x000000000000bb90       0x4e C:\Users\OWNER\Desktop\CH583EVT\EVT\EXAM\BLE\LIB\libCH58xBLE.a(l2cap_input.o)
                0x000000000000bb90                L2CAP_ParseParamUpdateReq
 .text.l2capParseParamUpdateRsp
                0x000000000000bbde       0x1e C:\Users\OWNER\Desktop\CH583EVT\EVT\EXAM\BLE\LIB\libCH58xBLE.a(l2cap_input.o)
                0x000000000000bbde                l2capParseParamUpdateRsp
 .text.l2capProcessConnectReq
                0x000000000000bbfc       0xfc C:\Users\OWNER\Desktop\CH583EVT\EVT\EXAM\BLE\LIB\libCH58xBLE.a(l2cap_input.o)
                0x000000000000bbfc                l2capProcessConnectReq
 .text.l2capParseConnectRsp
                0x000000000000bcf8       0x5e C:\Users\OWNER\Desktop\CH583EVT\EVT\EXAM\BLE\LIB\libCH58xBLE.a(l2cap_input.o)
                0x000000000000bcf8                l2capParseConnectRsp
 .text.l2capParseSignalHdr
                0x000000000000bd56       0x22 C:\Users\OWNER\Desktop\CH583EVT\EVT\EXAM\BLE\LIB\libCH58xBLE.a(l2cap_input.o)
                0x000000000000bd56                l2capParseSignalHdr
 .text.l2capParsePacket
                0x000000000000bd78       0x8c C:\Users\OWNER\Desktop\CH583EVT\EVT\EXAM\BLE\LIB\libCH58xBLE.a(l2cap_input.o)
                0x000000000000bd78                l2capParsePacket
 .text.l2capProcessReq
                0x000000000000be04      0x15e C:\Users\OWNER\Desktop\CH583EVT\EVT\EXAM\BLE\LIB\libCH58xBLE.a(l2cap_input.o)
                0x000000000000be04                l2capProcessReq
 .text.l2capProcessRsp
                0x000000000000bf62      0x150 C:\Users\OWNER\Desktop\CH583EVT\EVT\EXAM\BLE\LIB\libCH58xBLE.a(l2cap_input.o)
                0x000000000000bf62                l2capProcessRsp
 .text.l2capProcessRxData
                0x000000000000c0b2       0xf8 C:\Users\OWNER\Desktop\CH583EVT\EVT\EXAM\BLE\LIB\libCH58xBLE.a(l2cap_input.o)
                0x000000000000c0b2                l2capProcessRxData
 .text.l2capNotifyData
                0x000000000000c1aa       0x5e C:\Users\OWNER\Desktop\CH583EVT\EVT\EXAM\BLE\LIB\libCH58xBLE.a(l2cap_output.o)
                0x000000000000c1aa                l2capNotifyData
 .text.l2capNotifySignal
                0x000000000000c208       0x7a C:\Users\OWNER\Desktop\CH583EVT\EVT\EXAM\BLE\LIB\libCH58xBLE.a(l2cap_output.o)
                0x000000000000c208                l2capNotifySignal
 .text.l2capNotifyCreditEvt
                0x000000000000c282       0xa4 C:\Users\OWNER\Desktop\CH583EVT\EVT\EXAM\BLE\LIB\libCH58xBLE.a(l2cap_output.o)
                0x000000000000c282                l2capNotifyCreditEvt
 .text.l2capNotifyChannelEstEvt
                0x000000000000c326       0x5c C:\Users\OWNER\Desktop\CH583EVT\EVT\EXAM\BLE\LIB\libCH58xBLE.a(l2cap_output.o)
                0x000000000000c326                l2capNotifyChannelEstEvt
 .text.l2capNotifyChannelTermEvt
                0x000000000000c382       0x3e C:\Users\OWNER\Desktop\CH583EVT\EVT\EXAM\BLE\LIB\libCH58xBLE.a(l2cap_output.o)
                0x000000000000c382                l2capNotifyChannelTermEvt
 .text.l2capNotifyEvent
                0x000000000000c3c0       0x66 C:\Users\OWNER\Desktop\CH583EVT\EVT\EXAM\BLE\LIB\libCH58xBLE.a(l2cap_output.o)
                0x000000000000c3c0                l2capNotifyEvent
 .text.l2capStoreFCPkt
                0x000000000000c426       0x32 C:\Users\OWNER\Desktop\CH583EVT\EVT\EXAM\BLE\LIB\libCH58xBLE.a(l2cap_output.o)
                0x000000000000c426                l2capStoreFCPkt
 .text.l2capFreeTxSDU
                0x000000000000c458       0x9e C:\Users\OWNER\Desktop\CH583EVT\EVT\EXAM\BLE\LIB\libCH58xBLE.a(l2cap_output.o)
                0x000000000000c458                l2capFreeTxSDU
 .text.l2capReassembleSegment
                0x000000000000c4f6      0x178 C:\Users\OWNER\Desktop\CH583EVT\EVT\EXAM\BLE\LIB\libCH58xBLE.a(l2cap_output.o)
                0x000000000000c4f6                l2capReassembleSegment
 .text.l2capEncapSendData
                0x000000000000c66e       0xf0 C:\Users\OWNER\Desktop\CH583EVT\EVT\EXAM\BLE\LIB\libCH58xBLE.a(l2cap_output.o)
                0x000000000000c66e                l2capEncapSendData
 .text.l2capSendFCPkt.part.3
                0x000000000000c75e       0x70 C:\Users\OWNER\Desktop\CH583EVT\EVT\EXAM\BLE\LIB\libCH58xBLE.a(l2cap_output.o)
 .text.l2capSendSegment
                0x000000000000c7ce      0x108 C:\Users\OWNER\Desktop\CH583EVT\EVT\EXAM\BLE\LIB\libCH58xBLE.a(l2cap_output.o)
                0x000000000000c7ce                l2capSendSegment
 .text.l2capSendNextSegment
                0x000000000000c8d6       0xb4 C:\Users\OWNER\Desktop\CH583EVT\EVT\EXAM\BLE\LIB\libCH58xBLE.a(l2cap_output.o)
                0x000000000000c8d6                l2capSendNextSegment
 .text.l2capSendPkt
                0x000000000000c98a       0x3a C:\Users\OWNER\Desktop\CH583EVT\EVT\EXAM\BLE\LIB\libCH58xBLE.a(l2cap_output.o)
                0x000000000000c98a                l2capSendPkt
 .text.L2CAP_SendData
                0x000000000000c9c4       0x82 C:\Users\OWNER\Desktop\CH583EVT\EVT\EXAM\BLE\LIB\libCH58xBLE.a(l2cap_output.o)
                0x000000000000c9c4                L2CAP_SendData
 .text.l2capSendCmd
                0x000000000000ca46       0x8a C:\Users\OWNER\Desktop\CH583EVT\EVT\EXAM\BLE\LIB\libCH58xBLE.a(l2cap_output.o)
                0x000000000000ca46                l2capSendCmd
 .text.l2capSendReq
                0x000000000000cad0       0xae C:\Users\OWNER\Desktop\CH583EVT\EVT\EXAM\BLE\LIB\libCH58xBLE.a(l2cap_output.o)
                0x000000000000cad0                l2capSendReq
 .text.l2capBuildDisconnectReq
                0x000000000000cb7e       0x28 C:\Users\OWNER\Desktop\CH583EVT\EVT\EXAM\BLE\LIB\libCH58xBLE.a(l2cap_sdu.o)
 .text.l2capBuildParamUpdateReq
                0x000000000000cba6       0x4c C:\Users\OWNER\Desktop\CH583EVT\EVT\EXAM\BLE\LIB\libCH58xBLE.a(l2cap_sdu.o)
 .text.l2capBuildParamUpdateRsp
                0x000000000000cbf2       0x16 C:\Users\OWNER\Desktop\CH583EVT\EVT\EXAM\BLE\LIB\libCH58xBLE.a(l2cap_sdu.o)
 .text.l2capBuildConnectRsp
                0x000000000000cc08       0x5e C:\Users\OWNER\Desktop\CH583EVT\EVT\EXAM\BLE\LIB\libCH58xBLE.a(l2cap_sdu.o)
 .text.l2capBuildCmdReject
                0x000000000000cc66       0x62 C:\Users\OWNER\Desktop\CH583EVT\EVT\EXAM\BLE\LIB\libCH58xBLE.a(l2cap_sdu.o)
                0x000000000000cc66                l2capBuildCmdReject
 .text.l2capBuildDisconnectRsp
                0x000000000000ccc8       0x28 C:\Users\OWNER\Desktop\CH583EVT\EVT\EXAM\BLE\LIB\libCH58xBLE.a(l2cap_sdu.o)
                0x000000000000ccc8                l2capBuildDisconnectRsp
 .text.l2capSendConnectRsp
                0x000000000000ccf0       0xaa C:\Users\OWNER\Desktop\CH583EVT\EVT\EXAM\BLE\LIB\libCH58xBLE.a(l2cap_sdu.o)
                0x000000000000ccf0                l2capSendConnectRsp
 .text.L2CAP_CmdReject
                0x000000000000cd9a       0x12 C:\Users\OWNER\Desktop\CH583EVT\EVT\EXAM\BLE\LIB\libCH58xBLE.a(l2cap_sdu.o)
                0x000000000000cd9a                L2CAP_CmdReject
 .text.L2CAP_DisconnectReq
                0x000000000000cdac       0x2a C:\Users\OWNER\Desktop\CH583EVT\EVT\EXAM\BLE\LIB\libCH58xBLE.a(l2cap_sdu.o)
                0x000000000000cdac                L2CAP_DisconnectReq
 .text.L2CAP_ConnParamUpdateReq
                0x000000000000cdd6       0x16 C:\Users\OWNER\Desktop\CH583EVT\EVT\EXAM\BLE\LIB\libCH58xBLE.a(l2cap_sdu.o)
                0x000000000000cdd6                L2CAP_ConnParamUpdateReq
 .text.L2CAP_ConnParamUpdateRsp
                0x000000000000cdec       0x12 C:\Users\OWNER\Desktop\CH583EVT\EVT\EXAM\BLE\LIB\libCH58xBLE.a(l2cap_sdu.o)
                0x000000000000cdec                L2CAP_ConnParamUpdateRsp
 .text.reportStatusChange
                0x000000000000cdfe       0x3e C:\Users\OWNER\Desktop\CH583EVT\EVT\EXAM\BLE\LIB\libCH58xBLE.a(linkdb.o)
 .text.linkDB_Init
                0x000000000000ce3c       0xa8 C:\Users\OWNER\Desktop\CH583EVT\EVT\EXAM\BLE\LIB\libCH58xBLE.a(linkdb.o)
                0x000000000000ce3c                linkDB_Init
 .text.linkDB_Find
                0x000000000000cee4       0x34 C:\Users\OWNER\Desktop\CH583EVT\EVT\EXAM\BLE\LIB\libCH58xBLE.a(linkdb.o)
                0x000000000000cee4                linkDB_Find
 .text.linkDB_Authen
                0x000000000000cf18       0x5c C:\Users\OWNER\Desktop\CH583EVT\EVT\EXAM\BLE\LIB\libCH58xBLE.a(linkdb.o)
                0x000000000000cf18                linkDB_Authen
 .text.linkDB_FindByAddr
                0x000000000000cf74       0x82 C:\Users\OWNER\Desktop\CH583EVT\EVT\EXAM\BLE\LIB\libCH58xBLE.a(linkdb.o)
                0x000000000000cf74                linkDB_FindByAddr
 .text.linkDB_FindFirst
                0x000000000000cff6       0x40 C:\Users\OWNER\Desktop\CH583EVT\EVT\EXAM\BLE\LIB\libCH58xBLE.a(linkdb.o)
                0x000000000000cff6                linkDB_FindFirst
 .text.linkDB_MTU
                0x000000000000d036       0x18 C:\Users\OWNER\Desktop\CH583EVT\EVT\EXAM\BLE\LIB\libCH58xBLE.a(linkdb.o)
                0x000000000000d036                linkDB_MTU
 .text.linkDB_NumActive
                0x000000000000d04e       0x36 C:\Users\OWNER\Desktop\CH583EVT\EVT\EXAM\BLE\LIB\libCH58xBLE.a(linkdb.o)
                0x000000000000d04e                linkDB_NumActive
 .text.linkDB_NumConns
                0x000000000000d084        0xa C:\Users\OWNER\Desktop\CH583EVT\EVT\EXAM\BLE\LIB\libCH58xBLE.a(linkdb.o)
                0x000000000000d084                linkDB_NumConns
 .text.linkDB_Register
                0x000000000000d08e       0x28 C:\Users\OWNER\Desktop\CH583EVT\EVT\EXAM\BLE\LIB\libCH58xBLE.a(linkdb.o)
                0x000000000000d08e                linkDB_Register
 .text.linkDB_Remove
                0x000000000000d0b6       0x4c C:\Users\OWNER\Desktop\CH583EVT\EVT\EXAM\BLE\LIB\libCH58xBLE.a(linkdb.o)
                0x000000000000d0b6                linkDB_Remove
 .text.linkDB_Role
                0x000000000000d102       0x18 C:\Users\OWNER\Desktop\CH583EVT\EVT\EXAM\BLE\LIB\libCH58xBLE.a(linkdb.o)
                0x000000000000d102                linkDB_Role
 .text.linkDB_State
                0x000000000000d11a       0x30 C:\Users\OWNER\Desktop\CH583EVT\EVT\EXAM\BLE\LIB\libCH58xBLE.a(linkdb.o)
                0x000000000000d11a                linkDB_State
 .text.linkDB_UpdateMTU
                0x000000000000d14a       0x28 C:\Users\OWNER\Desktop\CH583EVT\EVT\EXAM\BLE\LIB\libCH58xBLE.a(linkdb.o)
                0x000000000000d14a                linkDB_UpdateMTU
 .text.linkDB_PerformFunc
                0x000000000000d172       0x5a C:\Users\OWNER\Desktop\CH583EVT\EVT\EXAM\BLE\LIB\libCH58xBLE.a(linkdb.o)
                0x000000000000d172                linkDB_PerformFunc
 .text.linkDB_GetSMEvtID
                0x000000000000d1cc       0x60 C:\Users\OWNER\Desktop\CH583EVT\EVT\EXAM\BLE\LIB\libCH58xBLE.a(linkdb.o)
                0x000000000000d1cc                linkDB_GetSMEvtID
 .text.linkDB_Add
                0x000000000000d22c       0xb2 C:\Users\OWNER\Desktop\CH583EVT\EVT\EXAM\BLE\LIB\libCH58xBLE.a(linkdb.o)
                0x000000000000d22c                linkDB_Add
 .text.linkDB_GetHandleFromSMEvtID
                0x000000000000d2de       0x3a C:\Users\OWNER\Desktop\CH583EVT\EVT\EXAM\BLE\LIB\libCH58xBLE.a(linkdb.o)
                0x000000000000d2de                linkDB_GetHandleFromSMEvtID
 .text.linkDB_GetPairingParam
                0x000000000000d318       0x5c C:\Users\OWNER\Desktop\CH583EVT\EVT\EXAM\BLE\LIB\libCH58xBLE.a(linkdb.o)
                0x000000000000d318                linkDB_GetPairingParam
 .text.linkDB_NeedSendKey
                0x000000000000d374       0x4a C:\Users\OWNER\Desktop\CH583EVT\EVT\EXAM\BLE\LIB\libCH58xBLE.a(linkdb.o)
                0x000000000000d374                linkDB_NeedSendKey
 .text.smpBuildPairingFailed
                0x000000000000d3be       0x1a C:\Users\OWNER\Desktop\CH583EVT\EVT\EXAM\BLE\LIB\libCH58xBLE.a(sm.o)
                0x000000000000d3be                smpBuildPairingFailed
 .text.SM_StartEncryption
                0x000000000000d3d8       0xa0 C:\Users\OWNER\Desktop\CH583EVT\EVT\EXAM\BLE\LIB\libCH58xBLE.a(sm.o)
                0x000000000000d3d8                SM_StartEncryption
 .text.smpBuildEncInfo
                0x000000000000d478       0x30 C:\Users\OWNER\Desktop\CH583EVT\EVT\EXAM\BLE\LIB\libCH58xBLE.a(sm.o)
                0x000000000000d478                smpBuildEncInfo
 .text.smpBuildIdentityAddrInfo
                0x000000000000d4a8       0x3a C:\Users\OWNER\Desktop\CH583EVT\EVT\EXAM\BLE\LIB\libCH58xBLE.a(sm.o)
                0x000000000000d4a8                smpBuildIdentityAddrInfo
 .text.smpBuildIdentityInfo
                0x000000000000d4e2       0x30 C:\Users\OWNER\Desktop\CH583EVT\EVT\EXAM\BLE\LIB\libCH58xBLE.a(sm.o)
                0x000000000000d4e2                smpBuildIdentityInfo
 .text.smpBuildMasterID
                0x000000000000d512       0x44 C:\Users\OWNER\Desktop\CH583EVT\EVT\EXAM\BLE\LIB\libCH58xBLE.a(sm.o)
                0x000000000000d512                smpBuildMasterID
 .text.smpBuildPairingConfirm
                0x000000000000d556       0x30 C:\Users\OWNER\Desktop\CH583EVT\EVT\EXAM\BLE\LIB\libCH58xBLE.a(sm.o)
                0x000000000000d556                smpBuildPairingConfirm
 .text.smpBuildPairingRandom
                0x000000000000d586       0x30 C:\Users\OWNER\Desktop\CH583EVT\EVT\EXAM\BLE\LIB\libCH58xBLE.a(sm.o)
                0x000000000000d586                smpBuildPairingRandom
 .text.smpBuildSigningInfo
                0x000000000000d5b6       0x30 C:\Users\OWNER\Desktop\CH583EVT\EVT\EXAM\BLE\LIB\libCH58xBLE.a(sm.o)
                0x000000000000d5b6                smpBuildSigningInfo
 .text.SM_ParamInit
                0x000000000000d5e6       0x5a C:\Users\OWNER\Desktop\CH583EVT\EVT\EXAM\BLE\LIB\libCH58xBLE.a(sm.o)
                0x000000000000d5e6                SM_ParamInit
 .text.smDetermineKeySize
                0x000000000000d640       0x20 C:\Users\OWNER\Desktop\CH583EVT\EVT\EXAM\BLE\LIB\libCH58xBLE.a(sm.o)
                0x000000000000d640                smDetermineKeySize
 .text.smProcessRandComplete
                0x000000000000d660       0x9e C:\Users\OWNER\Desktop\CH583EVT\EVT\EXAM\BLE\LIB\libCH58xBLE.a(sm.o)
                0x000000000000d660                smProcessRandComplete
 .text.smSavePairInfo
                0x000000000000d6fe      0x186 C:\Users\OWNER\Desktop\CH583EVT\EVT\EXAM\BLE\LIB\libCH58xBLE.a(sm.o)
                0x000000000000d6fe                smSavePairInfo
 .text.smSetPairingReqRsp
                0x000000000000d884       0x3c C:\Users\OWNER\Desktop\CH583EVT\EVT\EXAM\BLE\LIB\libCH58xBLE.a(sm.o)
                0x000000000000d884                smSetPairingReqRsp
 .text.smStartEncryption
                0x000000000000d8c0       0x16 C:\Users\OWNER\Desktop\CH583EVT\EVT\EXAM\BLE\LIB\libCH58xBLE.a(sm.o)
                0x000000000000d8c0                smStartEncryption
 .text.smStartRspTimer
                0x000000000000d8d6       0x3a C:\Users\OWNER\Desktop\CH583EVT\EVT\EXAM\BLE\LIB\libCH58xBLE.a(sm.o)
                0x000000000000d8d6                smStartRspTimer
 .text.smSendSMMsg
                0x000000000000d910       0x5c C:\Users\OWNER\Desktop\CH583EVT\EVT\EXAM\BLE\LIB\libCH58xBLE.a(sm.o)
                0x000000000000d910                smSendSMMsg
 .text.smGenerateConfirm
                0x000000000000d96c       0x34 C:\Users\OWNER\Desktop\CH583EVT\EVT\EXAM\BLE\LIB\libCH58xBLE.a(sm.o)
                0x000000000000d96c                smGenerateConfirm
 .text.smGenerateRandMsg
                0x000000000000d9a0       0x34 C:\Users\OWNER\Desktop\CH583EVT\EVT\EXAM\BLE\LIB\libCH58xBLE.a(sm.o)
                0x000000000000d9a0                smGenerateRandMsg
 .text.smPairingSendEncInfo
                0x000000000000d9d4       0x10 C:\Users\OWNER\Desktop\CH583EVT\EVT\EXAM\BLE\LIB\libCH58xBLE.a(sm.o)
                0x000000000000d9d4                smPairingSendEncInfo
 .text.smPairingSendIdentityAddrInfo
                0x000000000000d9e4       0x38 C:\Users\OWNER\Desktop\CH583EVT\EVT\EXAM\BLE\LIB\libCH58xBLE.a(sm.o)
                0x000000000000d9e4                smPairingSendIdentityAddrInfo
 .text.smPairingSendIdentityInfo
                0x000000000000da1c       0x10 C:\Users\OWNER\Desktop\CH583EVT\EVT\EXAM\BLE\LIB\libCH58xBLE.a(sm.o)
                0x000000000000da1c                smPairingSendIdentityInfo
 .text.smPairingSendMasterID
                0x000000000000da2c       0x38 C:\Users\OWNER\Desktop\CH583EVT\EVT\EXAM\BLE\LIB\libCH58xBLE.a(sm.o)
                0x000000000000da2c                smPairingSendMasterID
 .text.smPairingSendSingingInfo
                0x000000000000da64       0x10 C:\Users\OWNER\Desktop\CH583EVT\EVT\EXAM\BLE\LIB\libCH58xBLE.a(sm.o)
                0x000000000000da64                smPairingSendSingingInfo
 .text.smInitiatorSendNextKeyInfo
                0x000000000000da74      0x1ce C:\Users\OWNER\Desktop\CH583EVT\EVT\EXAM\BLE\LIB\libCH58xBLE.a(sm.o)
                0x000000000000da74                smInitiatorSendNextKeyInfo
 .text.smResponderSendNextKeyInfo
                0x000000000000dc42      0x226 C:\Users\OWNER\Desktop\CH583EVT\EVT\EXAM\BLE\LIB\libCH58xBLE.a(sm.o)
                0x000000000000dc42                smResponderSendNextKeyInfo
 .text.smGeneratePairingReqRsp
                0x000000000000de68       0x3e C:\Users\OWNER\Desktop\CH583EVT\EVT\EXAM\BLE\LIB\libCH58xBLE.a(sm.o)
                0x000000000000de68                smGeneratePairingReqRsp
 .text.smStopRspTimer
                0x000000000000dea6        0xe C:\Users\OWNER\Desktop\CH583EVT\EVT\EXAM\BLE\LIB\libCH58xBLE.a(sm.o)
                0x000000000000dea6                smStopRspTimer
 .text.smFreePairingParams
                0x000000000000deb4       0x68 C:\Users\OWNER\Desktop\CH583EVT\EVT\EXAM\BLE\LIB\libCH58xBLE.a(sm.o)
                0x000000000000deb4                smFreePairingParams
 .text.smEndPairing
                0x000000000000df1c       0x60 C:\Users\OWNER\Desktop\CH583EVT\EVT\EXAM\BLE\LIB\libCH58xBLE.a(sm.o)
                0x000000000000df1c                smEndPairing
 .text.setupInitiatorKeys
                0x000000000000df7c       0x82 C:\Users\OWNER\Desktop\CH583EVT\EVT\EXAM\BLE\LIB\libCH58xBLE.a(sm.o)
                0x000000000000df7c                setupInitiatorKeys
 .text.smNextPairingState
                0x000000000000dffe       0x56 C:\Users\OWNER\Desktop\CH583EVT\EVT\EXAM\BLE\LIB\libCH58xBLE.a(sm.o)
                0x000000000000dffe                smNextPairingState
 .text.smProcessEncryptChange
                0x000000000000e054       0xde C:\Users\OWNER\Desktop\CH583EVT\EVT\EXAM\BLE\LIB\libCH58xBLE.a(sm.o)
                0x000000000000e054                smProcessEncryptChange
 .text.smSendFailAndEnd
                0x000000000000e132       0x38 C:\Users\OWNER\Desktop\CH583EVT\EVT\EXAM\BLE\LIB\libCH58xBLE.a(sm.o)
                0x000000000000e132                smSendFailAndEnd
 .text.smProcessPairingReq
                0x000000000000e16a       0x3c C:\Users\OWNER\Desktop\CH583EVT\EVT\EXAM\BLE\LIB\libCH58xBLE.a(sm.o)
                0x000000000000e16a                smProcessPairingReq
 .text.smLinkCheck
                0x000000000000e1a6       0x34 C:\Users\OWNER\Desktop\CH583EVT\EVT\EXAM\BLE\LIB\libCH58xBLE.a(sm.o)
                0x000000000000e1a6                smLinkCheck
 .text.smTimedOut
                0x000000000000e1da       0x20 C:\Users\OWNER\Desktop\CH583EVT\EVT\EXAM\BLE\LIB\libCH58xBLE.a(sm.o)
                0x000000000000e1da                smTimedOut
 .text.smUint8ToAuthReq
                0x000000000000e1fa        0x6 C:\Users\OWNER\Desktop\CH583EVT\EVT\EXAM\BLE\LIB\libCH58xBLE.a(sm.o)
                0x000000000000e1fa                smUint8ToAuthReq
 .text.sm_ah    0x000000000000e200       0x90 C:\Users\OWNER\Desktop\CH583EVT\EVT\EXAM\BLE\LIB\libCH58xBLE.a(sm.o)
                0x000000000000e200                sm_ah
 .text.sm_xor   0x000000000000e290       0x24 C:\Users\OWNER\Desktop\CH583EVT\EVT\EXAM\BLE\LIB\libCH58xBLE.a(sm.o)
                0x000000000000e290                sm_xor
 .text.sm_c1new
                0x000000000000e2b4      0x144 C:\Users\OWNER\Desktop\CH583EVT\EVT\EXAM\BLE\LIB\libCH58xBLE.a(sm.o)
                0x000000000000e2b4                sm_c1new
 .text.sm_s1    0x000000000000e3f8       0x96 C:\Users\OWNER\Desktop\CH583EVT\EVT\EXAM\BLE\LIB\libCH58xBLE.a(sm.o)
                0x000000000000e3f8                sm_s1
 .text.smResponderProcessLTKReq
                0x000000000000e48e      0x20e C:\Users\OWNER\Desktop\CH583EVT\EVT\EXAM\BLE\LIB\libCH58xBLE.a(sm.o)
                0x000000000000e48e                smResponderProcessLTKReq
 .text.xor_128  0x000000000000e69c       0x28 C:\Users\OWNER\Desktop\CH583EVT\EVT\EXAM\BLE\LIB\libCH58xBLE.a(sm.o)
                0x000000000000e69c                xor_128
 .text.leftshift_onebit
                0x000000000000e6c4       0x2e C:\Users\OWNER\Desktop\CH583EVT\EVT\EXAM\BLE\LIB\libCH58xBLE.a(sm.o)
                0x000000000000e6c4                leftshift_onebit
 .text.padding  0x000000000000e6f2       0x38 C:\Users\OWNER\Desktop\CH583EVT\EVT\EXAM\BLE\LIB\libCH58xBLE.a(sm.o)
                0x000000000000e6f2                padding
 .text.generate_subkey
                0x000000000000e72a       0xd4 C:\Users\OWNER\Desktop\CH583EVT\EVT\EXAM\BLE\LIB\libCH58xBLE.a(sm.o)
                0x000000000000e72a                generate_subkey
 .text.sm_CMAC  0x000000000000e7fe      0x172 C:\Users\OWNER\Desktop\CH583EVT\EVT\EXAM\BLE\LIB\libCH58xBLE.a(sm.o)
                0x000000000000e7fe                sm_CMAC
 .text.smpBuildPairingReqRsp
                0x000000000000e970       0xc6 C:\Users\OWNER\Desktop\CH583EVT\EVT\EXAM\BLE\LIB\libCH58xBLE.a(sm.o)
                0x000000000000e970                smpBuildPairingReqRsp
 .text.smpBuildPairingReq
                0x000000000000ea36        0xa C:\Users\OWNER\Desktop\CH583EVT\EVT\EXAM\BLE\LIB\libCH58xBLE.a(sm.o)
                0x000000000000ea36                smpBuildPairingReq
 .text.smpBuildPairingRsp
                0x000000000000ea40        0xa C:\Users\OWNER\Desktop\CH583EVT\EVT\EXAM\BLE\LIB\libCH58xBLE.a(sm.o)
                0x000000000000ea40                smpBuildPairingRsp
 .text.sm_c1    0x000000000000ea4a       0xb4 C:\Users\OWNER\Desktop\CH583EVT\EVT\EXAM\BLE\LIB\libCH58xBLE.a(sm.o)
                0x000000000000ea4a                sm_c1
 .text.smpBuildSecurityReq
                0x000000000000eafe       0x1a C:\Users\OWNER\Desktop\CH583EVT\EVT\EXAM\BLE\LIB\libCH58xBLE.a(sm.o)
                0x000000000000eafe                smpBuildSecurityReq
 .text.smpInitiatorProcessPairingRsp
                0x000000000000eb18      0x11e C:\Users\OWNER\Desktop\CH583EVT\EVT\EXAM\BLE\LIB\libCH58xBLE.a(sm.o)
                0x000000000000eb18                smpInitiatorProcessPairingRsp
 .text.smpInitiatorProcessIncoming
                0x000000000000ec36      0x242 C:\Users\OWNER\Desktop\CH583EVT\EVT\EXAM\BLE\LIB\libCH58xBLE.a(sm.o)
                0x000000000000ec36                smpInitiatorProcessIncoming
 .text.smpParseEncInfo
                0x000000000000ee78       0x2a C:\Users\OWNER\Desktop\CH583EVT\EVT\EXAM\BLE\LIB\libCH58xBLE.a(sm.o)
                0x000000000000ee78                smpParseEncInfo
 .text.smpParseIdentityAddrInfo
                0x000000000000eea2       0x34 C:\Users\OWNER\Desktop\CH583EVT\EVT\EXAM\BLE\LIB\libCH58xBLE.a(sm.o)
                0x000000000000eea2                smpParseIdentityAddrInfo
 .text.smpParseIdentityInfo
                0x000000000000eed6       0x2a C:\Users\OWNER\Desktop\CH583EVT\EVT\EXAM\BLE\LIB\libCH58xBLE.a(sm.o)
                0x000000000000eed6                smpParseIdentityInfo
 .text.smpParseMasterID
                0x000000000000ef00       0x3c C:\Users\OWNER\Desktop\CH583EVT\EVT\EXAM\BLE\LIB\libCH58xBLE.a(sm.o)
                0x000000000000ef00                smpParseMasterID
 .text.smpParsePairingConfirm
                0x000000000000ef3c       0x2a C:\Users\OWNER\Desktop\CH583EVT\EVT\EXAM\BLE\LIB\libCH58xBLE.a(sm.o)
                0x000000000000ef3c                smpParsePairingConfirm
 .text.smpParsePairingFailed
                0x000000000000ef66       0x22 C:\Users\OWNER\Desktop\CH583EVT\EVT\EXAM\BLE\LIB\libCH58xBLE.a(sm.o)
                0x000000000000ef66                smpParsePairingFailed
 .text.smpParsePairingRandom
                0x000000000000ef88       0x2a C:\Users\OWNER\Desktop\CH583EVT\EVT\EXAM\BLE\LIB\libCH58xBLE.a(sm.o)
                0x000000000000ef88                smpParsePairingRandom
 .text.smpParsePairingReq
                0x000000000000efb2      0x118 C:\Users\OWNER\Desktop\CH583EVT\EVT\EXAM\BLE\LIB\libCH58xBLE.a(sm.o)