Archive member included to satisfy reference by file (symbol)

e:/Code/EXAM/SRC/StdPeriphDriver\libISP583.a(ISP583.o)
                              ./StdPeriphDriver/CH58x_flash.o (FLASH_EEPROM_CMD)
e:/Code/EXAM/BLE/LIB\libCH58xBLE.a(message.o)
                              ./HAL/MCU.o (tmos_msg_deallocate)
e:/Code/EXAM/BLE/LIB\libCH58xBLE.a(tmos.o)
                              ./APP/central.o (tmos_rand)
e:/Code/EXAM/BLE/LIB\libCH58xBLE.a(tmos_hw.o)
                              ./HAL/RTC.o (TMOS_TimerInit)
e:/Code/EXAM/BLE/LIB\libCH58xBLE.a(tmos_snv.o)
                              e:/Code/EXAM/BLE/LIB\libCH58xBLE.a(tmos.o) (tmos_snv_init)
e:/Code/EXAM/BLE/LIB\libCH58xBLE.a(gap.o)
                              ./APP/central.o (GAP_SetParamValue)
e:/Code/EXAM/BLE/LIB\libCH58xBLE.a(gap_central.o)
                              e:/Code/EXAM/BLE/LIB\libCH58xBLE.a(gap.o) (gapProcessPeriodicAdvertisingSyncEstablishedEvt)
e:/Code/EXAM/BLE/LIB\libCH58xBLE.a(gap_peripheral.o)
                              e:/Code/EXAM/BLE/LIB\libCH58xBLE.a(gap.o) (GAP_PeripheralParamInit)
e:/Code/EXAM/BLE/LIB\libCH58xBLE.a(gatt.o)
                              ./APP/central.o (GATT_DiscAllChars)
e:/Code/EXAM/BLE/LIB\libCH58xBLE.a(gatt_uuid.o)
                              e:/Code/EXAM/BLE/LIB\libCH58xBLE.a(gatt.o) (serviceChangedUUID)
e:/Code/EXAM/BLE/LIB\libCH58xBLE.a(gattclientapp.o)
                              e:/Code/EXAM/BLE/LIB\libCH58xBLE.a(gatt.o) (gattGetClientStatus)
e:/Code/EXAM/BLE/LIB\libCH58xBLE.a(gattservapp.o)
                              e:/Code/EXAM/BLE/LIB\libCH58xBLE.a(gatt.o) (GATT_Indication)
e:/Code/EXAM/BLE/LIB\libCH58xBLE.a(l2cap.o)
                              e:/Code/EXAM/BLE/LIB\libCH58xBLE.a(gatt.o) (L2CAP_GetMTU)
e:/Code/EXAM/BLE/LIB\libCH58xBLE.a(l2cap_input.o)
                              e:/Code/EXAM/BLE/LIB\libCH58xBLE.a(l2cap.o) (l2capProcessRxData)
e:/Code/EXAM/BLE/LIB\libCH58xBLE.a(l2cap_output.o)
                              e:/Code/EXAM/BLE/LIB\libCH58xBLE.a(l2cap_input.o) (l2capNotifyData)
e:/Code/EXAM/BLE/LIB\libCH58xBLE.a(l2cap_sdu.o)
                              e:/Code/EXAM/BLE/LIB\libCH58xBLE.a(l2cap_input.o) (l2capBuildDisconnectRsp)
e:/Code/EXAM/BLE/LIB\libCH58xBLE.a(linkdb.o)
                              e:/Code/EXAM/BLE/LIB\libCH58xBLE.a(l2cap.o) (linkDB_Init)
e:/Code/EXAM/BLE/LIB\libCH58xBLE.a(sm.o)
                              e:/Code/EXAM/BLE/LIB\libCH58xBLE.a(gap.o) (smFreePairingParams)
e:/Code/EXAM/BLE/LIB\libCH58xBLE.a(sm_initiator.o)
                              e:/Code/EXAM/BLE/LIB\libCH58xBLE.a(sm.o) (smInitiatorSendNextKeyInfo)
e:/Code/EXAM/BLE/LIB\libCH58xBLE.a(sm_pdu.o)
                              e:/Code/EXAM/BLE/LIB\libCH58xBLE.a(sm.o) (smpBuildPairingReq)
e:/Code/EXAM/BLE/LIB\libCH58xBLE.a(sm_responding.o)
                              e:/Code/EXAM/BLE/LIB\libCH58xBLE.a(sm.o) (smResponderSendNextKeyInfo)
e:/Code/EXAM/BLE/LIB\libCH58xBLE.a(sm_toolbox.o)
                              e:/Code/EXAM/BLE/LIB\libCH58xBLE.a(sm.o) (sm_ah)
e:/Code/EXAM/BLE/LIB\libCH58xBLE.a(host_input.o)
                              e:/Code/EXAM/BLE/LIB\libCH58xBLE.a(gap.o) (gBleHostPara)
e:/Code/EXAM/BLE/LIB\libCH58xBLE.a(host_output.o)
                              e:/Code/EXAM/BLE/LIB\libCH58xBLE.a(gap.o) (HCI_DisconnectCmd)
e:/Code/EXAM/BLE/LIB\libCH58xBLE.a(ll_master.o)
                              e:/Code/EXAM/BLE/LIB\libCH58xBLE.a(gap_central.o) (LL_SetDataSendPriority)
e:/Code/EXAM/BLE/LIB\libCH58xBLE.a(ll_pdu.o)
                              e:/Code/EXAM/BLE/LIB\libCH58xBLE.a(ll_master.o) (LL_ConnectionUpdateInd)
e:/Code/EXAM/BLE/LIB\libCH58xBLE.a(ll_scan.o)
                              e:/Code/EXAM/BLE/LIB\libCH58xBLE.a(ll_master.o) (LL_ScanEnable)
e:/Code/EXAM/BLE/LIB\libCH58xBLE.a(ll_sync.o)
                              e:/Code/EXAM/BLE/LIB\libCH58xBLE.a(ll_scan.o) (debug_periodic_tmp)
e:/Code/EXAM/BLE/LIB\libCH58xBLE.a(ll_whitelist.o)
                              e:/Code/EXAM/BLE/LIB\libCH58xBLE.a(ll_scan.o) (LL_WhitelistLookup)
e:/Code/EXAM/BLE/LIB\libCH58xBLE.a(aes.o)
                              e:/Code/EXAM/BLE/LIB\libCH58xBLE.a(sm_responding.o) (LL_Encrypt)
e:/Code/EXAM/BLE/LIB\libCH58xBLE.a(bb.o)
                              e:/Code/EXAM/BLE/LIB\libCH58xBLE.a(tmos.o) (BB_DevInit)
e:/Code/EXAM/BLE/LIB\libCH58xBLE.a(ip.o)
                              e:/Code/EXAM/BLE/LIB\libCH58xBLE.a(tmos.o) (ll_rx_wait_finish)
e:/Code/EXAM/BLE/LIB\libCH58xBLE.a(lle.o)
                              e:/Code/EXAM/BLE/LIB\libCH58xBLE.a(tmos.o) (LLE_DevInit)
e:/Code/EXAM/BLE/LIB\libCH58xBLE.a(rf_fh.o)
                              e:/Code/EXAM/BLE/LIB\libCH58xBLE.a(ip.o) (RF_Rx)
e:/Code/EXAM/BLE/LIB\libCH58xBLE.a(rfend.o)
                              e:/Code/EXAM/BLE/LIB\libCH58xBLE.a(ip.o) (RFEND_DevInit)
e:/Code/EXAM/BLE/LIB\libCH58xBLE.a(api_c.o)
                              e:/Code/EXAM/BLE/LIB\libCH58xBLE.a(host_output.o) (API_DisconnectCmd)
[...]
Memory Configuration

Name             Origin             Length             Attributes
FLASH            0x0000000000000000 0x0000000000070000 xr
RAM              0x0000000020000000 0x0000000000008000 xrw
*default*        0x0000000000000000 0xffffffffffffffff

Linker script and memory map

LOAD ./StdPeriphDriver/CH58x_adc.o
LOAD ./StdPeriphDriver/CH58x_clk.o
LOAD ./StdPeriphDriver/CH58x_flash.o
LOAD ./StdPeriphDriver/CH58x_gpio.o
LOAD ./StdPeriphDriver/CH58x_i2c.o
LOAD ./StdPeriphDriver/CH58x_pwm.o
LOAD ./StdPeriphDriver/CH58x_pwr.o
LOAD ./StdPeriphDriver/CH58x_spi0.o
LOAD ./StdPeriphDriver/CH58x_spi1.o
LOAD ./StdPeriphDriver/CH58x_sys.o
LOAD ./StdPeriphDriver/CH58x_timer0.o
LOAD ./StdPeriphDriver/CH58x_timer1.o
LOAD ./StdPeriphDriver/CH58x_timer2.o
LOAD ./StdPeriphDriver/CH58x_timer3.o
LOAD ./StdPeriphDriver/CH58x_uart0.o
LOAD ./StdPeriphDriver/CH58x_uart1.o
LOAD ./StdPeriphDriver/CH58x_uart2.o
LOAD ./StdPeriphDriver/CH58x_uart3.o
LOAD ./StdPeriphDriver/CH58x_usb2dev.o
LOAD ./StdPeriphDriver/CH58x_usb2hostBase.o
LOAD ./StdPeriphDriver/CH58x_usb2hostClass.o
LOAD ./StdPeriphDriver/CH58x_usbdev.o
LOAD ./StdPeriphDriver/CH58x_usbhostBase.o
LOAD ./StdPeriphDriver/CH58x_usbhostClass.o
LOAD ./Startup/startup_CH583.o
LOAD ./RVMSIS/core_riscv.o
LOAD ./HAL/MCU.o
LOAD ./HAL/RTC.o
LOAD ./HAL/SLEEP.o
LOAD ./APP/central.o
LOAD ./APP/central_main.o
LOAD ./APP/key.o
LOAD ./APP/uart_cmd.o
LOAD ./APP/ws2812.o
LOAD e:/Code/EXAM/SRC/StdPeriphDriver\libISP583.a
LOAD e:/Code/EXAM/BLE/LIB\libCH58xBLE.a
LOAD d:/mounriver/mounriver_studio2/resources/app/resources/win32/components/wch/toolchain/risc-v embedded gcc/bin/../lib/gcc/riscv-none-embed/8.2.0/rv32imac/ilp32\libgcc.a
LOAD d:/mounriver/mounriver_studio2/resources/app/resources/win32/components/wch/toolchain/risc-v embedded gcc/bin/../lib/gcc/riscv-none-embed/8.2.0/../../../../riscv-none-embed/lib/rv32imac/ilp32\libg_nano.a
LOAD d:/mounriver/mounriver_studio2/resources/app/resources/win32/components/wch/toolchain/risc-v embedded gcc/bin/../lib/gcc/riscv-none-embed/8.2.0/../../../../riscv-none-embed/lib/rv32imac/ilp32\libc_nano.a
LOAD d:/mounriver/mounriver_studio2/resources/app/resources/win32/components/wch/toolchain/risc-v embedded gcc/bin/../lib/gcc/riscv-none-embed/8.2.0/rv32imac/ilp32\libgcc.a
START GROUP
LOAD d:/mounriver/mounriver_studio2/resources/app/resources/win32/components/wch/toolchain/risc-v embedded gcc/bin/../lib/gcc/riscv-none-embed/8.2.0/rv32imac/ilp32\libgcc.a
LOAD d:/mounriver/mounriver_studio2/resources/app/resources/win32/components/wch/toolchain/risc-v embedded gcc/bin/../lib/gcc/riscv-none-embed/8.2.0/../../../../riscv-none-embed/lib/rv32imac/ilp32\libc_nano.a
LOAD d:/mounriver/mounriver_studio2/resources/app/resources/win32/components/wch/toolchain/risc-v embedded gcc/bin/../lib/gcc/riscv-none-embed/8.2.0/../../../../riscv-none-embed/lib/rv32imac/ilp32\libnosys.a
END GROUP
START GROUP
LOAD d:/mounriver/mounriver_studio2/resources/app/resources/win32/components/wch/toolchain/risc-v embedded gcc/bin/../lib/gcc/riscv-none-embed/8.2.0/rv32imac/ilp32\libgcc.a
LOAD d:/mounriver/mounriver_studio2/resources/app/resources/win32/components/wch/toolchain/risc-v embedded gcc/bin/../lib/gcc/riscv-none-embed/8.2.0/../../../../riscv-none-embed/lib/rv32imac/ilp32\libc_nano.a
LOAD d:/mounriver/mounriver_studio2/resources/app/resources/win32/components/wch/toolchain/risc-v embedded gcc/bin/../lib/gcc/riscv-none-embed/8.2.0/../../../../riscv-none-embed/lib/rv32imac/ilp32\libnosys.a
END GROUP
                0x0000000000000200                __stack_size = 0x200
                [!provide]                        PROVIDE (_stack_size = __stack_size)

.init           0x0000000000000000        0x4
                0x0000000000000000                _sinit = .
                0x0000000000000000                . = ALIGN (0x4)
 *(SORT_NONE(.init))
 .init          0x0000000000000000        0x4 ./Startup/startup_CH583.o
                0x0000000000000000                _start
                0x0000000000000004                . = ALIGN (0x4)
                0x0000000000000004                _einit = .

.highcodelalign
                0x0000000000000004        0x0
                0x0000000000000004                . = ALIGN (0x4)
                0x0000000000000004                PROVIDE (_highcode_lma = .)

.highcode       0x0000000020000000     0x228c load address 0x0000000000000004
                0x0000000020000000                . = ALIGN (0x4)
                0x0000000020000000                PROVIDE (_highcode_vma_start = .)
 *(.vector)
 .vector        0x0000000020000000       0x90 ./Startup/startup_CH583.o
 *(SORT_NONE(.vector_handler))
 .vector_handler
                0x0000000020000090        0x2 ./Startup/startup_CH583.o
                0x0000000020000090                GPIOA_IRQHandler
                0x0000000020000090                SysTick_Handler
                0x0000000020000090                NMI_Handler
                0x0000000020000090                UART0_IRQHandler
                0x0000000020000090                BB_IRQHandler
                0x0000000020000090                Break_Point_Handler
                0x0000000020000090                TMR0_IRQHandler
                0x0000000020000090                Ecall_M_Mode_Handler
                0x0000000020000090                UART2_IRQHandler
                0x0000000020000090                PWMX_IRQHandler
                0x0000000020000090                ADC_IRQHandler
                0x0000000020000090                TMR2_IRQHandler
                0x0000000020000090                USB_IRQHandler
                0x0000000020000090                I2C_IRQHandler
                0x0000000020000090                USB2_IRQHandler
                0x0000000020000090                LLE_IRQHandler
                0x0000000020000090                WDOG_BAT_IRQHandler
                0x0000000020000090                Ecall_U_Mode_Handler
                0x0000000020000090                TMR3_IRQHandler
                0x0000000020000090                SW_Handler
                0x0000000020000090                SPI0_IRQHandler
                0x0000000020000090                UART3_IRQHandler
                0x0000000020000090                TMR1_IRQHandler
 *(.highcode)
 .highcode      0x0000000020000092      0x4ec ./StdPeriphDriver/CH58x_sys.o
                0x0000000020000092                SetSysClock
                0x0000000020000418                SYS_ResetExecute
                0x000000002000048a                HardFault_Handler
                0x0000000020000548                mDelayuS
                0x0000000020000556                mDelaymS
 .highcode      0x000000002000057e       0x16 ./HAL/RTC.o
                0x000000002000057e                RTC_IRQHandler
 .highcode      0x0000000020000594        0xa ./APP/central_main.o
                0x0000000020000594                Main_Circulation
 .highcode      0x000000002000059e      0x1d2 ./APP/uart_cmd.o
                0x000000002000059e                UART1_IRQHandler
 .highcode      0x0000000020000770      0x426 e:/Code/EXAM/SRC/StdPeriphDriver\libISP583.a(ISP583.o)
                0x0000000020000770                FLASH_ROM_BEG
                0x0000000020000782                FLASH_ROM_END
                0x0000000020000790                FLASH_ROM_IN
                0x000000002000079e                FLASH_ROM_OUT
                0x00000000200007ac                FLASH_ROM_ADDR
                0x00000000200007f4                FLASH_ROM_WAIT
                0x000000002000082c                FLASH_EEPROM_CMD
 .highcode      0x0000000020000b96      0x40c e:/Code/EXAM/BLE/LIB\libCH58xBLE.a(tmos.o)
                0x0000000020000b96                tmos_memcpy
                0x0000000020000bb6                tmos_memcpy_word
                0x0000000020000bce                tmos_memset
                0x0000000020000be0                tmos_strlen
                0x0000000020000bf4                tmos_memdup
                0x0000000020000c26                tmos_memcmp
                0x0000000020000c54                tmos_revmemcpy
                0x0000000020000c70                tmos_isbufset
                0x0000000020000c92                tmos_proces_system_time
                0x0000000020000dc6                TMOS_SystemProcess
 .highcode      0x0000000020000fa2       0x50 e:/Code/EXAM/BLE/LIB\libCH58xBLE.a(tmos_hw.o)
                0x0000000020000fec                TMOS_TimerIRQHandler
 .highcode      0x0000000020000ff2       0xa0 e:/Code/EXAM/BLE/LIB\libCH58xBLE.a(ll_scan.o)
                0x0000000020000ff2                ll_scan_duplicate_filter
 .highcode      0x0000000020001092       0x4e e:/Code/EXAM/BLE/LIB\libCH58xBLE.a(ll_whitelist.o)
                0x0000000020001092                LL_WhitelistLookup
 .highcode      0x00000000200010e0      0x1b2 e:/Code/EXAM/BLE/LIB\libCH58xBLE.a(aes.o)
                0x00000000200010e0                AES_DevAESEnc
 .highcode      0x0000000020001292      0x14a e:/Code/EXAM/BLE/LIB\libCH58xBLE.a(bb.o)
                0x0000000020001292                BB_IRQLibHandler
                0x0000000020001392                BB_IRQLibFunction
 .highcode      0x00000000200013dc      0x368 e:/Code/EXAM/BLE/LIB\libCH58xBLE.a(ip.o)
                0x00000000200013dc                ll_rx_wait_finish
                0x0000000020001416                ble_ll_chkcrc
                0x00000000200014b4                ll_tx_wait_finish
                0x00000000200015ac                BLE_CheckHoppingMap
 .highcode      0x0000000020001744      0x254 e:/Code/EXAM/BLE/LIB\libCH58xBLE.a(lle.o)
                0x0000000020001744                LLE_IRQLibHandler
                0x000000002000194e                LLE_IRQLibFunction
 .highcode      0x0000000020001998       0x32 e:/Code/EXAM/BLE/LIB\libCH58xBLE.a(rfend.o)
                0x0000000020001998                RFEND_WaitTune
 .highcode      0x00000000200019ca      0x19e e:/Code/EXAM/BLE/LIB\libCH58xBLE.a(memory.o)
                0x00000000200019ca                tmos_memory_allocate
                0x0000000020001a90                tmos_memory_free
 .highcode      0x0000000020001b68      0x2da e:/Code/EXAM/BLE/LIB\libCH58xBLE.a(ll_connect.o)
                0x0000000020001b68                ll_connect_send_data
                0x0000000020001c94                ll_connect_recv_data
                0x0000000020001d70                ll_connect_event_continue
                0x0000000020001e36                ll_wait_connect_event
 .highcode      0x0000000020001e42      0x310 e:/Code/EXAM/BLE/LIB\libCH58xBLE.a(ll_hop.o)
                0x0000000020001e42                LL_HopGetChannel
                0x0000000020001ee8                LL_HopGetChannel2
 .highcode      0x0000000020002152      0x138 e:/Code/EXAM/BLE/LIB\libCH58xBLE.a(ll_resolvinglist.o)
                0x0000000020002152                ll_resolvinglist_checkRPA
                0x00000000200021be                LL_ResolvinglistPeerIdentifyAddressGetIrk
                0x0000000020002212                LL_ResolvinglistPeerRpaAddressGetIrk
                0x000000002000224e                LL_ResolvinglistLocalRpaAddressGetIrk
 *(.highcode.*)
                0x000000002000228c                . = ALIGN (0x4)
 *fill*         0x000000002000228a        0x2 
                0x000000002000228c                PROVIDE (_highcode_vma_end = .)

.text           0x0000000000002290    0x2887c
                0x0000000000002290                . = ALIGN (0x4)
 *(SORT_NONE(.handle_reset))
 .handle_reset  0x0000000000002290       0xda ./Startup/startup_CH583.o
                0x0000000000002290                handle_reset
 *(.text)
 .text          0x000000000000236a       0xa8 d:/mounriver/mounriver_studio2/resources/app/resources/win32/components/wch/toolchain/risc-v embedded gcc/bin/../lib/gcc/riscv-none-embed/8.2.0/../../../../riscv-none-embed/lib/rv32imac/ilp32\libg_nano.a(lib_a-memset.o)
                0x000000000000236a                memset
 *(.text.*)
 .text.ADC_InterTSSampInit
                0x0000000000002412       0x28 ./StdPeriphDriver/CH58x_adc.o
                0x0000000000002412                ADC_InterTSSampInit
 .text.RTC_InitTime
                0x000000000000243a      0x204 ./StdPeriphDriver/CH58x_clk.o
                0x000000000000243a                RTC_InitTime
 .text.GPIOA_ModeCfg
                0x000000000000263e       0xa6 ./StdPeriphDriver/CH58x_gpio.o
                0x000000000000263e                GPIOA_ModeCfg
 .text.GPIOB_ModeCfg
                0x00000000000026e4       0xa6 ./StdPeriphDriver/CH58x_gpio.o
                0x00000000000026e4                GPIOB_ModeCfg
 .text.GPIOB_ITModeCfg
                0x000000000000278a       0x8a ./StdPeriphDriver/CH58x_gpio.o
                0x000000000000278a                GPIOB_ITModeCfg
 .text.SPI0_MasterDefInit
                0x0000000000002814       0x32 ./StdPeriphDriver/CH58x_spi0.o
                0x0000000000002814                SPI0_MasterDefInit
 .text.SPI0_CLKCfg
                0x0000000000002846       0x2a ./StdPeriphDriver/CH58x_spi0.o
                0x0000000000002846                SPI0_CLKCfg
 .text.SPI0_MasterDMATrans
                0x0000000000002870       0x50 ./StdPeriphDriver/CH58x_spi0.o
                0x0000000000002870                SPI0_MasterDMATrans
 .text.GetSysClock
                0x00000000000028c0       0x42 ./StdPeriphDriver/CH58x_sys.o
                0x00000000000028c0                GetSysClock
 .text.SYS_GetSysTickCnt
                0x0000000000002902        0xa ./StdPeriphDriver/CH58x_sys.o
                0x0000000000002902                SYS_GetSysTickCnt
 .text._write   0x000000000000290c       0x28 ./StdPeriphDriver/CH58x_sys.o
                0x000000000000290c                _write
 .text._sbrk    0x0000000000002934       0x34 ./StdPeriphDriver/CH58x_sys.o
                0x0000000000002934                _sbrk
 .text.UART1_BaudRateCfg
                0x0000000000002968       0x30 ./StdPeriphDriver/CH58x_uart1.o
                0x0000000000002968                UART1_BaudRateCfg
 .text.UART1_DefInit
                0x0000000000002998       0x32 ./StdPeriphDriver/CH58x_uart1.o
                0x0000000000002998                UART1_DefInit
 .text.UART1_ByteTrigCfg
                0x00000000000029ca       0x1a ./StdPeriphDriver/CH58x_uart1.o
                0x00000000000029ca                UART1_ByteTrigCfg
 .text.UART1_INTCfg
                0x00000000000029e4       0x2a ./StdPeriphDriver/CH58x_uart1.o
                0x00000000000029e4                UART1_INTCfg
 .text.Lib_Read_Flash
                0x0000000000002a0e       0x1c ./HAL/MCU.o
                0x0000000000002a0e                Lib_Read_Flash
 .text.Lib_Write_Flash
                0x0000000000002a2a       0x40 ./HAL/MCU.o
                0x0000000000002a2a                Lib_Write_Flash
 .text.HAL_GetInterTempValue
                0x0000000000002a6a       0x70 ./HAL/MCU.o
                0x0000000000002a6a                HAL_GetInterTempValue
 .text.HAL_ProcessEvent
                0x0000000000002ada       0xe2 ./HAL/MCU.o
                0x0000000000002ada                HAL_ProcessEvent
 .text.CH58X_BLEInit
                0x0000000000002bbc      0x122 ./HAL/MCU.o
                0x0000000000002bbc                CH58X_BLEInit
 .text.HAL_Init
                0x0000000000002cde       0x30 ./HAL/MCU.o
                0x0000000000002cde                HAL_Init
 .text.HAL_TimeInit
                0x0000000000002d0e       0x7e ./HAL/RTC.o
                0x0000000000002d0e                HAL_TimeInit
 .text.centralRssiCB
                0x0000000000002d8c       0x10 ./APP/central.o
 .text.centralHciMTUChangeCB
                0x0000000000002d9c       0x32 ./APP/central.o
 .text.centralPasscodeCB
                0x0000000000002dce       0x3e ./APP/central.o
 .text.centralPairStateCB
                0x0000000000002e0c       0x5a ./APP/central.o
 .text.centralAddDeviceInfo
                0x0000000000002e66       0x80 ./APP/central.o
 .text.centralEventCB
                0x0000000000002ee6      0x5c4 ./APP/central.o
 .text.Central_ProcessEvent
                0x00000000000034aa      0xa44 ./APP/central.o
                0x00000000000034aa                Central_ProcessEvent
 .text.Central_Init
                0x0000000000003eee       0xf6 ./APP/central.o
                0x0000000000003eee                Central_Init
 .text.startup.main
                0x0000000000003fe4       0x8a ./APP/central_main.o
                0x0000000000003fe4                main
 .text.GetTimeStamp
                0x000000000000406e       0x28 ./APP/key.o
                0x000000000000406e                GetTimeStamp
 .text.TimeDiff
                0x0000000000004096       0x46 ./APP/key.o
                0x0000000000004096                TimeDiff
 .text.print_timestamp
                0x00000000000040dc       0x2e ./APP/key.o
                0x00000000000040dc                print_timestamp
 .text.ButtonHandler
                0x000000000000410a      0x102 ./APP/key.o
                0x000000000000410a                ButtonHandler
 .text.EN_TEMP_SWITCH
                0x000000000000420c       0x96 ./APP/key.o
                0x000000000000420c                EN_TEMP_SWITCH
 .text.CH340_CTRL_PIN_INI
                0x00000000000042a2       0xd4 ./APP/key.o
                0x00000000000042a2                CH340_CTRL_PIN_INI
 .text.Key_Init
                0x0000000000004376       0x9e ./APP/key.o
                0x0000000000004376                Key_Init
 .text.BOOT_SWICH
                0x0000000000004414       0xf0 ./APP/key.o
                0x0000000000004414                BOOT_SWICH
 .text.Key_ProcessEvent
                0x0000000000004504      0x270 ./APP/key.o
                0x0000000000004504                Key_ProcessEvent
 .text.EN_CH_SWITCH
                0x0000000000004774       0x5e ./APP/key.o
                0x0000000000004774                EN_CH_SWITCH
 .text.EN_ESP_SWITCH
                0x00000000000047d2       0x5e ./APP/key.o
                0x00000000000047d2                EN_ESP_SWITCH
 .text.EN_ESP_ME_SWITCH
                0x0000000000004830       0x5e ./APP/key.o
                0x0000000000004830                EN_ESP_ME_SWITCH
 .text.EN_ESP_UART1_LOG_SWITCH
                0x000000000000488e       0x5e ./APP/key.o
                0x000000000000488e                EN_ESP_UART1_LOG_SWITCH
 .text.GPIOB_IRQHandler
                0x00000000000048ec       0x52 ./APP/key.o
                0x00000000000048ec                GPIOB_IRQHandler
 .text.app_uart_init
                0x000000000000493e       0x58 ./APP/uart_cmd.o
                0x000000000000493e                app_uart_init
 .text.grb_scale_2_spi_buff
                0x0000000000004996       0xac ./APP/ws2812.o
                0x0000000000004996                grb_scale_2_spi_buff
 .text.setDimColor
                0x0000000000004a42       0x8c ./APP/ws2812.o
                0x0000000000004a42                setDimColor
 .text.ws2812_ini
                0x0000000000004ace       0x68 ./APP/ws2812.o
                0x0000000000004ace                ws2812_ini
 .text.tmos_msg_enqueue
                0x0000000000004b36       0x1e e:/Code/EXAM/BLE/LIB\libCH58xBLE.a(message.o)
                0x0000000000004b36                tmos_msg_enqueue
 .text.tmos_msg_deallocate
                0x0000000000004b54       0x2c e:/Code/EXAM/BLE/LIB\libCH58xBLE.a(message.o)
                0x0000000000004b54                tmos_msg_deallocate
 .text.tmos_msg_allocate
                0x0000000000004b80       0x46 e:/Code/EXAM/BLE/LIB\libCH58xBLE.a(message.o)
                0x0000000000004b80                tmos_msg_allocate
 .text.tmos_msg_receive
                0x0000000000004bc6       0x68 e:/Code/EXAM/BLE/LIB\libCH58xBLE.a(message.o)
                0x0000000000004bc6                tmos_msg_receive
 .text.tmos_msg_send
                0x0000000000004c2e       0x5c e:/Code/EXAM/BLE/LIB\libCH58xBLE.a(message.o)
                0x0000000000004c2e                tmos_msg_send
 .text.tmos_msg_init
                0x0000000000004c8a        0x6 e:/Code/EXAM/BLE/LIB\libCH58xBLE.a(message.o)
                0x0000000000004c8a                tmos_msg_init
 .text.tmosFindTask
                0x0000000000004c90       0x20 e:/Code/EXAM/BLE/LIB\libCH58xBLE.a(tmos.o)
 .text.TMOS_CB_PeriodicProcessEvent
                0x0000000000004cb0       0x82 e:/Code/EXAM/BLE/LIB\libCH58xBLE.a(tmos.o)
                0x0000000000004cb0                TMOS_CB_PeriodicProcessEvent
 .text.TMOS_CB_ProcessEvent
                0x0000000000004d32       0x7c e:/Code/EXAM/BLE/LIB\libCH58xBLE.a(tmos.o)
                0x0000000000004d32                TMOS_CB_ProcessEvent
 .text.tmos_rand
                0x0000000000004dae       0x4e e:/Code/EXAM/BLE/LIB\libCH58xBLE.a(tmos.o)
                0x0000000000004dae                tmos_rand
 .text.tmos_start_periodic_callback_task
                0x0000000000004dfc       0xda e:/Code/EXAM/BLE/LIB\libCH58xBLE.a(tmos.o)
                0x0000000000004dfc                tmos_start_periodic_callback_task
 .text.tmos_set_event
                0x0000000000004ed6       0x2a e:/Code/EXAM/BLE/LIB\libCH58xBLE.a(tmos.o)
                0x0000000000004ed6                tmos_set_event
 .text.tmos_clear_event
                0x0000000000004f00       0x2e e:/Code/EXAM/BLE/LIB\libCH58xBLE.a(tmos.o)
                0x0000000000004f00                tmos_clear_event
 .text.tmos_update_callback_timer
                0x0000000000004f2e       0xbc e:/Code/EXAM/BLE/LIB\libCH58xBLE.a(tmos.o)
                0x0000000000004f2e                tmos_update_callback_timer
 .text.tmos_update_periodic_callback_timer
                0x0000000000004fea       0x5c e:/Code/EXAM/BLE/LIB\libCH58xBLE.a(tmos.o)
                0x0000000000004fea                tmos_update_periodic_callback_timer
 .text.tmos_start_task
                0x0000000000005046      0x128 e:/Code/EXAM/BLE/LIB\libCH58xBLE.a(tmos.o)
                0x0000000000005046                tmos_start_task
 .text.tmos_start_callback_task
                0x000000000000516e       0x96 e:/Code/EXAM/BLE/LIB\libCH58xBLE.a(tmos.o)
                0x000000000000516e                tmos_start_callback_task
 .text.tmos_start_reload_task
                0x0000000000005204       0x56 e:/Code/EXAM/BLE/LIB\libCH58xBLE.a(tmos.o)
                0x0000000000005204                tmos_start_reload_task
 .text.tmos_stop_task
                0x000000000000525a       0x4a e:/Code/EXAM/BLE/LIB\libCH58xBLE.a(tmos.o)
                0x000000000000525a                tmos_stop_task
 .text.tmos_stop_callback_task
                0x00000000000052a4       0x56 e:/Code/EXAM/BLE/LIB\libCH58xBLE.a(tmos.o)
                0x00000000000052a4                tmos_stop_callback_task
 .text.tmos_get_task_timer
                0x00000000000052fa       0x5e e:/Code/EXAM/BLE/LIB\libCH58xBLE.a(tmos.o)
                0x00000000000052fa                tmos_get_task_timer
 .text.TMOS_TimerRegister
                0x0000000000005358       0x1a e:/Code/EXAM/BLE/LIB\libCH58xBLE.a(tmos.o)
                0x0000000000005358                TMOS_TimerRegister
 .text.TMOS_ProcessRegister
                0x0000000000005372       0x16 e:/Code/EXAM/BLE/LIB\libCH58xBLE.a(tmos.o)
                0x0000000000005372                TMOS_ProcessRegister
 .text.TMOS_Init
                0x0000000000005388      0x10e e:/Code/EXAM/BLE/LIB\libCH58xBLE.a(tmos.o)
                0x0000000000005388                TMOS_Init
 .text.TMOS_ProcessEventRegister
                0x0000000000005496       0x38 e:/Code/EXAM/BLE/LIB\libCH58xBLE.a(tmos.o)
                0x0000000000005496                TMOS_ProcessEventRegister
 .text.BLE_LibInit
                0x00000000000054ce      0x17a e:/Code/EXAM/BLE/LIB\libCH58xBLE.a(tmos.o)
                0x00000000000054ce                BLE_LibInit
 .text.clockGetTickValve
                0x0000000000005648       0x7e e:/Code/EXAM/BLE/LIB\libCH58xBLE.a(tmos_hw.o)
 .text.ll_get_sca_divisor
                0x00000000000056c6       0x40 e:/Code/EXAM/BLE/LIB\libCH58xBLE.a(tmos_hw.o)
                0x00000000000056c6                ll_get_sca_divisor
 .text.ll_get_sca_own
                0x0000000000005706       0x46 e:/Code/EXAM/BLE/LIB\libCH58xBLE.a(tmos_hw.o)
                0x0000000000005706                ll_get_sca_own
 .text.ble_ll_common_rand8
                0x000000000000574c       0x24 e:/Code/EXAM/BLE/LIB\libCH58xBLE.a(tmos_hw.o)
                0x000000000000574c                ble_ll_common_rand8
 .text.ble_ll_common_rand16
                0x0000000000005770       0x24 e:/Code/EXAM/BLE/LIB\libCH58xBLE.a(tmos_hw.o)
                0x0000000000005770                ble_ll_common_rand16
 .text.ble_ll_common_rand32
                0x0000000000005794       0x20 e:/Code/EXAM/BLE/LIB\libCH58xBLE.a(tmos_hw.o)
                0x0000000000005794                ble_ll_common_rand32
 .text.TMOS_TempSample
                0x00000000000057b4       0x62 e:/Code/EXAM/BLE/LIB\libCH58xBLE.a(tmos_hw.o)
                0x00000000000057b4                TMOS_TempSample
 .text.TMOS_TimerInit
                0x0000000000005816      0x14e e:/Code/EXAM/BLE/LIB\libCH58xBLE.a(tmos_hw.o)
                0x0000000000005816                TMOS_TimerInit
 .text.tmos_snv_init
                0x0000000000005964       0xc0 e:/Code/EXAM/BLE/LIB\libCH58xBLE.a(tmos_snv.o)
                0x0000000000005964                tmos_snv_init
 .text.tmos_snv_read
                0x0000000000005a24      0x292 e:/Code/EXAM/BLE/LIB\libCH58xBLE.a(tmos_snv.o)
                0x0000000000005a24                tmos_snv_read
 .text.tmos_snv_notify
                0x0000000000005cb6       0x5a e:/Code/EXAM/BLE/LIB\libCH58xBLE.a(tmos_snv.o)
                0x0000000000005cb6                tmos_snv_notify
 .text.tmos_snv_write
                0x0000000000005d10      0x2ce e:/Code/EXAM/BLE/LIB\libCH58xBLE.a(tmos_snv.o)
                0x0000000000005d10                tmos_snv_write
 .text.tmos_snv_compact
                0x0000000000005fde        0x4 e:/Code/EXAM/BLE/LIB\libCH58xBLE.a(tmos_snv.o)
                0x0000000000005fde                tmos_snv_compact
 .text.disconnectNext
                0x0000000000005fe2       0x22 e:/Code/EXAM/BLE/LIB\libCH58xBLE.a(gap.o)
 .text.GAP_ParamInit
                0x0000000000006004       0xec e:/Code/EXAM/BLE/LIB\libCH58xBLE.a(gap.o)
                0x0000000000006004                GAP_ParamInit
 .text.sendTerminateEvent
                0x00000000000060f0       0x58 e:/Code/EXAM/BLE/LIB\libCH58xBLE.a(gap.o)
                0x00000000000060f0                sendTerminateEvent
 .text.gapRegisterCentral
                0x0000000000006148        0x6 e:/Code/EXAM/BLE/LIB\libCH58xBLE.a(gap.o)
                0x0000000000006148                gapRegisterCentral
 .text.gapRegisterCentralConn
                0x000000000000614e        0x6 e:/Code/EXAM/BLE/LIB\libCH58xBLE.a(gap.o)
                0x000000000000614e                gapRegisterCentralConn
 .text.gapRegisterPeripheral
                0x0000000000006154        0x6 e:/Code/EXAM/BLE/LIB\libCH58xBLE.a(gap.o)
                0x0000000000006154                gapRegisterPeripheral
 .text.gapRegisterPeripheralConn
                0x000000000000615a        0x6 e:/Code/EXAM/BLE/LIB\libCH58xBLE.a(gap.o)
                0x000000000000615a                gapRegisterPeripheralConn
 .text.smGenerateRandBuf
                0x0000000000006160       0x56 e:/Code/EXAM/BLE/LIB\libCH58xBLE.a(gap.o)
                0x0000000000006160                smGenerateRandBuf
 .text.gapL2capConnParamUpdateReq
                0x00000000000061b6       0x36 e:/Code/EXAM/BLE/LIB\libCH58xBLE.a(gap.o)
                0x00000000000061b6                gapL2capConnParamUpdateReq
 .text.gapValidADType
                0x00000000000061ec       0x16 e:/Code/EXAM/BLE/LIB\libCH58xBLE.a(gap.o)
                0x00000000000061ec                gapValidADType
 .text.gapFindADType
                0x0000000000006202       0x92 e:/Code/EXAM/BLE/LIB\libCH58xBLE.a(gap.o)
                0x0000000000006202                gapFindADType
 .text.GAP_SecParamsInit
                0x0000000000006294       0xaa e:/Code/EXAM/BLE/LIB\libCH58xBLE.a(gap.o)
                0x0000000000006294                GAP_SecParamsInit
 .text.GAP_ParamsInit
                0x000000000000633e       0x50 e:/Code/EXAM/BLE/LIB\libCH58xBLE.a(gap.o)
                0x000000000000633e                GAP_ParamsInit
 .text.gapAddAddrAdj
                0x000000000000638e       0x48 e:/Code/EXAM/BLE/LIB\libCH58xBLE.a(gap.o)
                0x000000000000638e                gapAddAddrAdj
 .text.gapDetermineAddrType
                0x00000000000063d6       0x28 e:/Code/EXAM/BLE/LIB\libCH58xBLE.a(gap.o)
                0x00000000000063d6                gapDetermineAddrType
 .text.gapFreeAuthLink
                0x00000000000063fe       0x4a e:/Code/EXAM/BLE/LIB\libCH58xBLE.a(gap.o)
                0x00000000000063fe                gapFreeAuthLink
 .text.gapGetDevAddress
                0x0000000000006448       0x24 e:/Code/EXAM/BLE/LIB\libCH58xBLE.a(gap.o)
                0x0000000000006448                gapGetDevAddress
 .text.gapGetDevAddressMode
                0x000000000000646c        0xa e:/Code/EXAM/BLE/LIB\libCH58xBLE.a(gap.o)
                0x000000000000646c                gapGetDevAddressMode
 .text.gapGetIRK
                0x0000000000006476        0xc e:/Code/EXAM/BLE/LIB\libCH58xBLE.a(gap.o)
                0x0000000000006476                gapGetIRK
 .text.gapGetSRK
                0x0000000000006482        0xc e:/Code/EXAM/BLE/LIB\libCH58xBLE.a(gap.o)
                0x0000000000006482                gapGetSRK
 .text.gapGetSignCounter
                0x000000000000648e        0xe e:/Code/EXAM/BLE/LIB\libCH58xBLE.a(gap.o)
                0x000000000000648e                gapGetSignCounter
 .text.gapIncSignCounter
                0x000000000000649c       0x28 e:/Code/EXAM/BLE/LIB\libCH58xBLE.a(gap.o)
                0x000000000000649c                gapIncSignCounter
 .text.gapProcessConnEvt
                0x00000000000064c4       0x48 e:/Code/EXAM/BLE/LIB\libCH58xBLE.a(gap.o)
                0x00000000000064c4                gapProcessConnEvt
 .text.gapProcessDisconnectCompleteEvt
                0x000000000000650c       0xa8 e:/Code/EXAM/BLE/LIB\libCH58xBLE.a(gap.o)
                0x000000000000650c                gapProcessDisconnectCompleteEvt
 .text.sendAuthEvent
                0x00000000000065b4      0x120 e:/Code/EXAM/BLE/LIB\libCH58xBLE.a(gap.o)
                0x00000000000065b4                sendAuthEvent
 .text.gapSendBondCompleteEvent
                0x00000000000066d4       0x74 e:/Code/EXAM/BLE/LIB\libCH58xBLE.a(gap.o)
                0x00000000000066d4                gapSendBondCompleteEvent
 .text.gapSendPairingReqEvent
                0x0000000000006748       0x96 e:/Code/EXAM/BLE/LIB\libCH58xBLE.a(gap.o)
                0x0000000000006748                gapSendPairingReqEvent
 .text.gapSendSlaveSecurityReqEvent
                0x00000000000067de       0x68 e:/Code/EXAM/BLE/LIB\libCH58xBLE.a(gap.o)
                0x00000000000067de                gapSendSlaveSecurityReqEvent
 .text.gapSendDeviceInitDoneEvent
                0x0000000000006846       0x88 e:/Code/EXAM/BLE/LIB\libCH58xBLE.a(gap.o)
                0x0000000000006846                gapSendDeviceInitDoneEvent
 .text.gapSendLinkUpdateEvent
                0x00000000000068ce       0xb2 e:/Code/EXAM/BLE/LIB\libCH58xBLE.a(gap.o)
                0x00000000000068ce                gapSendLinkUpdateEvent
 .text.gapSendPhyUpdateEvent
                0x0000000000006980       0x58 e:/Code/EXAM/BLE/LIB\libCH58xBLE.a(gap.o)
                0x0000000000006980                gapSendPhyUpdateEvent
 .text.gapSendEstLinkEvent
                0x00000000000069d8       0xbc e:/Code/EXAM/BLE/LIB\libCH58xBLE.a(gap.o)
                0x00000000000069d8                gapSendEstLinkEvent
 .text.gapProcessNewAddr
                0x0000000000006a94       0x3e e:/Code/EXAM/BLE/LIB\libCH58xBLE.a(gap.o)
                0x0000000000006a94                gapProcessNewAddr
 .text.gapProcessRandomAddrComplete
                0x0000000000006ad2       0xb6 e:/Code/EXAM/BLE/LIB\libCH58xBLE.a(gap.o)
                0x0000000000006ad2                gapProcessRandomAddrComplete
 .text.GAP_Authenticate
                0x0000000000006b88       0xde e:/Code/EXAM/BLE/LIB\libCH58xBLE.a(gap.o)
                0x0000000000006b88                GAP_Authenticate
 .text.GAP_Bond
                0x0000000000006c66       0xaa e:/Code/EXAM/BLE/LIB\libCH58xBLE.a(gap.o)
                0x0000000000006c66                GAP_Bond
 .text.GAP_GetParamValue
                0x0000000000006d10       0x20 e:/Code/EXAM/BLE/LIB\libCH58xBLE.a(gap.o)
                0x0000000000006d10                GAP_GetParamValue
 .text.GAP_PasscodeUpdate
                0x0000000000006d30       0x54 e:/Code/EXAM/BLE/LIB\libCH58xBLE.a(gap.o)
                0x0000000000006d30                GAP_PasscodeUpdate
 .text.GAP_RegisterForMsgs
                0x0000000000006d84        0xa e:/Code/EXAM/BLE/LIB\libCH58xBLE.a(gap.o)
                0x0000000000006d84                GAP_RegisterForMsgs
 .text.GAP_ResolvePrivateAddr
                0x0000000000006d8e        0x4 e:/Code/EXAM/BLE/LIB\libCH58xBLE.a(gap.o)
                0x0000000000006d8e                GAP_ResolvePrivateAddr
 .text.gapPairingCompleteCB
                0x0000000000006d92      0x18c e:/Code/EXAM/BLE/LIB\libCH58xBLE.a(gap.o)
                0x0000000000006d92                gapPairingCompleteCB
 .text.gapPasskeyNeededCB
                0x0000000000006f1e       0x8e e:/Code/EXAM/BLE/LIB\libCH58xBLE.a(gap.o)
                0x0000000000006f1e                gapPasskeyNeededCB
 .text.gapOobNeededCB
                0x0000000000006fac       0xa6 e:/Code/EXAM/BLE/LIB\libCH58xBLE.a(gap.o)
                0x0000000000006fac                gapOobNeededCB
 .text.gapFreeEstLink
                0x0000000000007052       0x20 e:/Code/EXAM/BLE/LIB\libCH58xBLE.a(gap.o)
                0x0000000000007052                gapFreeEstLink
 .text.gapUpdateConnSignCounter
                0x0000000000007072       0x7a e:/Code/EXAM/BLE/LIB\libCH58xBLE.a(gap.o)
                0x0000000000007072                gapUpdateConnSignCounter
 .text.GAP_SendSlaveSecurityRequest
                0x00000000000070ec       0x4a e:/Code/EXAM/BLE/LIB\libCH58xBLE.a(gap.o)
                0x00000000000070ec                GAP_SendSlaveSecurityRequest
 .text.GAP_Signable
                0x0000000000007136       0x6a e:/Code/EXAM/BLE/LIB\libCH58xBLE.a(gap.o)
                0x0000000000007136                GAP_Signable
 .text.GAP_TerminateAuth
                0x00000000000071a0       0x2a e:/Code/EXAM/BLE/LIB\libCH58xBLE.a(gap.o)
                0x00000000000071a0                GAP_TerminateAuth
 .text.GAP_NumActiveConnections
                0x00000000000071ca        0x4 e:/Code/EXAM/BLE/LIB\libCH58xBLE.a(gap.o)
                0x00000000000071ca                GAP_NumActiveConnections
 .text.GAP_TerminateLinkReq
                0x00000000000071ce       0x8e e:/Code/EXAM/BLE/LIB\libCH58xBLE.a(gap.o)
                0x00000000000071ce                GAP_TerminateLinkReq
 .text.GAP_SetParamValue
                0x000000000000725c       0x6c e:/Code/EXAM/BLE/LIB\libCH58xBLE.a(gap.o)
                0x000000000000725c                GAP_SetParamValue
 .text.GAP_Init
                0x00000000000072c8       0x48 e:/Code/EXAM/BLE/LIB\libCH58xBLE.a(gap.o)
                0x00000000000072c8                GAP_Init
 .text.GAP_ProcessEvent
                0x0000000000007310      0x66a e:/Code/EXAM/BLE/LIB\libCH58xBLE.a(gap.o)
                0x0000000000007310                GAP_ProcessEvent
 .text.gapSendScanEnable
                0x000000000000797a       0x3a e:/Code/EXAM/BLE/LIB\libCH58xBLE.a(gap_central.o)
 .text.gapCentProcessConnEvt
                0x00000000000079b4      0x168 e:/Code/EXAM/BLE/LIB\libCH58xBLE.a(gap_central.o)
                0x00000000000079b4                gapCentProcessConnEvt
 .text.gapProcessScanningPeriodicAdvEvt
                0x0000000000007b1c       0xa0 e:/Code/EXAM/BLE/LIB\libCH58xBLE.a(gap_central.o)
                0x0000000000007b1c                gapProcessScanningPeriodicAdvEvt
 .text.gapCancelLinkReq
                0x0000000000007bbc       0x38 e:/Code/EXAM/BLE/LIB\libCH58xBLE.a(gap_central.o)
                0x0000000000007bbc                gapCancelLinkReq
 .text.gapProcessAdvertDevInfo
                0x0000000000007bf4      0x242 e:/Code/EXAM/BLE/LIB\libCH58xBLE.a(gap_central.o)
                0x0000000000007bf4                gapProcessAdvertDevInfo
 .text.gapProcessExtAdvertDevInfo
                0x0000000000007e36      0x260 e:/Code/EXAM/BLE/LIB\libCH58xBLE.a(gap_central.o)
                0x0000000000007e36                gapProcessExtAdvertDevInfo
 .text.gapProcessPeriodicAdvertisingSyncEstablishedEvt
                0x0000000000008096       0xae e:/Code/EXAM/BLE/LIB\libCH58xBLE.a(gap_central.o)
                0x0000000000008096                gapProcessPeriodicAdvertisingSyncEstablishedEvt
 .text.gapProcessPeriodicAdvertisingSyncLostEvt
                0x0000000000008144       0x56 e:/Code/EXAM/BLE/LIB\libCH58xBLE.a(gap_central.o)
                0x0000000000008144                gapProcessPeriodicAdvertisingSyncLostEvt
 .text.gapFreeScanRecs
                0x000000000000819a       0xa6 e:/Code/EXAM/BLE/LIB\libCH58xBLE.a(gap_central.o)
                0x000000000000819a                gapFreeScanRecs
 .text.gapSendDevDiscEvent
                0x0000000000008240      0x126 e:/Code/EXAM/BLE/LIB\libCH58xBLE.a(gap_central.o)
                0x0000000000008240                gapSendDevDiscEvent
 .text.gapSetScanParamStatus
                0x0000000000008366       0x58 e:/Code/EXAM/BLE/LIB\libCH58xBLE.a(gap_central.o)
 .text.gapCentProcessHCICmdEvt
                0x00000000000083be       0x3e e:/Code/EXAM/BLE/LIB\libCH58xBLE.a(gap_central.o)
                0x00000000000083be                gapCentProcessHCICmdEvt
 .text.gapProcessScanningEvt
                0x00000000000083fc      0x110 e:/Code/EXAM/BLE/LIB\libCH58xBLE.a(gap_central.o)
                0x00000000000083fc                gapProcessScanningEvt
 .text.gapProcessScanningDirectEvt
                0x000000000000850c       0xfe e:/Code/EXAM/BLE/LIB\libCH58xBLE.a(gap_central.o)
                0x000000000000850c                gapProcessScanningDirectEvt
 .text.gapProcessScanningExtAdvEvt
                0x000000000000860a      0x2c4 e:/Code/EXAM/BLE/LIB\libCH58xBLE.a(gap_central.o)
                0x000000000000860a                gapProcessScanningExtAdvEvt
 .text.GAP_DeviceDiscoveryCancel
                0x00000000000088ce       0x3c e:/Code/EXAM/BLE/LIB\libCH58xBLE.a(gap_central.o)
                0x00000000000088ce                GAP_DeviceDiscoveryCancel
 .text.GAP_DeviceDiscoveryRequest
                0x000000000000890a      0x120 e:/Code/EXAM/BLE/LIB\libCH58xBLE.a(gap_central.o)
                0x000000000000890a                GAP_DeviceDiscoveryRequest
 .text.GAP_EstablishLinkReq
                0x0000000000008a2a      0x28c e:/Code/EXAM/BLE/LIB\libCH58xBLE.a(gap_central.o)
                0x0000000000008a2a                GAP_EstablishLinkReq
 .text.GAP_CentConnRegister
                0x0000000000008cb6       0x16 e:/Code/EXAM/BLE/LIB\libCH58xBLE.a(gap_central.o)
                0x0000000000008cb6                GAP_CentConnRegister
 .text.GAP_CentralParamInit
                0x0000000000008ccc       0x6a e:/Code/EXAM/BLE/LIB\libCH58xBLE.a(gap_central.o)
                0x0000000000008ccc                GAP_CentralParamInit
 .text.GAP_CentDevMgrInit
                0x0000000000008d36       0x9c e:/Code/EXAM/BLE/LIB\libCH58xBLE.a(gap_central.o)
                0x0000000000008d36                GAP_CentDevMgrInit
 .text.gapFreeAdvertState
                0x0000000000008dd2       0x20 e:/Code/EXAM/BLE/LIB\libCH58xBLE.a(gap_peripheral.o)
 .text.gapSetPeriodicAdvParams
                0x0000000000008df2       0x30 e:/Code/EXAM/BLE/LIB\libCH58xBLE.a(gap_peripheral.o)
 .text.gapSetConnectionlessCTEParams
                0x0000000000008e22       0x54 e:/Code/EXAM/BLE/LIB\libCH58xBLE.a(gap_peripheral.o)
 .text.gapSetAdvParams
                0x0000000000008e76      0x126 e:/Code/EXAM/BLE/LIB\libCH58xBLE.a(gap_peripheral.o)
 .text.gapPeriProcessConnEvt
                0x0000000000008f9c       0xd0 e:/Code/EXAM/BLE/LIB\libCH58xBLE.a(gap_peripheral.o)
 .text.gapWriteAdvDataStatus
                0x000000000000906c       0x8a e:/Code/EXAM/BLE/LIB\libCH58xBLE.a(gap_peripheral.o)
 .text.GAP_EndDiscoverable
                0x00000000000090f6       0x66 e:/Code/EXAM/BLE/LIB\libCH58xBLE.a(gap_peripheral.o)
                0x00000000000090f6                GAP_EndDiscoverable
 .text.gapProcessAdvertisingEvt
                0x000000000000915c      0x118 e:/Code/EXAM/BLE/LIB\libCH58xBLE.a(gap_peripheral.o)
 .text.GAP_GetAdvertisingAdvData
                0x0000000000009274       0x26 e:/Code/EXAM/BLE/LIB\libCH58xBLE.a(gap_peripheral.o)
                0x0000000000009274                GAP_GetAdvertisingAdvData
 .text.GAP_GetAdvertisingRspData
                0x000000000000929a       0x34 e:/Code/EXAM/BLE/LIB\libCH58xBLE.a(gap_peripheral.o)
                0x000000000000929a                GAP_GetAdvertisingRspData
 .text.GAP_GetPeriodicAdvertisingData
                0x00000000000092ce       0x34 e:/Code/EXAM/BLE/LIB\libCH58xBLE.a(gap_peripheral.o)
                0x00000000000092ce                GAP_GetPeriodicAdvertisingData
 .text.GAP_PeriConnRegister
                0x0000000000009302       0x2e e:/Code/EXAM/BLE/LIB\libCH58xBLE.a(gap_peripheral.o)
                0x0000000000009302                GAP_PeriConnRegister
 .text.GAP_PeripheralParamInit
                0x0000000000009330       0x6c e:/Code/EXAM/BLE/LIB\libCH58xBLE.a(gap_peripheral.o)
                0x0000000000009330                GAP_PeripheralParamInit
 .text.gapSendMakeDiscEvent
                0x000000000000939c       0x50 e:/Code/EXAM/BLE/LIB\libCH58xBLE.a(gap_peripheral.o)
                0x000000000000939c                gapSendMakeDiscEvent
 .text.gapWriteAdvEnableStatus
                0x00000000000093ec      0x110 e:/Code/EXAM/BLE/LIB\libCH58xBLE.a(gap_peripheral.o)
 .text.gapSendMakePeriodicEvent
                0x00000000000094fc       0x3a e:/Code/EXAM/BLE/LIB\libCH58xBLE.a(gap_peripheral.o)
                0x00000000000094fc                gapSendMakePeriodicEvent
 .text.gapSendMakeConnectionlessCTEEvent
                0x0000000000009536       0x3a e:/Code/EXAM/BLE/LIB\libCH58xBLE.a(gap_peripheral.o)
                0x0000000000009536                gapSendMakeConnectionlessCTEEvent
 .text.gapPeriProcessHCICmdCompleteEvt
                0x0000000000009570      0x22e e:/Code/EXAM/BLE/LIB\libCH58xBLE.a(gap_peripheral.o)
 .text.GAP_PeriDevMgrInit
                0x000000000000979e       0x2e e:/Code/EXAM/BLE/LIB\libCH58xBLE.a(gap_peripheral.o)
                0x000000000000979e                GAP_PeriDevMgrInit
 .text.gattWrite.part.0
                0x00000000000097cc       0x4c e:/Code/EXAM/BLE/LIB\libCH58xBLE.a(gatt.o)
 .text.gattReadByType
                0x0000000000009818       0x8c e:/Code/EXAM/BLE/LIB\libCH58xBLE.a(gatt.o)
                0x0000000000009818                gattReadByType
 .text.gattGetPayload
                0x00000000000098a4       0x7e e:/Code/EXAM/BLE/LIB\libCH58xBLE.a(gatt.o)
                0x00000000000098a4                gattGetPayload
 .text.gattNotifyEvent
                0x0000000000009922       0x84 e:/Code/EXAM/BLE/LIB\libCH58xBLE.a(gatt.o)
                0x0000000000009922                gattNotifyEvent
 .text.gattSendFlowCtrlEvt
                0x00000000000099a6       0x52 e:/Code/EXAM/BLE/LIB\libCH58xBLE.a(gatt.o)
                0x00000000000099a6                gattSendFlowCtrlEvt
 .text.gattStartTimer
                0x00000000000099f8        0xc e:/Code/EXAM/BLE/LIB\libCH58xBLE.a(gatt.o)
                0x00000000000099f8                gattStartTimer
 .text.gattStopTimer
                0x0000000000009a04       0x32 e:/Code/EXAM/BLE/LIB\libCH58xBLE.a(gatt.o)
                0x0000000000009a04                gattStopTimer
 .text.GATT_AppCompletedMsg
                0x0000000000009a36       0x30 e:/Code/EXAM/BLE/LIB\libCH58xBLE.a(gatt.o)
                0x0000000000009a36                GATT_AppCompletedMsg
 .text.GATT_DiscAllChars
                0x0000000000009a66       0x2a e:/Code/EXAM/BLE/LIB\libCH58xBLE.a(gatt.o)
                0x0000000000009a66                GATT_DiscAllChars
 .text.GATT_ExchangeMTU
                0x0000000000009a90       0x4c e:/Code/EXAM/BLE/LIB\libCH58xBLE.a(gatt.o)
                0x0000000000009a90                GATT_ExchangeMTU
 .text.GATT_NotifyEvent
                0x0000000000009adc       0x56 e:/Code/EXAM/BLE/LIB\libCH58xBLE.a(gatt.o)
                0x0000000000009adc                GATT_NotifyEvent
 .text.GATT_ReadUsingCharUUID
                0x0000000000009b32        0x8 e:/Code/EXAM/BLE/LIB\libCH58xBLE.a(gatt.o)
                0x0000000000009b32                GATT_ReadUsingCharUUID
 .text.GATT_WriteCharValue
                0x0000000000009b3a       0x12 e:/Code/EXAM/BLE/LIB\libCH58xBLE.a(gatt.o)
                0x0000000000009b3a                GATT_WriteCharValue
 .text.GATT_WriteNoRsp
                0x0000000000009b4c       0x3c e:/Code/EXAM/BLE/LIB\libCH58xBLE.a(gatt.o)
                0x0000000000009b4c                GATT_WriteNoRsp
 .text.gattRegisterClient
                0x0000000000009b88        0x6 e:/Code/EXAM/BLE/LIB\libCH58xBLE.a(gatt.o)
                0x0000000000009b88                gattRegisterClient
 .text.gattRegisterServer
                0x0000000000009b8e        0x6 e:/Code/EXAM/BLE/LIB\libCH58xBLE.a(gatt.o)
                0x0000000000009b8e                gattRegisterServer
 .text.GATT_UpdateMTU
                0x0000000000009b94       0x5a e:/Code/EXAM/BLE/LIB\libCH58xBLE.a(gatt.o)
                0x0000000000009b94                GATT_UpdateMTU
 .text.GATT_bm_alloc
                0x0000000000009bee       0xe8 e:/Code/EXAM/BLE/LIB\libCH58xBLE.a(gatt.o)
                0x0000000000009bee                GATT_bm_alloc
 .text.gattFindByTypeValue
                0x0000000000009cd6       0x7c e:/Code/EXAM/BLE/LIB\libCH58xBLE.a(gatt.o)
                0x0000000000009cd6                gattFindByTypeValue
 .text.GATT_DiscPrimaryServiceByUUID
                0x0000000000009d52       0x78 e:/Code/EXAM/BLE/LIB\libCH58xBLE.a(gatt.o)
                0x0000000000009d52                GATT_DiscPrimaryServiceByUUID
 .text.gattPrepareWriteReq
                0x0000000000009dca       0x6e e:/Code/EXAM/BLE/LIB\libCH58xBLE.a(gatt.o)
                0x0000000000009dca                gattPrepareWriteReq
 .text.gattProcessReliableWrites
                0x0000000000009e38       0xd4 e:/Code/EXAM/BLE/LIB\libCH58xBLE.a(gatt.o)
                0x0000000000009e38                gattProcessReliableWrites
 .text.gattProcessWriteLong
                0x0000000000009f0c       0xc0 e:/Code/EXAM/BLE/LIB\libCH58xBLE.a(gatt.o)
                0x0000000000009f0c                gattProcessWriteLong
 .text.GATT_ServiceChangedInd
                0x0000000000009fcc       0x94 e:/Code/EXAM/BLE/LIB\libCH58xBLE.a(gatt.o)
                0x0000000000009fcc                GATT_ServiceChangedInd
 .text.GATT_bm_free
                0x000000000000a060       0x1c e:/Code/EXAM/BLE/LIB\libCH58xBLE.a(gatt.o)
                0x000000000000a060                GATT_bm_free
 .text.GATT_Init
                0x000000000000a07c       0x2a e:/Code/EXAM/BLE/LIB\libCH58xBLE.a(gatt.o)
                0x000000000000a07c                GATT_Init
 .text.GATT_ProcessEvent
                0x000000000000a0a6      0x13a e:/Code/EXAM/BLE/LIB\libCH58xBLE.a(gatt.o)
                0x000000000000a0a6                GATT_ProcessEvent
 .text.gattProcessReadByType
                0x000000000000a1e0      0x1d8 e:/Code/EXAM/BLE/LIB\libCH58xBLE.a(gattclientapp.o)
                0x000000000000a1e0                gattProcessReadByType
 .text.gattFindClientInfo
                0x000000000000a3b8       0x30 e:/Code/EXAM/BLE/LIB\libCH58xBLE.a(gattclientapp.o)
                0x000000000000a3b8                gattFindClientInfo
 .text.gattClientNotifyTxCB
                0x000000000000a3e8       0x28 e:/Code/EXAM/BLE/LIB\libCH58xBLE.a(gattclientapp.o)
                0x000000000000a3e8                gattClientNotifyTxCB
 .text.gattGetClientStatus
                0x000000000000a410       0x36 e:/Code/EXAM/BLE/LIB\libCH58xBLE.a(gattclientapp.o)
                0x000000000000a410                gattGetClientStatus
 .text.gattResetClientInfo
                0x000000000000a446       0x8a e:/Code/EXAM/BLE/LIB\libCH58xBLE.a(gattclientapp.o)
                0x000000000000a446                gattResetClientInfo
 .text.gattClientHandleConnStatusCB
                0x000000000000a4d0       0x9a e:/Code/EXAM/BLE/LIB\libCH58xBLE.a(gattclientapp.o)
                0x000000000000a4d0                gattClientHandleConnStatusCB
 .text.gattClientHandleTimerCB
                0x000000000000a56a       0x58 e:/Code/EXAM/BLE/LIB\libCH58xBLE.a(gattclientapp.o)
                0x000000000000a56a                gattClientHandleTimerCB
 .text.gattStoreClientInfo
                0x000000000000a5c2       0x72 e:/Code/EXAM/BLE/LIB\libCH58xBLE.a(gattclientapp.o)
                0x000000000000a5c2                gattStoreClientInfo
 .text.GATT_RegisterForInd
                0x000000000000a634        0x6 e:/Code/EXAM/BLE/LIB\libCH58xBLE.a(gattclientapp.o)
                0x000000000000a634                GATT_RegisterForInd
 .text.gattProcessFindInfo
                0x000000000000a63a       0x92 e:/Code/EXAM/BLE/LIB\libCH58xBLE.a(gattclientapp.o)
                0x000000000000a63a                gattProcessFindInfo
 .text.gattProcessFindByTypeValue
                0x000000000000a6cc       0x7e e:/Code/EXAM/BLE/LIB\libCH58xBLE.a(gattclientapp.o)
                0x000000000000a6cc                gattProcessFindByTypeValue
 .text.gattProcessReadLong
                0x000000000000a74a       0x78 e:/Code/EXAM/BLE/LIB\libCH58xBLE.a(gattclientapp.o)
                0x000000000000a74a                gattProcessReadLong
 .text.gattProcessReadByGrpType
                0x000000000000a7c2       0x92 e:/Code/EXAM/BLE/LIB\libCH58xBLE.a(gattclientapp.o)
                0x000000000000a7c2                gattProcessReadByGrpType
 .text.gattProcessMultiReqs
                0x000000000000a854      0x134 e:/Code/EXAM/BLE/LIB\libCH58xBLE.a(gattclientapp.o)
                0x000000000000a854                gattProcessMultiReqs
 .text.gattClientProcessMsgCB
                0x000000000000a988      0x1e6 e:/Code/EXAM/BLE/LIB\libCH58xBLE.a(gattclientapp.o)
                0x000000000000a988                gattClientProcessMsgCB
 .text.GATT_InitClient
                0x000000000000ab6e       0xcc e:/Code/EXAM/BLE/LIB\libCH58xBLE.a(gattclientapp.o)
                0x000000000000ab6e                GATT_InitClient
 .text.gattProcessExchangeMTUReq
                0x000000000000ac3a        0x4 e:/Code/EXAM/BLE/LIB\libCH58xBLE.a(gattservapp.o)
 .text.gattServApp_FindCharCfgItem
                0x000000000000ac3e       0x24 e:/Code/EXAM/BLE/LIB\libCH58xBLE.a(gattservapp.o)
 .text.gattServerHandleTimerCB
                0x000000000000ac62       0x3c e:/Code/EXAM/BLE/LIB\libCH58xBLE.a(gattservapp.o)
 .text.GATTServApp_InitCharCfg.part.12
                0x000000000000ac9e       0x20 e:/Code/EXAM/BLE/LIB\libCH58xBLE.a(gattservapp.o)
 .text.gattProcessExecuteWriteReq
                0x000000000000acbe        0x4 e:/Code/EXAM/BLE/LIB\libCH58xBLE.a(gattservapp.o)
 .text.GATTServApp_ParamInit
                0x000000000000acc2       0xd6 e:/Code/EXAM/BLE/LIB\libCH58xBLE.a(gattservapp.o)
                0x000000000000acc2                GATTServApp_ParamInit
 .text.GATTServApp_ReadCharCfg
                0x000000000000ad98       0x18 e:/Code/EXAM/BLE/LIB\libCH58xBLE.a(gattservapp.o)
                0x000000000000ad98                GATTServApp_ReadCharCfg
 .text.GATTServApp_WriteCharCfg
                0x000000000000adb0       0x3c e:/Code/EXAM/BLE/LIB\libCH58xBLE.a(gattservapp.o)
                0x000000000000adb0                GATTServApp_WriteCharCfg
 .text.GATTServApp_ProcessCCCWriteReq
                0x000000000000adec       0x60 e:/Code/EXAM/BLE/LIB\libCH58xBLE.a(gattservapp.o)
                0x000000000000adec                GATTServApp_ProcessCCCWriteReq
 .text.gattServApp_WriteAttrCB
                0x000000000000ae4c       0x34 e:/Code/EXAM/BLE/LIB\libCH58xBLE.a(gattservapp.o)
                0x000000000000ae4c                gattServApp_WriteAttrCB
 .text.GATTServApp_SendCCCUpdatedEvent
                0x000000000000ae80       0x5e e:/Code/EXAM/BLE/LIB\libCH58xBLE.a(gattservapp.o)
                0x000000000000ae80                GATTServApp_SendCCCUpdatedEvent
 .text.GATTServApp_SendServiceChangedInd
                0x000000000000aede       0x36 e:/Code/EXAM/BLE/LIB\libCH58xBLE.a(gattservapp.o)
                0x000000000000aede                GATTServApp_SendServiceChangedInd
 .text.gattServApp_ClearPrepareWriteQ
                0x000000000000af14       0x50 e:/Code/EXAM/BLE/LIB\libCH58xBLE.a(gattservapp.o)
                0x000000000000af14                gattServApp_ClearPrepareWriteQ
 .text.gattServApp_FindPrepareWriteQ
                0x000000000000af64       0x30 e:/Code/EXAM/BLE/LIB\libCH58xBLE.a(gattservapp.o)
                0x000000000000af64                gattServApp_FindPrepareWriteQ
 .text.gattServApp_FindServiceCBs
                0x000000000000af94       0x18 e:/Code/EXAM/BLE/LIB\libCH58xBLE.a(gattservapp.o)
                0x000000000000af94                gattServApp_FindServiceCBs
 .text.gattServApp_FindAuthorizeAttrCB
                0x000000000000afac       0x16 e:/Code/EXAM/BLE/LIB\libCH58xBLE.a(gattservapp.o)
                0x000000000000afac                gattServApp_FindAuthorizeAttrCB
 .text.gattServApp_IsWriteLong
                0x000000000000afc2       0xea e:/Code/EXAM/BLE/LIB\libCH58xBLE.a(gattservapp.o)
                0x000000000000afc2                gattServApp_IsWriteLong
 .text.gattFindService
                0x000000000000b0ac       0x1c e:/Code/EXAM/BLE/LIB\libCH58xBLE.a(gattservapp.o)
                0x000000000000b0ac                gattFindService
 .text.GATT_ServiceNumAttrs
                0x000000000000b0c8       0x18 e:/Code/EXAM/BLE/LIB\libCH58xBLE.a(gattservapp.o)
                0x000000000000b0c8                GATT_ServiceNumAttrs
 .text.GATT_ServiceEncKeySize
                0x000000000000b0e0       0x18 e:/Code/EXAM/BLE/LIB\libCH58xBLE.a(gattservapp.o)
                0x000000000000b0e0                GATT_ServiceEncKeySize
 .text.GATT_VerifyWritePermissions.part.7
                0x000000000000b0f8       0x2e e:/Code/EXAM/BLE/LIB\libCH58xBLE.a(gattservapp.o)
 .text.gattResetServerInfo
                0x000000000000b126       0x1c e:/Code/EXAM/BLE/LIB\libCH58xBLE.a(gattservapp.o)
                0x000000000000b126                gattResetServerInfo
 .text.gattFindServerInfo
                0x000000000000b142       0x2c e:/Code/EXAM/BLE/LIB\libCH58xBLE.a(gattservapp.o)
                0x000000000000b142                gattFindServerInfo
 .text.gattServerHandleConnStatusCB
                0x000000000000b16e       0x98 e:/Code/EXAM/BLE/LIB\libCH58xBLE.a(gattservapp.o)
                0x000000000000b16e                gattServerHandleConnStatusCB
 .text.gattServerProcessMsgCB
                0x000000000000b206      0x1c0 e:/Code/EXAM/BLE/LIB\libCH58xBLE.a(gattservapp.o)
                0x000000000000b206                gattServerProcessMsgCB
 .text.gattServerNotifyTxCB
                0x000000000000b3c6       0x28 e:/Code/EXAM/BLE/LIB\libCH58xBLE.a(gattservapp.o)
 .text.GATT_FindHandle
                0x000000000000b3ee       0x4a e:/Code/EXAM/BLE/LIB\libCH58xBLE.a(gattservapp.o)
                0x000000000000b3ee                GATT_FindHandle
 .text.GATTServApp_WriteAttr
                0x000000000000b438       0xa8 e:/Code/EXAM/BLE/LIB\libCH58xBLE.a(gattservapp.o)
                0x000000000000b438                GATTServApp_WriteAttr
 .text.gattServApp_ProcessExecuteWriteReq
                0x000000000000b4e0      0x100 e:/Code/EXAM/BLE/LIB\libCH58xBLE.a(gattservapp.o)
                0x000000000000b4e0                gattServApp_ProcessExecuteWriteReq
 .text.GATTServApp_UpdateCharCfg
                0x000000000000b5e0       0x1e e:/Code/EXAM/BLE/LIB\libCH58xBLE.a(gattservapp.o)
                0x000000000000b5e0                GATTServApp_UpdateCharCfg
 .text.gattServApp_ProcessPrepareWriteReq
                0x000000000000b5fe      0x10e e:/Code/EXAM/BLE/LIB\libCH58xBLE.a(gattservapp.o)
                0x000000000000b5fe                gattServApp_ProcessPrepareWriteReq
 .text.gattServApp_ProcessWriteReq
                0x000000000000b70c       0xb0 e:/Code/EXAM/BLE/LIB\libCH58xBLE.a(gattservapp.o)
                0x000000000000b70c                gattServApp_ProcessWriteReq
 .text.GATT_Indication
                0x000000000000b7bc       0xa4 e:/Code/EXAM/BLE/LIB\libCH58xBLE.a(gattservapp.o)
                0x000000000000b7bc                GATT_Indication
 .text.GATT_FindHandleUUID
                0x000000000000b860       0x94 e:/Code/EXAM/BLE/LIB\libCH58xBLE.a(gattservapp.o)
                0x000000000000b860                GATT_FindHandleUUID
 .text.gattProcessReadByGrpTypeReq
                0x000000000000b8f4       0x60 e:/Code/EXAM/BLE/LIB\libCH58xBLE.a(gattservapp.o)
 .text.gattProcessReadByTypeReq
                0x000000000000b954       0x34 e:/Code/EXAM/BLE/LIB\libCH58xBLE.a(gattservapp.o)
 .text.gattProcessFindByTypeValueReq
                0x000000000000b988       0x34 e:/Code/EXAM/BLE/LIB\libCH58xBLE.a(gattservapp.o)
 .text.gattProcessFindInfoReq
                0x000000000000b9bc      0x1aa e:/Code/EXAM/BLE/LIB\libCH58xBLE.a(gattservapp.o)
 .text.GATT_VerifyWritePermissions
                0x000000000000bb66       0x6a e:/Code/EXAM/BLE/LIB\libCH58xBLE.a(gattservapp.o)
                0x000000000000bb66                GATT_VerifyWritePermissions
 .text.gattProcessWriteReq
                0x000000000000bbd0       0x36 e:/Code/EXAM/BLE/LIB\libCH58xBLE.a(gattservapp.o)
 .text.GATT_VerifyPrepareWritePermissions
                0x000000000000bc06       0x56 e:/Code/EXAM/BLE/LIB\libCH58xBLE.a(gattservapp.o)
                0x000000000000bc06                GATT_VerifyPrepareWritePermissions
 .text.gattProcessPrepareWriteReq
                0x000000000000bc5c       0x36 e:/Code/EXAM/BLE/LIB\libCH58xBLE.a(gattservapp.o)
 .text.GATT_FindNextAttr
                0x000000000000bc92       0xc2 e:/Code/EXAM/BLE/LIB\libCH58xBLE.a(gattservapp.o)
                0x000000000000bc92                GATT_FindNextAttr
 .text.GATTServApp_ReadAttr
                0x000000000000bd54      0x2ea e:/Code/EXAM/BLE/LIB\libCH58xBLE.a(gattservapp.o)
                0x000000000000bd54                GATTServApp_ReadAttr
 .text.gattServApp_ProcessReadMultiReq
                0x000000000000c03e      0x16e e:/Code/EXAM/BLE/LIB\libCH58xBLE.a(gattservapp.o)
                0x000000000000c03e                gattServApp_ProcessReadMultiReq
 .text.gattServApp_ProcessFindByTypeValueReq
                0x000000000000c1ac      0x1a0 e:/Code/EXAM/BLE/LIB\libCH58xBLE.a(gattservapp.o)
                0x000000000000c1ac                gattServApp_ProcessFindByTypeValueReq
 .text.GATT_VerifyReadPermissions
                0x000000000000c34c       0x68 e:/Code/EXAM/BLE/LIB\libCH58xBLE.a(gattservapp.o)
                0x000000000000c34c                GATT_VerifyReadPermissions
 .text.gattProcessReadMultiReq
                0x000000000000c3b4       0xae e:/Code/EXAM/BLE/LIB\libCH58xBLE.a(gattservapp.o)
 .text.gattProcessReadReq
                0x000000000000c462       0x30 e:/Code/EXAM/BLE/LIB\libCH58xBLE.a(gattservapp.o)
 .text.gattServApp_ProcessReadByGrpTypeReq
                0x000000000000c492      0x21c e:/Code/EXAM/BLE/LIB\libCH58xBLE.a(gattservapp.o)
                0x000000000000c492                gattServApp_ProcessReadByGrpTypeReq
 .text.gattServApp_ProcessReadByTypeReq
                0x000000000000c6ae      0x1ae e:/Code/EXAM/BLE/LIB\libCH58xBLE.a(gattservapp.o)
                0x000000000000c6ae                gattServApp_ProcessReadByTypeReq
 .text.GATTServApp_RegisterForMsg
                0x000000000000c85c        0x6 e:/Code/EXAM/BLE/LIB\libCH58xBLE.a(gattservapp.o)
                0x000000000000c85c                GATTServApp_RegisterForMsg
 .text.GATTServApp_InitCharCfg
                0x000000000000c862       0x28 e:/Code/EXAM/BLE/LIB\libCH58xBLE.a(gattservapp.o)
                0x000000000000c862                GATTServApp_InitCharCfg
 .text.gattServApp_HandleConnStatusCB
                0x000000000000c88a       0x74 e:/Code/EXAM/BLE/LIB\libCH58xBLE.a(gattservapp.o)
                0x000000000000c88a                gattServApp_HandleConnStatusCB
 .text.GATT_InitServer
                0x000000000000c8fe       0xfa e:/Code/EXAM/BLE/LIB\libCH58xBLE.a(gattservapp.o)
                0x000000000000c8fe                GATT_InitServer
 .text.GATTServApp_Init
                0x000000000000c9f8       0x34 e:/Code/EXAM/BLE/LIB\libCH58xBLE.a(gattservapp.o)
                0x000000000000c9f8                GATTServApp_Init
 .text.GATTServApp_ProcessEvent
                0x000000000000ca2c      0x36a e:/Code/EXAM/BLE/LIB\libCH58xBLE.a(gattservapp.o)
                0x000000000000ca2c                GATTServApp_ProcessEvent
 .text.l2capAllocConnChannel
                0x000000000000cd96       0xdc e:/Code/EXAM/BLE/LIB\libCH58xBLE.a(l2cap.o)
                0x000000000000cd96                l2capAllocConnChannel
 .text.l2capFindLocalCID
                0x000000000000ce72       0x2c e:/Code/EXAM/BLE/LIB\libCH58xBLE.a(l2cap.o)
                0x000000000000ce72                l2capFindLocalCID
 .text.l2capFindLocalId
                0x000000000000ce9e       0x30 e:/Code/EXAM/BLE/LIB\libCH58xBLE.a(l2cap.o)
                0x000000000000ce9e                l2capFindLocalId
 .text.l2capFindPsm
                0x000000000000cece       0x2c e:/Code/EXAM/BLE/LIB\libCH58xBLE.a(l2cap.o)
                0x000000000000cece                l2capFindPsm
 .text.l2capFindRemoteCID
                0x000000000000cefa       0x3c e:/Code/EXAM/BLE/LIB\libCH58xBLE.a(l2cap.o)
                0x000000000000cefa                l2capFindRemoteCID
 .text.l2capFreeChannel
                0x000000000000cf36       0x4e e:/Code/EXAM/BLE/LIB\libCH58xBLE.a(l2cap.o)
                0x000000000000cf36                l2capFreeChannel
 .text.l2capDisconnectChannel
                0x000000000000cf84       0x28 e:/Code/EXAM/BLE/LIB\libCH58xBLE.a(l2cap.o)
                0x000000000000cf84                l2capDisconnectChannel
 .text.l2capHandleTimerCB
                0x000000000000cfac       0x2c e:/Code/EXAM/BLE/LIB\libCH58xBLE.a(l2cap.o)
                0x000000000000cfac                l2capHandleTimerCB
 .text.l2capFreePendingPkt
                0x000000000000cfd8       0x58 e:/Code/EXAM/BLE/LIB\libCH58xBLE.a(l2cap.o)
                0x000000000000cfd8                l2capFreePendingPkt
 .text.l2capGetCoChannelInfo
                0x000000000000d030       0x82 e:/Code/EXAM/BLE/LIB\libCH58xBLE.a(l2cap.o)
                0x000000000000d030                l2capGetCoChannelInfo
 .text.l2capNumActiveChannnels
                0x000000000000d0b2       0x44 e:/Code/EXAM/BLE/LIB\libCH58xBLE.a(l2cap.o)
                0x000000000000d0b2                l2capNumActiveChannnels
 .text.l2capStartTimer
                0x000000000000d0f6       0x1a e:/Code/EXAM/BLE/LIB\libCH58xBLE.a(l2cap.o)
                0x000000000000d0f6                l2capStartTimer
 .text.l2capStopTimer
                0x000000000000d110       0x1e e:/Code/EXAM/BLE/LIB\libCH58xBLE.a(l2cap.o)
                0x000000000000d110                l2capStopTimer
 .text.l2capDisconnectAllChannels
                0x000000000000d12e       0xdc e:/Code/EXAM/BLE/LIB\libCH58xBLE.a(l2cap.o)
                0x000000000000d12e                l2capDisconnectAllChannels
 .text.l2capHandleConnStatusCB
                0x000000000000d20a       0x3c e:/Code/EXAM/BLE/LIB\libCH58xBLE.a(l2cap.o)
                0x000000000000d20a                l2capHandleConnStatusCB
 .text.l2capHandleRxError
                0x000000000000d246        0x6 e:/Code/EXAM/BLE/LIB\libCH58xBLE.a(l2cap.o)
                0x000000000000d246                l2capHandleRxError
 .text.L2CAP_GetMTU
                0x000000000000d24c        0x6 e:/Code/EXAM/BLE/LIB\libCH58xBLE.a(l2cap.o)
                0x000000000000d24c                L2CAP_GetMTU
 .text.L2CAP_HostNumCompletedPkts
                0x000000000000d252       0x28 e:/Code/EXAM/BLE/LIB\libCH58xBLE.a(l2cap.o)
                0x000000000000d252                L2CAP_HostNumCompletedPkts
 .text.L2CAP_ParseConnectReq
                0x000000000000d27a       0x5e e:/Code/EXAM/BLE/LIB\libCH58xBLE.a(l2cap.o)
                0x000000000000d27a                L2CAP_ParseConnectReq
 .text.L2CAP_ParseFlowCtrlCredit
                0x000000000000d2d8       0x2e e:/Code/EXAM/BLE/LIB\libCH58xBLE.a(l2cap.o)
                0x000000000000d2d8                L2CAP_ParseFlowCtrlCredit
 .text.L2CAP_RegisterApp
                0x000000000000d306       0x30 e:/Code/EXAM/BLE/LIB\libCH58xBLE.a(l2cap.o)
                0x000000000000d306                L2CAP_RegisterApp
 .text.L2CAP_SetBufSize
                0x000000000000d336       0x1e e:/Code/EXAM/BLE/LIB\libCH58xBLE.a(l2cap.o)
                0x000000000000d336                L2CAP_SetBufSize
 .text.L2CAP_bm_alloc
                0x000000000000d354       0x2a e:/Code/EXAM/BLE/LIB\libCH58xBLE.a(l2cap.o)
                0x000000000000d354                L2CAP_bm_alloc
 .text.L2CAP_Init
                0x000000000000d37e      0x142 e:/Code/EXAM/BLE/LIB\libCH58xBLE.a(l2cap.o)
                0x000000000000d37e                L2CAP_Init
 .text.L2CAP_ProcessEvent
                0x000000000000d4c0       0xc8 e:/Code/EXAM/BLE/LIB\libCH58xBLE.a(l2cap.o)
                0x000000000000d4c0                L2CAP_ProcessEvent
 .text.l2capParseCmdReject
                0x000000000000d588       0x5e e:/Code/EXAM/BLE/LIB\libCH58xBLE.a(l2cap_input.o)
                0x000000000000d588                l2capParseCmdReject
 .text.l2capParseDisconnectReq
                0x000000000000d5e6       0x2e e:/Code/EXAM/BLE/LIB\libCH58xBLE.a(l2cap_input.o)
                0x000000000000d5e6                l2capParseDisconnectReq
 .text.l2capParseDisconnectRsp
                0x000000000000d614       0x2e e:/Code/EXAM/BLE/LIB\libCH58xBLE.a(l2cap_input.o)
                0x000000000000d614                l2capParseDisconnectRsp
 .text.L2CAP_ParseParamUpdateReq
                0x000000000000d642       0x4e e:/Code/EXAM/BLE/LIB\libCH58xBLE.a(l2cap_input.o)
                0x000000000000d642                L2CAP_ParseParamUpdateReq
 .text.l2capParseParamUpdateRsp
                0x000000000000d690       0x1e e:/Code/EXAM/BLE/LIB\libCH58xBLE.a(l2cap_input.o)
                0x000000000000d690                l2capParseParamUpdateRsp
 .text.l2capProcessConnectReq
                0x000000000000d6ae       0xfc e:/Code/EXAM/BLE/LIB\libCH58xBLE.a(l2cap_input.o)
                0x000000000000d6ae                l2capProcessConnectReq
 .text.l2capParseConnectRsp
                0x000000000000d7aa       0x5e e:/Code/EXAM/BLE/LIB\libCH58xBLE.a(l2cap_input.o)
                0x000000000000d7aa                l2capParseConnectRsp
 .text.l2capParseSignalHdr
                0x000000000000d808       0x22 e:/Code/EXAM/BLE/LIB\libCH58xBLE.a(l2cap_input.o)
                0x000000000000d808                l2capParseSignalHdr
 .text.l2capParsePacket
                0x000000000000d82a       0x8c e:/Code/EXAM/BLE/LIB\libCH58xBLE.a(l2cap_input.o)
                0x000000000000d82a                l2capParsePacket
 .text.l2capProcessReq
                0x000000000000d8b6      0x15a e:/Code/EXAM/BLE/LIB\libCH58xBLE.a(l2cap_input.o)
                0x000000000000d8b6                l2capProcessReq
 .text.l2capProcessRsp
                0x000000000000da10      0x150 e:/Code/EXAM/BLE/LIB\libCH58xBLE.a(l2cap_input.o)
                0x000000000000da10                l2capProcessRsp
 .text.l2capProcessRxData
                0x000000000000db60       0xf8 e:/Code/EXAM/BLE/LIB\libCH58xBLE.a(l2cap_input.o)
                0x000000000000db60                l2capProcessRxData
 .text.l2capNotifyData
                0x000000000000dc58       0x5e e:/Code/EXAM/BLE/LIB\libCH58xBLE.a(l2cap_output.o)
                0x000000000000dc58                l2capNotifyData
 .text.l2capNotifySignal
                0x000000000000dcb6       0x7a e:/Code/EXAM/BLE/LIB\libCH58xBLE.a(l2cap_output.o)
                0x000000000000dcb6                l2capNotifySignal
 .text.l2capNotifyCreditEvt
                0x000000000000dd30       0xa0 e:/Code/EXAM/BLE/LIB\libCH58xBLE.a(l2cap_output.o)
                0x000000000000dd30                l2capNotifyCreditEvt
 .text.l2capNotifyChannelEstEvt
                0x000000000000ddd0       0x5c e:/Code/EXAM/BLE/LIB\libCH58xBLE.a(l2cap_output.o)
                0x000000000000ddd0                l2capNotifyChannelEstEvt
 .text.l2capNotifyChannelTermEvt
                0x000000000000de2c       0x3e e:/Code/EXAM/BLE/LIB\libCH58xBLE.a(l2cap_output.o)
                0x000000000000de2c                l2capNotifyChannelTermEvt
 .text.l2capNotifyEvent
                0x000000000000de6a       0x66 e:/Code/EXAM/BLE/LIB\libCH58xBLE.a(l2cap_output.o)
                0x000000000000de6a                l2capNotifyEvent
 .text.l2capStoreFCPkt
                0x000000000000ded0       0x32 e:/Code/EXAM/BLE/LIB\libCH58xBLE.a(l2cap_output.o)
                0x000000000000ded0                l2capStoreFCPkt
 .text.l2capFreeTxSDU
                0x000000000000df02       0x9e e:/Code/EXAM/BLE/LIB\libCH58xBLE.a(l2cap_output.o)
                0x000000000000df02                l2capFreeTxSDU
 .text.l2capReassembleSegment
                0x000000000000dfa0      0x174 e:/Code/EXAM/BLE/LIB\libCH58xBLE.a(l2cap_output.o)
                0x000000000000dfa0                l2capReassembleSegment
 .text.l2capEncapSendData
                0x000000000000e114       0xec e:/Code/EXAM/BLE/LIB\libCH58xBLE.a(l2cap_output.o)
                0x000000000000e114                l2capEncapSendData
 .text.l2capSendFCPkt.part.3
                0x000000000000e200       0x70 e:/Code/EXAM/BLE/LIB\libCH58xBLE.a(l2cap_output.o)
 .text.l2capSendSegment
                0x000000000000e270      0x108 e:/Code/EXAM/BLE/LIB\libCH58xBLE.a(l2cap_output.o)
                0x000000000000e270                l2capSendSegment
 .text.l2capSendNextSegment
                0x000000000000e378       0xb4 e:/Code/EXAM/BLE/LIB\libCH58xBLE.a(l2cap_output.o)
                0x000000000000e378                l2capSendNextSegment
 .text.l2capSendPkt
                0x000000000000e42c       0x3a e:/Code/EXAM/BLE/LIB\libCH58xBLE.a(l2cap_output.o)
                0x000000000000e42c                l2capSendPkt
 .text.L2CAP_SendData
                0x000000000000e466       0x82 e:/Code/EXAM/BLE/LIB\libCH58xBLE.a(l2cap_output.o)
                0x000000000000e466                L2CAP_SendData
 .text.l2capSendCmd
                0x000000000000e4e8       0x8a e:/Code/EXAM/BLE/LIB\libCH58xBLE.a(l2cap_output.o)
                0x000000000000e4e8                l2capSendCmd
 .text.l2capSendReq
                0x000000000000e572       0xbc e:/Code/EXAM/BLE/LIB\libCH58xBLE.a(l2cap_output.o)
                0x000000000000e572                l2capSendReq
 .text.l2capBuildDisconnectReq
                0x000000000000e62e       0x28 e:/Code/EXAM/BLE/LIB\libCH58xBLE.a(l2cap_sdu.o)
 .text.l2capBuildParamUpdateReq
                0x000000000000e656       0x4c e:/Code/EXAM/BLE/LIB\libCH58xBLE.a(l2cap_sdu.o)
 .text.l2capBuildParamUpdateRsp
                0x000000000000e6a2       0x16 e:/Code/EXAM/BLE/LIB\libCH58xBLE.a(l2cap_sdu.o)
 .text.l2capBuildConnectRsp
                0x000000000000e6b8       0x5e e:/Code/EXAM/BLE/LIB\libCH58xBLE.a(l2cap_sdu.o)
 .text.l2capBuildCmdReject
                0x000000000000e716       0x62 e:/Code/EXAM/BLE/LIB\libCH58xBLE.a(l2cap_sdu.o)
                0x000000000000e716                l2capBuildCmdReject
 .text.l2capBuildDisconnectRsp
                0x000000000000e778       0x28 e:/Code/EXAM/BLE/LIB\libCH58xBLE.a(l2cap_sdu.o)
                0x000000000000e778                l2capBuildDisconnectRsp
 .text.l2capSendConnectRsp
                0x000000000000e7a0       0xa6 e:/Code/EXAM/BLE/LIB\libCH58xBLE.a(l2cap_sdu.o)
                0x000000000000e7a0                l2capSendConnectRsp
 .text.L2CAP_CmdReject
                0x000000000000e846       0x12 e:/Code/EXAM/BLE/LIB\libCH58xBLE.a(l2cap_sdu.o)
                0x000000000000e846                L2CAP_CmdReject
 .text.L2CAP_DisconnectReq
                0x000000000000e858       0x2a e:/Code/EXAM/BLE/LIB\libCH58xBLE.a(l2cap_sdu.o)
                0x000000000000e858                L2CAP_DisconnectReq
 .text.L2CAP_ConnParamUpdateReq
                0x000000000000e882       0x16 e:/Code/EXAM/BLE/LIB\libCH58xBLE.a(l2cap_sdu.o)
                0x000000000000e882                L2CAP_ConnParamUpdateReq
 .text.L2CAP_ConnParamUpdateRsp
                0x000000000000e898       0x12 e:/Code/EXAM/BLE/LIB\libCH58xBLE.a(l2cap_sdu.o)
                0x000000000000e898                L2CAP_ConnParamUpdateRsp
 .text.reportStatusChange
                0x000000000000e8aa       0x3e e:/Code/EXAM/BLE/LIB\libCH58xBLE.a(linkdb.o)
 .text.linkDB_Init
                0x000000000000e8e8       0xa0 e:/Code/EXAM/BLE/LIB\libCH58xBLE.a(linkdb.o)
                0x000000000000e8e8                linkDB_Init
 .text.linkDB_Find
                0x000000000000e988       0x30 e:/Code/EXAM/BLE/LIB\libCH58xBLE.a(linkdb.o)
                0x000000000000e988                linkDB_Find
 .text.linkDB_Authen
                0x000000000000e9b8       0x5c e:/Code/EXAM/BLE/LIB\libCH58xBLE.a(linkdb.o)
                0x000000000000e9b8                linkDB_Authen
 .text.linkDB_FindByAddr
                0x000000000000ea14       0x7e e:/Code/EXAM/BLE/LIB\libCH58xBLE.a(linkdb.o)
                0x000000000000ea14                linkDB_FindByAddr
 .text.linkDB_FindFirst
                0x000000000000ea92       0x3c e:/Code/EXAM/BLE/LIB\libCH58xBLE.a(linkdb.o)
                0x000000000000ea92                linkDB_FindFirst
 .text.linkDB_MTU
                0x000000000000eace       0x18 e:/Code/EXAM/BLE/LIB\libCH58xBLE.a(linkdb.o)
                0x000000000000eace                linkDB_MTU
 .text.linkDB_NumActive
                0x000000000000eae6       0x32 e:/Code/EXAM/BLE/LIB\libCH58xBLE.a(linkdb.o)
                0x000000000000eae6                linkDB_NumActive
 .text.linkDB_NumConns
                0x000000000000eb18        0xa e:/Code/EXAM/BLE/LIB\libCH58xBLE.a(linkdb.o)
                0x000000000000eb18                linkDB_NumConns
 .text.linkDB_Register
                0x000000000000eb22       0x28 e:/Code/EXAM/BLE/LIB\libCH58xBLE.a(linkdb.o)
                0x000000000000eb22                linkDB_Register
 .text.linkDB_Remove
                0x000000000000eb4a       0x4c e:/Code/EXAM/BLE/LIB\libCH58xBLE.a(linkdb.o)
                0x000000000000eb4a                linkDB_Remove
 .text.linkDB_Role
                0x000000000000eb96       0x18 e:/Code/EXAM/BLE/LIB\libCH58xBLE.a(linkdb.o)
                0x000000000000eb96                linkDB_Role
 .text.linkDB_State
                0x000000000000ebae       0x30 e:/Code/EXAM/BLE/LIB\libCH58xBLE.a(linkdb.o)
                0x000000000000ebae                linkDB_State
 .text.linkDB_UpdateMTU
                0x000000000000ebde       0x28 e:/Code/EXAM/BLE/LIB\libCH58xBLE.a(linkdb.o)
                0x000000000000ebde                linkDB_UpdateMTU
 .text.linkDB_PerformFunc
                0x000000000000ec06       0x56 e:/Code/EXAM/BLE/LIB\libCH58xBLE.a(linkdb.o)
                0x000000000000ec06                linkDB_PerformFunc
 .text.linkDB_GetSMEvtID
                0x000000000000ec5c       0x5c e:/Code/EXAM/BLE/LIB\libCH58xBLE.a(linkdb.o)
                0x000000000000ec5c                linkDB_GetSMEvtID
 .text.linkDB_Add
                0x000000000000ecb8       0xb2 e:/Code/EXAM/BLE/LIB\libCH58xBLE.a(linkdb.o)
                0x000000000000ecb8                linkDB_Add
 .text.linkDB_GetHandleFromSMEvtID
                0x000000000000ed6a       0x36 e:/Code/EXAM/BLE/LIB\libCH58xBLE.a(linkdb.o)
                0x000000000000ed6a                linkDB_GetHandleFromSMEvtID
 .text.linkDB_GetPairingParam
                0x000000000000eda0       0x72 e:/Code/EXAM/BLE/LIB\libCH58xBLE.a(linkdb.o)
                0x000000000000eda0                linkDB_GetPairingParam
 .text.linkDB_NeedSendKey
                0x000000000000ee12       0x48 e:/Code/EXAM/BLE/LIB\libCH58xBLE.a(linkdb.o)
                0x000000000000ee12                linkDB_NeedSendKey
 .text.smStartRspTimer
                0x000000000000ee5a       0x3a e:/Code/EXAM/BLE/LIB\libCH58xBLE.a(sm.o)
 .text.smStartEncryption
                0x000000000000ee94       0xa0 e:/Code/EXAM/BLE/LIB\libCH58xBLE.a(sm.o)
 .text.smFreePairingParams
                0x000000000000ef34       0x7e e:/Code/EXAM/BLE/LIB\libCH58xBLE.a(sm.o)
                0x000000000000ef34                smFreePairingParams
 .text.smEndPairing
                0x000000000000efb2       0x60 e:/Code/EXAM/BLE/LIB\libCH58xBLE.a(sm.o)
                0x000000000000efb2                smEndPairing
 .text.smLinkCheck
                0x000000000000f012       0x34 e:/Code/EXAM/BLE/LIB\libCH58xBLE.a(sm.o)
                0x000000000000f012                smLinkCheck
 .text.smNextPairingState
                0x000000000000f046       0x58 e:/Code/EXAM/BLE/LIB\libCH58xBLE.a(sm.o)
                0x000000000000f046                smNextPairingState
 .text.smProcessEncryptChange
                0x000000000000f09e       0xf0 e:/Code/EXAM/BLE/LIB\libCH58xBLE.a(sm.o)
                0x000000000000f09e                smProcessEncryptChange
 .text.smSendSMMsg
                0x000000000000f18e       0x5c e:/Code/EXAM/BLE/LIB\libCH58xBLE.a(sm.o)
                0x000000000000f18e                smSendSMMsg
 .text.smSendFailAndEnd
                0x000000000000f1ea       0x38 e:/Code/EXAM/BLE/LIB\libCH58xBLE.a(sm.o)
                0x000000000000f1ea                smSendFailAndEnd
 .text.smProcessPairingReq
                0x000000000000f222       0x3c e:/Code/EXAM/BLE/LIB\libCH58xBLE.a(sm.o)
                0x000000000000f222                smProcessPairingReq
 .text.smSetPairingReqRsp
                0x000000000000f25e       0x3c e:/Code/EXAM/BLE/LIB\libCH58xBLE.a(sm.o)
                0x000000000000f25e                smSetPairingReqRsp
 .text.SM_StartEncryption
                0x000000000000f29a       0x16 e:/Code/EXAM/BLE/LIB\libCH58xBLE.a(sm.o)
                0x000000000000f29a                SM_StartEncryption
 .text.sm_dhkey
                0x000000000000f2b0       0x3a e:/Code/EXAM/BLE/LIB\libCH58xBLE.a(sm.o)
                0x000000000000f2b0                sm_dhkey
 .text.sm_c1    0x000000000000f2ea       0xb4 e:/Code/EXAM/BLE/LIB\libCH58xBLE.a(sm.o)
                0x000000000000f2ea                sm_c1
 .text.smDetermineKeySize
                0x000000000000f39e       0x20 e:/Code/EXAM/BLE/LIB\libCH58xBLE.a(sm.o)
                0x000000000000f39e                smDetermineKeySize
 .text.smpParsePairingReq
                0x000000000000f3be      0x118 e:/Code/EXAM/BLE/LIB\libCH58xBLE.a(sm.o)
                0x000000000000f3be                smpParsePairingReq
 .text.smpParseEncInfo
                0x000000000000f4d6       0x2a e:/Code/EXAM/BLE/LIB\libCH58xBLE.a(sm.o)
                0x000000000000f4d6                smpParseEncInfo
 .text.smpParseIdentityAddrInfo
                0x000000000000f500       0x34 e:/Code/EXAM/BLE/LIB\libCH58xBLE.a(sm.o)
                0x000000000000f500                smpParseIdentityAddrInfo
 .text.smpParseIdentityInfo
                0x000000000000f534       0x2a e:/Code/EXAM/BLE/LIB\libCH58xBLE.a(sm.o)
                0x000000000000f534                smpParseIdentityInfo
 .text.smpParseMasterID
                0x000000000000f55e       0x3c e:/Code/EXAM/BLE/LIB\libCH58xBLE.a(sm.o)
                0x000000000000f55e                smpParseMasterID
 .text.smpParsePairingConfirm
                0x000000000000f59a       0x2a e:/Code/EXAM/BLE/LIB\libCH58xBLE.a(sm.o)
                0x000000000000f59a                smpParsePairingConfirm
 .text.smpParsePairingFailed
                0x000000000000f5c4       0x1c e:/Code/EXAM/BLE/LIB\libCH58xBLE.a(sm.o)
                0x000000000000f5c4                smpParsePairingFailed
 .text.smpParsePairingRandom
                0x000000000000f5e0       0x2a e:/Code/EXAM/BLE/LIB\libCH58xBLE.a(sm.o)
                0x000000000000f5e0                smpParsePairingRandom
 .text.smpParseSigningInfo
                0x000000000000f60a       0x2a e:/Code/EXAM/BLE/LIB\libCH58xBLE.a(sm.o)
                0x000000000000f60a                smpParseSigningInfo
 .text.smpParsePairingPublicKey
                0x000000000000f634       0x2c e:/Code/EXAM/BLE/LIB\libCH58xBLE.a(sm.o)
                0x000000000000f634                smpParsePairingPublicKey
 .text.smpParsePairingDHKeyCheck
                0x000000000000f660       0x2a e:/Code/EXAM/BLE/LIB\libCH58xBLE.a(sm.o)
                0x000000000000f660                smpParsePairingDHKeyCheck
 .text.smProcessDataMsg
                0x000000000000f68a       0xfc e:/Code/EXAM/BLE/LIB\libCH58xBLE.a(sm.o)
                0x000000000000f68a                smProcessDataMsg
 .text.smProcessTMOSMsg
                0x000000000000f786      0x164 e:/Code/EXAM/BLE/LIB\libCH58xBLE.a(sm.o)
                0x000000000000f786                smProcessTMOSMsg
 .text.SM_CalcRandomAddr
                0x000000000000f8ea       0x54 e:/Code/EXAM/BLE/LIB\libCH58xBLE.a(sm.o)
                0x000000000000f8ea                SM_CalcRandomAddr
 .text.SM_GenerateAuthenSig
                0x000000000000f93e       0xe6 e:/Code/EXAM/BLE/LIB\libCH58xBLE.a(sm.o)
                0x000000000000f93e                SM_GenerateAuthenSig
 .text.SM_PasskeyUpdate
                0x000000000000fa24       0xe8 e:/Code/EXAM/BLE/LIB\libCH58xBLE.a(sm.o)
                0x000000000000fa24                SM_PasskeyUpdate
 .text.SM_ResolveRandomAddrs
                0x000000000000fb0c       0x5e e:/Code/EXAM/BLE/LIB\libCH58xBLE.a(sm.o)
                0x000000000000fb0c                SM_ResolveRandomAddrs
 .text.SM_StartPairing
                0x000000000000fb6a       0xc2 e:/Code/EXAM/BLE/LIB\libCH58xBLE.a(sm.o)
                0x000000000000fb6a                SM_StartPairing
 .text.SM_VerifyAuthenSig
                0x000000000000fc2c      0x150 e:/Code/EXAM/BLE/LIB\libCH58xBLE.a(sm.o)
                0x000000000000fc2c                SM_VerifyAuthenSig
 .text.SM_ProcessEvent
                0x000000000000fd7c       0xb4 e:/Code/EXAM/BLE/LIB\libCH58xBLE.a(sm.o)
                0x000000000000fd7c                SM_ProcessEvent
 .text.SM_ParamInit
                0x000000000000fe30       0x5a e:/Code/EXAM/BLE/LIB\libCH58xBLE.a(sm.o)
                0x000000000000fe30                SM_ParamInit
 .text.SM_InitiatorInit
                0x000000000000fe8a       0x1e e:/Code/EXAM/BLE/LIB\libCH58xBLE.a(sm.o)
                0x000000000000fe8a                SM_InitiatorInit
 .text.SM_ResponderInit
                0x000000000000fea8       0x1e e:/Code/EXAM/BLE/LIB\libCH58xBLE.a(sm.o)
                0x000000000000fea8                SM_ResponderInit
 .text.SM_Init  0x000000000000fec6       0x2a e:/Code/EXAM/BLE/LIB\libCH58xBLE.a(sm.o)
                0x000000000000fec6                SM_Init
 .text.smpInitiatorProcessPairingRsp
                0x000000000000fef0      0x278 e:/Code/EXAM/BLE/LIB\libCH58xBLE.a(sm_initiator.o)
                0x000000000000fef0                smpInitiatorProcessPairingRsp
 .text.smInitiatorSendNextKeyInfo
                0x0000000000010168      0x26a e:/Code/EXAM/BLE/LIB\libCH58xBLE.a(sm_initiator.o)
                0x0000000000010168                smInitiatorSendNextKeyInfo
 .text.setupInitiatorKeys
                0x00000000000103d2       0x88 e:/Code/EXAM/BLE/LIB\libCH58xBLE.a(sm_initiator.o)
 .text.smpInitiatorProcessIncoming
                0x000000000001045a      0x410 e:/Code/EXAM/BLE/LIB\libCH58xBLE.a(sm_initiator.o)
                0x000000000001045a                smpInitiatorProcessIncoming
 .text.smpBuildPairingReqRsp
                0x000000000001086a       0xc6 e:/Code/EXAM/BLE/LIB\libCH58xBLE.a(sm_pdu.o)
 .text.smpBuildPairingReq
                0x0000000000010930        0xa e:/Code/EXAM/BLE/LIB\libCH58xBLE.a(sm_pdu.o)
                0x0000000000010930                smpBuildPairingReq
 .text.smpBuildPairingRsp
                0x000000000001093a        0xa e:/Code/EXAM/BLE/LIB\libCH58xBLE.a(sm_pdu.o)
                0x000000000001093a                smpBuildPairingRsp
 .text.smpBuildPairingConfirm
                0x0000000000010944       0x30 e:/Code/EXAM/BLE/LIB\libCH58xBLE.a(sm_pdu.o)
                0x0000000000010944                smpBuildPairingConfirm
 .text.smpBuildPairingRandom
                0x0000000000010974       0x30 e:/Code/EXAM/BLE/LIB\libCH58xBLE.a(sm_pdu.o)
                0x0000000000010974                smpBuildPairingRandom
 .text.smpBuildEncInfo
                0x00000000000109a4       0x30 e:/Code/EXAM/BLE/LIB\libCH58xBLE.a(sm_pdu.o)
                0x00000000000109a4                smpBuildEncInfo
 .text.smpBuildMasterID
                0x00000000000109d4       0x44 e:/Code/EXAM/BLE/LIB\libCH58xBLE.a(sm_pdu.o)
                0x00000000000109d4                smpBuildMasterID
 .text.smpBuildIdentityInfo
                0x0000000000010a18       0x30 e:/Code/EXAM/BLE/LIB\libCH58xBLE.a(sm_pdu.o)
                0x0000000000010a18                smpBuildIdentityInfo
 .text.smpBuildIdentityAddrInfo
                0x0000000000010a48       0x3a e:/Code/EXAM/BLE/LIB\libCH58xBLE.a(sm_pdu.o)
                0x0000000000010a48                smpBuildIdentityAddrInfo
 .text.smpBuildSigningInfo
                0x0000000000010a82       0x30 e:/Code/EXAM/BLE/LIB\libCH58xBLE.a(sm_pdu.o)
                0x0000000000010a82                smpBuildSigningInfo
 .text.smpBuildPublicKey
                0x0000000000010ab2       0x32 e:/Code/EXAM/BLE/LIB\libCH58xBLE.a(sm_pdu.o)
                0x0000000000010ab2                smpBuildPublicKey
 .text.smpBuildDHKey
                0x0000000000010ae4       0x30 e:/Code/EXAM/BLE/LIB\libCH58xBLE.a(sm_pdu.o)
                0x0000000000010ae4                smpBuildDHKey
 .text.smpBuildPairingFailed
                0x0000000000010b14       0x1a e:/Code/EXAM/BLE/LIB\libCH58xBLE.a(sm_pdu.o)
                0x0000000000010b14                smpBuildPairingFailed
 .text.smpBuildSecurityReq
                0x0000000000010b2e       0x1a e:/Code/EXAM/BLE/LIB\libCH58xBLE.a(sm_pdu.o)
                0x0000000000010b2e                smpBuildSecurityReq
 .text.smGeneratePairingReq
                0x0000000000010b48       0x30 e:/Code/EXAM/BLE/LIB\libCH58xBLE.a(sm_pdu.o)
                0x0000000000010b48                smGeneratePairingReq
 .text.smGeneratePairingRsp
                0x0000000000010b78       0x30 e:/Code/EXAM/BLE/LIB\libCH58xBLE.a(sm_pdu.o)
                0x0000000000010b78                smGeneratePairingRsp
 .text.smGenerateConfirm
                0x0000000000010ba8       0x34 e:/Code/EXAM/BLE/LIB\libCH58xBLE.a(sm_pdu.o)
                0x0000000000010ba8                smGenerateConfirm
 .text.smGenerateRandMsg
                0x0000000000010bdc       0x34 e:/Code/EXAM/BLE/LIB\libCH58xBLE.a(sm_pdu.o)
                0x0000000000010bdc                smGenerateRandMsg
 .text.smGeneratePairingPublicKey
                0x0000000000010c10       0x60 e:/Code/EXAM/BLE/LIB\libCH58xBLE.a(sm_pdu.o)
                0x0000000000010c10                smGeneratePairingPublicKey
 .text.smGeneratePairingDHKeyCheck
                0x0000000000010c70      0x24c e:/Code/EXAM/BLE/LIB\libCH58xBLE.a(sm_pdu.o)
                0x0000000000010c70                smGeneratePairingDHKeyCheck
 .text.smPairingSendEncInfo
                0x0000000000010ebc       0x10 e:/Code/EXAM/BLE/LIB\libCH58xBLE.a(sm_pdu.o)
                0x0000000000010ebc                smPairingSendEncInfo
 .text.smPairingSendIdentityAddrInfo
                0x0000000000010ecc       0x38 e:/Code/EXAM/BLE/LIB\libCH58xBLE.a(sm_pdu.o)
                0x0000000000010ecc                smPairingSendIdentityAddrInfo
 .text.smPairingSendIdentityInfo
                0x0000000000010f04       0x10 e:/Code/EXAM/BLE/LIB\libCH58xBLE.a(sm_pdu.o)
                0x0000000000010f04                smPairingSendIdentityInfo
 .text.smPairingSendMasterID
                0x0000000000010f14       0x38 e:/Code/EXAM/BLE/LIB\libCH58xBLE.a(sm_pdu.o)
                0x0000000000010f14                smPairingSendMasterID
 .text.smPairingSendSingingInfo
                0x0000000000010f4c       0x10 e:/Code/EXAM/BLE/LIB\libCH58xBLE.a(sm_pdu.o)
                0x0000000000010f4c                smPairingSendSingingInfo
 .text.smResponderSendNextKeyInfo
                0x0000000000010f5c      0x2de e:/Code/EXAM/BLE/LIB\libCH58xBLE.a(sm_responding.o)
                0x0000000000010f5c                smResponderSendNextKeyInfo
 .text.smResponderProcessLTKReq
                0x000000000001123a      0x1a6 e:/Code/EXAM/BLE/LIB\libCH58xBLE.a(sm_responding.o)
                0x000000000001123a                smResponderProcessLTKReq
 .text.smpResponderProcessIncoming
                0x00000000000113e0      0x6f6 e:/Code/EXAM/BLE/LIB\libCH58xBLE.a(sm_responding.o)
                0x00000000000113e0                smpResponderProcessIncoming
 .text.xor_128  0x0000000000011ad6       0x28 e:/Code/EXAM/BLE/LIB\libCH58xBLE.a(sm_toolbox.o)
                0x0000000000011ad6                xor_128
 .text.leftshift_onebit
                0x0000000000011afe       0x2e e:/Code/EXAM/BLE/LIB\libCH58xBLE.a(sm_toolbox.o)
                0x0000000000011afe                leftshift_onebit
 .text.padding  0x0000000000011b2c       0x38 e:/Code/EXAM/BLE/LIB\libCH58xBLE.a(sm_toolbox.o)
                0x0000000000011b2c                padding
 .text.generate_subkey
                0x0000000000011b64       0xd4 e:/Code/EXAM/BLE/LIB\libCH58xBLE.a(sm_toolbox.o)
                0x0000000000011b64                generate_subkey
 .text.sm_xor   0x0000000000011c38       0x24 e:/Code/EXAM/BLE/LIB\libCH58xBLE.a(sm_toolbox.o)
                0x0000000000011c38                sm_xor
 .text.sm_ah    0x0000000000011c5c       0x90 e:/Code/EXAM/BLE/LIB\libCH58xBLE.a(sm_toolbox.o)
                0x0000000000011c5c                sm_ah
 .text.sm_c1new
                0x0000000000011cec      0x144 e:/Code/EXAM/BLE/LIB\libCH58xBLE.a(sm_toolbox.o)
                0x0000000000011cec                sm_c1new
 .text.sm_s1    0x0000000000011e30       0x96 e:/Code/EXAM/BLE/LIB\libCH58xBLE.a(sm_toolbox.o)
                0x0000000000011e30                sm_s1
 .text.sm_CMAC  0x0000000000011ec6      0x172 e:/Code/EXAM/BLE/LIB\libCH58xBLE.a(sm_toolbox.o)
                0x0000000000011ec6                sm_CMAC
 .text.HOST_LE_ConnectionCompleteEvent
                0x0000000000012038       0xca e:/Code/EXAM/BLE/LIB\libCH58xBLE.a(host_input.o)
                0x0000000000012038                HOST_LE_ConnectionCompleteEvent
 .text.HOST_LE_AdvPktReportEvent
                0x0000000000012102       0x98 e:/Code/EXAM/BLE/LIB\libCH58xBLE.a(host_input.o)
                0x0000000000012102                HOST_LE_AdvPktReportEvent
 .text.HOST_LE_ConnectionUpdateCompleteEvent
                0x000000000001219a       0x60 e:/Code/EXAM/BLE/LIB\libCH58xBLE.a(host_input.o)
                0x000000000001219a                HOST_LE_ConnectionUpdateCompleteEvent
 .text.HOST_LE_ReadRemoteUsedFeaturesCompleteEvent
                0x00000000000121fa       0x66 e:/Code/EXAM/BLE/LIB\libCH58xBLE.a(host_input.o)
                0x00000000000121fa                HOST_LE_ReadRemoteUsedFeaturesCompleteEvent
 .text.HOST_LE_LongTermKeyRequestEvent
                0x0000000000012260       0x64 e:/Code/EXAM/BLE/LIB\libCH58xBLE.a(host_input.o)
                0x0000000000012260                HOST_LE_LongTermKeyRequestEvent
 .text.HOST_LE_RemoteConnectionParameterRequestEvent
                0x00000000000122c4       0x60 e:/Code/EXAM/BLE/LIB\libCH58xBLE.a(host_input.o)
                0x00000000000122c4                HOST_LE_RemoteConnectionParameterRequestEvent
 .text.HOST_RemoteConnectionParameterRequestEvent
                0x0000000000012324       0x42 e:/Code/EXAM/BLE/LIB\libCH58xBLE.a(host_input.o)
                0x0000000000012324                HOST_RemoteConnectionParameterRequestEvent
 .text.HOST_LE_DataLengthChangeEvent
                0x0000000000012366       0x60 e:/Code/EXAM/BLE/LIB\libCH58xBLE.a(host_input.o)
                0x0000000000012366                HOST_LE_DataLengthChangeEvent
 .text.HOST_LE_EnhancedConnectionCompleteEvent
                0x00000000000123c6      0x128 e:/Code/EXAM/BLE/LIB\libCH58xBLE.a(host_input.o)
                0x00000000000123c6                HOST_LE_EnhancedConnectionCompleteEvent
 .text.HOST_LE_DirectAdvertisingReportEvent
                0x00000000000124ee       0xba e:/Code/EXAM/BLE/LIB\libCH58xBLE.a(host_input.o)
                0x00000000000124ee                HOST_LE_DirectAdvertisingReportEvent
 .text.HOST_LE_PHYUpdateCompleteReportEvent
                0x00000000000125a8       0x58 e:/Code/EXAM/BLE/LIB\libCH58xBLE.a(host_input.o)
                0x00000000000125a8                HOST_LE_PHYUpdateCompleteReportEvent
 .text.HOST_LE_ExtendedAdvertisingReportEvent
                0x0000000000012600       0xfc e:/Code/EXAM/BLE/LIB\libCH58xBLE.a(host_input.o)
                0x0000000000012600                HOST_LE_ExtendedAdvertisingReportEvent
 .text.HOST_LE_PeriodicAdvertisingSyncEstablishedEvent
                0x00000000000126fc       0x9c e:/Code/EXAM/BLE/LIB\libCH58xBLE.a(host_input.o)
                0x00000000000126fc                HOST_LE_PeriodicAdvertisingSyncEstablishedEvent
 .text.HOST_LE_PeriodicAdvertisingSyncLostEvent
                0x0000000000012798       0x40 e:/Code/EXAM/BLE/LIB\libCH58xBLE.a(host_input.o)