Archive member included to satisfy reference by file (symbol)

e:/Code/EXAM/SRC/StdPeriphDriver\libISP583.a(ISP583.o)
                              ./StdPeriphDriver/CH58x_flash.o (FLASH_EEPROM_CMD)
e:/Code/EXAM/BLE/LIB\libCH58xBLE.a(message.o)
                              ./HAL/MCU.o (tmos_msg_deallocate)
e:/Code/EXAM/BLE/LIB\libCH58xBLE.a(tmos.o)
                              ./APP/central.o (tmos_rand)
e:/Code/EXAM/BLE/LIB\libCH58xBLE.a(tmos_hw.o)
                              ./HAL/RTC.o (TMOS_TimerInit)
e:/Code/EXAM/BLE/LIB\libCH58xBLE.a(tmos_snv.o)
                              e:/Code/EXAM/BLE/LIB\libCH58xBLE.a(tmos.o) (tmos_snv_init)
e:/Code/EXAM/BLE/LIB\libCH58xBLE.a(gap.o)
                              ./APP/central.o (GAP_SetParamValue)
e:/Code/EXAM/BLE/LIB\libCH58xBLE.a(gap_central.o)
                              e:/Code/EXAM/BLE/LIB\libCH58xBLE.a(gap.o) (gapProcessPeriodicAdvertisingSyncEstablishedEvt)
e:/Code/EXAM/BLE/LIB\libCH58xBLE.a(gap_peripheral.o)
                              e:/Code/EXAM/BLE/LIB\libCH58xBLE.a(gap.o) (GAP_PeripheralParamInit)
e:/Code/EXAM/BLE/LIB\libCH58xBLE.a(gatt.o)
                              ./APP/central.o (GATT_DiscAllChars)
e:/Code/EXAM/BLE/LIB\libCH58xBLE.a(gatt_uuid.o)
                              e:/Code/EXAM/BLE/LIB\libCH58xBLE.a(gatt.o) (serviceChangedUUID)
e:/Code/EXAM/BLE/LIB\libCH58xBLE.a(gattclientapp.o)
                              e:/Code/EXAM/BLE/LIB\libCH58xBLE.a(gatt.o) (gattGetClientStatus)
e:/Code/EXAM/BLE/LIB\libCH58xBLE.a(gattservapp.o)
                              e:/Code/EXAM/BLE/LIB\libCH58xBLE.a(gatt.o) (GATT_Indication)
e:/Code/EXAM/BLE/LIB\libCH58xBLE.a(l2cap.o)
                              e:/Code/EXAM/BLE/LIB\libCH58xBLE.a(gatt.o) (L2CAP_GetMTU)
e:/Code/EXAM/BLE/LIB\libCH58xBLE.a(l2cap_input.o)
                              e:/Code/EXAM/BLE/LIB\libCH58xBLE.a(l2cap.o) (l2capProcessRxData)
e:/Code/EXAM/BLE/LIB\libCH58xBLE.a(l2cap_output.o)
                              e:/Code/EXAM/BLE/LIB\libCH58xBLE.a(l2cap_input.o) (l2capNotifyData)
e:/Code/EXAM/BLE/LIB\libCH58xBLE.a(l2cap_sdu.o)
                              e:/Code/EXAM/BLE/LIB\libCH58xBLE.a(l2cap_input.o) (l2capBuildDisconnectRsp)
e:/Code/EXAM/BLE/LIB\libCH58xBLE.a(linkdb.o)
                              e:/Code/EXAM/BLE/LIB\libCH58xBLE.a(l2cap.o) (linkDB_Init)
e:/Code/EXAM/BLE/LIB\libCH58xBLE.a(sm.o)
                              e:/Code/EXAM/BLE/LIB\libCH58xBLE.a(gap.o) (smFreePairingParams)
e:/Code/EXAM/BLE/LIB\libCH58xBLE.a(sm_initiator.o)
                              e:/Code/EXAM/BLE/LIB\libCH58xBLE.a(sm.o) (smInitiatorSendNextKeyInfo)
e:/Code/EXAM/BLE/LIB\libCH58xBLE.a(sm_pdu.o)
                              e:/Code/EXAM/BLE/LIB\libCH58xBLE.a(sm.o) (smpBuildPairingReq)
e:/Code/EXAM/BLE/LIB\libCH58xBLE.a(sm_responding.o)
                              e:/Code/EXAM/BLE/LIB\libCH58xBLE.a(sm.o) (smResponderSendNextKeyInfo)
e:/Code/EXAM/BLE/LIB\libCH58xBLE.a(sm_toolbox.o)
                              e:/Code/EXAM/BLE/LIB\libCH58xBLE.a(sm.o) (sm_ah)
e:/Code/EXAM/BLE/LIB\libCH58xBLE.a(host_input.o)
                              e:/Code/EXAM/BLE/LIB\libCH58xBLE.a(gap.o) (gBleHostPara)
e:/Code/EXAM/BLE/LIB\libCH58xBLE.a(host_output.o)
                              e:/Code/EXAM/BLE/LIB\libCH58xBLE.a(gap.o) (HCI_DisconnectCmd)
e:/Code/EXAM/BLE/LIB\libCH58xBLE.a(ll_master.o)
                              e:/Code/EXAM/BLE/LIB\libCH58xBLE.a(gap_central.o) (LL_SetDataSendPriority)
e:/Code/EXAM/BLE/LIB\libCH58xBLE.a(ll_pdu.o)
                              e:/Code/EXAM/BLE/LIB\libCH58xBLE.a(ll_master.o) (LL_ConnectionUpdateInd)
e:/Code/EXAM/BLE/LIB\libCH58xBLE.a(ll_scan.o)
                              e:/Code/EXAM/BLE/LIB\libCH58xBLE.a(ll_master.o) (LL_ScanEnable)
e:/Code/EXAM/BLE/LIB\libCH58xBLE.a(ll_sync.o)
                              e:/Code/EXAM/BLE/LIB\libCH58xBLE.a(ll_scan.o) (debug_periodic_tmp)
e:/Code/EXAM/BLE/LIB\libCH58xBLE.a(ll_whitelist.o)
                              e:/Code/EXAM/BLE/LIB\libCH58xBLE.a(ll_scan.o) (LL_WhitelistLookup)
e:/Code/EXAM/BLE/LIB\libCH58xBLE.a(aes.o)
                              e:/Code/EXAM/BLE/LIB\libCH58xBLE.a(sm_responding.o) (LL_Encrypt)
e:/Code/EXAM/BLE/LIB\libCH58xBLE.a(bb.o)
                              e:/Code/EXAM/BLE/LIB\libCH58xBLE.a(tmos.o) (BB_DevInit)
e:/Code/EXAM/BLE/LIB\libCH58xBLE.a(ip.o)
                              e:/Code/EXAM/BLE/LIB\libCH58xBLE.a(tmos.o) (ll_rx_wait_finish)
e:/Code/EXAM/BLE/LIB\libCH58xBLE.a(lle.o)
                              e:/Code/EXAM/BLE/LIB\libCH58xBLE.a(tmos.o) (LLE_DevInit)
e:/Code/EXAM/BLE/LIB\libCH58xBLE.a(rf_fh.o)
                              e:/Code/EXAM/BLE/LIB\libCH58xBLE.a(ip.o) (RF_Rx)
e:/Code/EXAM/BLE/LIB\libCH58xBLE.a(rfend.o)
                              e:/Code/EXAM/BLE/LIB\libCH58xBLE.a(ip.o) (RFEND_DevInit)
e:/Code/EXAM/BLE/LIB\libCH58xBLE.a(api_c.o)
                              e:/Code/EXAM/BLE/LIB\libCH58xBLE.a(host_output.o) (API_DisconnectCmd)
[...]
Memory Configuration

Name             Origin             Length             Attributes
FLASH            0x0000000000000000 0x0000000000070000 xr
RAM              0x0000000020000000 0x0000000000008000 xrw
*default*        0x0000000000000000 0xffffffffffffffff

Linker script and memory map

LOAD ./StdPeriphDriver/CH58x_adc.o
LOAD ./StdPeriphDriver/CH58x_clk.o
LOAD ./StdPeriphDriver/CH58x_flash.o
LOAD ./StdPeriphDriver/CH58x_gpio.o
LOAD ./StdPeriphDriver/CH58x_i2c.o
LOAD ./StdPeriphDriver/CH58x_pwm.o
LOAD ./StdPeriphDriver/CH58x_pwr.o
LOAD ./StdPeriphDriver/CH58x_spi0.o
LOAD ./StdPeriphDriver/CH58x_spi1.o
LOAD ./StdPeriphDriver/CH58x_sys.o
LOAD ./StdPeriphDriver/CH58x_timer0.o
LOAD ./StdPeriphDriver/CH58x_timer1.o
LOAD ./StdPeriphDriver/CH58x_timer2.o
LOAD ./StdPeriphDriver/CH58x_timer3.o
LOAD ./StdPeriphDriver/CH58x_uart0.o
LOAD ./StdPeriphDriver/CH58x_uart1.o
LOAD ./StdPeriphDriver/CH58x_uart2.o
LOAD ./StdPeriphDriver/CH58x_uart3.o
LOAD ./StdPeriphDriver/CH58x_usb2dev.o
LOAD ./StdPeriphDriver/CH58x_usb2hostBase.o
LOAD ./StdPeriphDriver/CH58x_usb2hostClass.o
LOAD ./StdPeriphDriver/CH58x_usbdev.o
LOAD ./StdPeriphDriver/CH58x_usbhostBase.o
LOAD ./StdPeriphDriver/CH58x_usbhostClass.o
LOAD ./Startup/startup_CH583.o
LOAD ./RVMSIS/core_riscv.o
LOAD ./HAL/MCU.o
LOAD ./HAL/RTC.o
LOAD ./HAL/SLEEP.o
LOAD ./APP/central.o
LOAD ./APP/central_main.o
LOAD ./APP/key.o
LOAD ./APP/uart_cmd.o
LOAD ./APP/ws2812.o
LOAD e:/Code/EXAM/SRC/StdPeriphDriver\libISP583.a
LOAD e:/Code/EXAM/BLE/LIB\libCH58xBLE.a
LOAD d:/mounriver/mounriver_studio2/resources/app/resources/win32/components/wch/toolchain/risc-v embedded gcc/bin/../lib/gcc/riscv-none-embed/8.2.0/rv32imac/ilp32\libgcc.a
LOAD d:/mounriver/mounriver_studio2/resources/app/resources/win32/components/wch/toolchain/risc-v embedded gcc/bin/../lib/gcc/riscv-none-embed/8.2.0/../../../../riscv-none-embed/lib/rv32imac/ilp32\libg_nano.a
LOAD d:/mounriver/mounriver_studio2/resources/app/resources/win32/components/wch/toolchain/risc-v embedded gcc/bin/../lib/gcc/riscv-none-embed/8.2.0/../../../../riscv-none-embed/lib/rv32imac/ilp32\libc_nano.a
LOAD d:/mounriver/mounriver_studio2/resources/app/resources/win32/components/wch/toolchain/risc-v embedded gcc/bin/../lib/gcc/riscv-none-embed/8.2.0/rv32imac/ilp32\libgcc.a
START GROUP
LOAD d:/mounriver/mounriver_studio2/resources/app/resources/win32/components/wch/toolchain/risc-v embedded gcc/bin/../lib/gcc/riscv-none-embed/8.2.0/rv32imac/ilp32\libgcc.a
LOAD d:/mounriver/mounriver_studio2/resources/app/resources/win32/components/wch/toolchain/risc-v embedded gcc/bin/../lib/gcc/riscv-none-embed/8.2.0/../../../../riscv-none-embed/lib/rv32imac/ilp32\libc_nano.a
LOAD d:/mounriver/mounriver_studio2/resources/app/resources/win32/components/wch/toolchain/risc-v embedded gcc/bin/../lib/gcc/riscv-none-embed/8.2.0/../../../../riscv-none-embed/lib/rv32imac/ilp32\libnosys.a
END GROUP
START GROUP
LOAD d:/mounriver/mounriver_studio2/resources/app/resources/win32/components/wch/toolchain/risc-v embedded gcc/bin/../lib/gcc/riscv-none-embed/8.2.0/rv32imac/ilp32\libgcc.a
LOAD d:/mounriver/mounriver_studio2/resources/app/resources/win32/components/wch/toolchain/risc-v embedded gcc/bin/../lib/gcc/riscv-none-embed/8.2.0/../../../../riscv-none-embed/lib/rv32imac/ilp32\libc_nano.a
LOAD d:/mounriver/mounriver_studio2/resources/app/resources/win32/components/wch/toolchain/risc-v embedded gcc/bin/../lib/gcc/riscv-none-embed/8.2.0/../../../../riscv-none-embed/lib/rv32imac/ilp32\libnosys.a
END GROUP
                0x0000000000000200                __stack_size = 0x200
                [!provide]                        PROVIDE (_stack_size = __stack_size)

.init           0x0000000000000000        0x4
                0x0000000000000000                _sinit = .
                0x0000000000000000                . = ALIGN (0x4)
 *(SORT_NONE(.init))
 .init          0x0000000000000000        0x4 ./Startup/startup_CH583.o
                0x0000000000000000                _start
                0x0000000000000004                . = ALIGN (0x4)
                0x0000000000000004                _einit = .

.highcodelalign
                0x0000000000000004        0x0
                0x0000000000000004                . = ALIGN (0x4)
                0x0000000000000004                PROVIDE (_highcode_lma = .)

.highcode       0x0000000020000000     0x2288 load address 0x0000000000000004
                0x0000000020000000                . = ALIGN (0x4)
                0x0000000020000000                PROVIDE (_highcode_vma_start = .)
 *(.vector)
 .vector        0x0000000020000000       0x90 ./Startup/startup_CH583.o
 *(SORT_NONE(.vector_handler))
 .vector_handler
                0x0000000020000090        0x2 ./Startup/startup_CH583.o
                0x0000000020000090                GPIOA_IRQHandler
                0x0000000020000090                SysTick_Handler
                0x0000000020000090                NMI_Handler
                0x0000000020000090                UART0_IRQHandler
                0x0000000020000090                BB_IRQHandler
                0x0000000020000090                Break_Point_Handler
                0x0000000020000090                TMR0_IRQHandler
                0x0000000020000090                Ecall_M_Mode_Handler
                0x0000000020000090                UART2_IRQHandler
                0x0000000020000090                PWMX_IRQHandler
                0x0000000020000090                ADC_IRQHandler
                0x0000000020000090                TMR2_IRQHandler
                0x0000000020000090                USB_IRQHandler
                0x0000000020000090                I2C_IRQHandler
                0x0000000020000090                USB2_IRQHandler
                0x0000000020000090                LLE_IRQHandler
                0x0000000020000090                WDOG_BAT_IRQHandler
                0x0000000020000090                Ecall_U_Mode_Handler
                0x0000000020000090                TMR3_IRQHandler
                0x0000000020000090                SW_Handler
                0x0000000020000090                SPI0_IRQHandler
                0x0000000020000090                UART3_IRQHandler
                0x0000000020000090                TMR1_IRQHandler
 *(.highcode)
 .highcode      0x0000000020000092      0x4ec ./StdPeriphDriver/CH58x_sys.o
                0x0000000020000092                SetSysClock
                0x0000000020000418                SYS_ResetExecute
                0x000000002000048a                HardFault_Handler
                0x0000000020000548                mDelayuS
                0x0000000020000556                mDelaymS
 .highcode      0x000000002000057e       0x16 ./HAL/RTC.o
                0x000000002000057e                RTC_IRQHandler
 .highcode      0x0000000020000594        0xa ./APP/central_main.o
                0x0000000020000594                Main_Circulation
 .highcode      0x000000002000059e      0x1d0 ./APP/uart_cmd.o
                0x000000002000059e                UART1_IRQHandler
 .highcode      0x000000002000076e      0x426 e:/Code/EXAM/SRC/StdPeriphDriver\libISP583.a(ISP583.o)
                0x000000002000076e                FLASH_ROM_BEG
                0x0000000020000780                FLASH_ROM_END
                0x000000002000078e                FLASH_ROM_IN
                0x000000002000079c                FLASH_ROM_OUT
                0x00000000200007aa                FLASH_ROM_ADDR
                0x00000000200007f2                FLASH_ROM_WAIT
                0x000000002000082a                FLASH_EEPROM_CMD
 .highcode      0x0000000020000b94      0x40c e:/Code/EXAM/BLE/LIB\libCH58xBLE.a(tmos.o)
                0x0000000020000b94                tmos_memcpy
                0x0000000020000bb4                tmos_memcpy_word
                0x0000000020000bcc                tmos_memset
                0x0000000020000bde                tmos_strlen
                0x0000000020000bf2                tmos_memdup
                0x0000000020000c24                tmos_memcmp
                0x0000000020000c52                tmos_revmemcpy
                0x0000000020000c6e                tmos_isbufset
                0x0000000020000c90                tmos_proces_system_time
                0x0000000020000dc4                TMOS_SystemProcess
 .highcode      0x0000000020000fa0       0x50 e:/Code/EXAM/BLE/LIB\libCH58xBLE.a(tmos_hw.o)
                0x0000000020000fea                TMOS_TimerIRQHandler
 .highcode      0x0000000020000ff0       0xa0 e:/Code/EXAM/BLE/LIB\libCH58xBLE.a(ll_scan.o)
                0x0000000020000ff0                ll_scan_duplicate_filter
 .highcode      0x0000000020001090       0x4e e:/Code/EXAM/BLE/LIB\libCH58xBLE.a(ll_whitelist.o)
                0x0000000020001090                LL_WhitelistLookup
 .highcode      0x00000000200010de      0x1b2 e:/Code/EXAM/BLE/LIB\libCH58xBLE.a(aes.o)
                0x00000000200010de                AES_DevAESEnc
 .highcode      0x0000000020001290      0x14a e:/Code/EXAM/BLE/LIB\libCH58xBLE.a(bb.o)
                0x0000000020001290                BB_IRQLibHandler
                0x0000000020001390                BB_IRQLibFunction
 .highcode      0x00000000200013da      0x368 e:/Code/EXAM/BLE/LIB\libCH58xBLE.a(ip.o)
                0x00000000200013da                ll_rx_wait_finish
                0x0000000020001414                ble_ll_chkcrc
                0x00000000200014b2                ll_tx_wait_finish
                0x00000000200015aa                BLE_CheckHoppingMap
 .highcode      0x0000000020001742      0x254 e:/Code/EXAM/BLE/LIB\libCH58xBLE.a(lle.o)
                0x0000000020001742                LLE_IRQLibHandler
                0x000000002000194c                LLE_IRQLibFunction
 .highcode      0x0000000020001996       0x32 e:/Code/EXAM/BLE/LIB\libCH58xBLE.a(rfend.o)
                0x0000000020001996                RFEND_WaitTune
 .highcode      0x00000000200019c8      0x19e e:/Code/EXAM/BLE/LIB\libCH58xBLE.a(memory.o)
                0x00000000200019c8                tmos_memory_allocate
                0x0000000020001a8e                tmos_memory_free
 .highcode      0x0000000020001b66      0x2da e:/Code/EXAM/BLE/LIB\libCH58xBLE.a(ll_connect.o)
                0x0000000020001b66                ll_connect_send_data
                0x0000000020001c92                ll_connect_recv_data
                0x0000000020001d6e                ll_connect_event_continue
                0x0000000020001e34                ll_wait_connect_event
 .highcode      0x0000000020001e40      0x310 e:/Code/EXAM/BLE/LIB\libCH58xBLE.a(ll_hop.o)
                0x0000000020001e40                LL_HopGetChannel
                0x0000000020001ee6                LL_HopGetChannel2
 .highcode      0x0000000020002150      0x138 e:/Code/EXAM/BLE/LIB\libCH58xBLE.a(ll_resolvinglist.o)
                0x0000000020002150                ll_resolvinglist_checkRPA
                0x00000000200021bc                LL_ResolvinglistPeerIdentifyAddressGetIrk
                0x0000000020002210                LL_ResolvinglistPeerRpaAddressGetIrk
                0x000000002000224c                LL_ResolvinglistLocalRpaAddressGetIrk
 *(.highcode.*)
                0x0000000020002288                . = ALIGN (0x4)
                0x0000000020002288                PROVIDE (_highcode_vma_end = .)

.text           0x000000000000228c    0x278fc
                0x000000000000228c                . = ALIGN (0x4)
 *(SORT_NONE(.handle_reset))
 .handle_reset  0x000000000000228c       0xda ./Startup/startup_CH583.o
                0x000000000000228c                handle_reset
 *(.text)
 .text          0x0000000000002366       0xa8 d:/mounriver/mounriver_studio2/resources/app/resources/win32/components/wch/toolchain/risc-v embedded gcc/bin/../lib/gcc/riscv-none-embed/8.2.0/../../../../riscv-none-embed/lib/rv32imac/ilp32\libg_nano.a(lib_a-memset.o)
                0x0000000000002366                memset
 *(.text.*)
 .text.ADC_InterTSSampInit
                0x000000000000240e       0x28 ./StdPeriphDriver/CH58x_adc.o
                0x000000000000240e                ADC_InterTSSampInit
 .text.RTC_InitTime
                0x0000000000002436      0x204 ./StdPeriphDriver/CH58x_clk.o
                0x0000000000002436                RTC_InitTime
 .text.GPIOA_ModeCfg
                0x000000000000263a       0xa6 ./StdPeriphDriver/CH58x_gpio.o
                0x000000000000263a                GPIOA_ModeCfg
 .text.GPIOB_ModeCfg
                0x00000000000026e0       0xa6 ./StdPeriphDriver/CH58x_gpio.o
                0x00000000000026e0                GPIOB_ModeCfg
 .text.GPIOB_ITModeCfg
                0x0000000000002786       0x8a ./StdPeriphDriver/CH58x_gpio.o
                0x0000000000002786                GPIOB_ITModeCfg
 .text.SPI0_MasterDefInit
                0x0000000000002810       0x32 ./StdPeriphDriver/CH58x_spi0.o
                0x0000000000002810                SPI0_MasterDefInit
 .text.SPI0_CLKCfg
                0x0000000000002842       0x2a ./StdPeriphDriver/CH58x_spi0.o
                0x0000000000002842                SPI0_CLKCfg
 .text.SPI0_MasterDMATrans
                0x000000000000286c       0x50 ./StdPeriphDriver/CH58x_spi0.o
                0x000000000000286c                SPI0_MasterDMATrans
 .text.GetSysClock
                0x00000000000028bc       0x42 ./StdPeriphDriver/CH58x_sys.o
                0x00000000000028bc                GetSysClock
 .text.SYS_GetSysTickCnt
                0x00000000000028fe        0xa ./StdPeriphDriver/CH58x_sys.o
                0x00000000000028fe                SYS_GetSysTickCnt
 .text._write   0x0000000000002908       0x28 ./StdPeriphDriver/CH58x_sys.o
                0x0000000000002908                _write
 .text._sbrk    0x0000000000002930       0x34 ./StdPeriphDriver/CH58x_sys.o
                0x0000000000002930                _sbrk
 .text.UART1_BaudRateCfg
                0x0000000000002964       0x30 ./StdPeriphDriver/CH58x_uart1.o
                0x0000000000002964                UART1_BaudRateCfg
 .text.UART1_DefInit
                0x0000000000002994       0x32 ./StdPeriphDriver/CH58x_uart1.o
                0x0000000000002994                UART1_DefInit
 .text.UART1_ByteTrigCfg
                0x00000000000029c6       0x1a ./StdPeriphDriver/CH58x_uart1.o
                0x00000000000029c6                UART1_ByteTrigCfg
 .text.UART1_INTCfg
                0x00000000000029e0       0x2a ./StdPeriphDriver/CH58x_uart1.o
                0x00000000000029e0                UART1_INTCfg
 .text.Lib_Read_Flash
                0x0000000000002a0a       0x1c ./HAL/MCU.o
                0x0000000000002a0a                Lib_Read_Flash
 .text.Lib_Write_Flash
                0x0000000000002a26       0x40 ./HAL/MCU.o
                0x0000000000002a26                Lib_Write_Flash
 .text.HAL_GetInterTempValue
                0x0000000000002a66       0x70 ./HAL/MCU.o
                0x0000000000002a66                HAL_GetInterTempValue
 .text.HAL_ProcessEvent
                0x0000000000002ad6       0xe2 ./HAL/MCU.o
                0x0000000000002ad6                HAL_ProcessEvent
 .text.CH58X_BLEInit
                0x0000000000002bb8      0x122 ./HAL/MCU.o
                0x0000000000002bb8                CH58X_BLEInit
 .text.HAL_Init
                0x0000000000002cda       0x30 ./HAL/MCU.o
                0x0000000000002cda                HAL_Init
 .text.HAL_TimeInit
                0x0000000000002d0a       0x7e ./HAL/RTC.o
                0x0000000000002d0a                HAL_TimeInit
 .text.centralRssiCB
                0x0000000000002d88       0x10 ./APP/central.o
 .text.centralHciMTUChangeCB
                0x0000000000002d98       0x32 ./APP/central.o
 .text.centralPasscodeCB
                0x0000000000002dca       0x3e ./APP/central.o
 .text.centralPairStateCB
                0x0000000000002e08       0x5a ./APP/central.o
 .text.centralAddDeviceInfo
                0x0000000000002e62       0x80 ./APP/central.o
 .text.centralEventCB
                0x0000000000002ee2      0x3ca ./APP/central.o
 .text.Central_Init
                0x00000000000032ac       0xb8 ./APP/central.o
                0x00000000000032ac                Central_Init
 .text.SendHIDTestData
                0x0000000000003364       0xf8 ./APP/central.o
                0x0000000000003364                SendHIDTestData
 .text.Central_ProcessEvent
                0x000000000000345c      0x572 ./APP/central.o
                0x000000000000345c                Central_ProcessEvent
 .text.startup.main
                0x00000000000039ce       0x8c ./APP/central_main.o
                0x00000000000039ce                main
 .text.GetTimeStamp
                0x0000000000003a5a       0x28 ./APP/key.o
                0x0000000000003a5a                GetTimeStamp
 .text.TimeDiff
                0x0000000000003a82       0x46 ./APP/key.o
                0x0000000000003a82                TimeDiff
 .text.print_timestamp
                0x0000000000003ac8       0x2e ./APP/key.o
                0x0000000000003ac8                print_timestamp
 .text.ButtonHandler
                0x0000000000003af6      0x102 ./APP/key.o
                0x0000000000003af6                ButtonHandler
 .text.EN_TEMP_SWITCH
                0x0000000000003bf8       0x96 ./APP/key.o
                0x0000000000003bf8                EN_TEMP_SWITCH
 .text.CH340_CTRL_PIN_INI
                0x0000000000003c8e       0xd4 ./APP/key.o
                0x0000000000003c8e                CH340_CTRL_PIN_INI
 .text.Key_Init
                0x0000000000003d62       0x9e ./APP/key.o
                0x0000000000003d62                Key_Init
 .text.BOOT_SWICH
                0x0000000000003e00       0xf0 ./APP/key.o
                0x0000000000003e00                BOOT_SWICH
 .text.Key_ProcessEvent
                0x0000000000003ef0      0x270 ./APP/key.o
                0x0000000000003ef0                Key_ProcessEvent
 .text.EN_CH_SWITCH
                0x0000000000004160       0x5e ./APP/key.o
                0x0000000000004160                EN_CH_SWITCH
 .text.EN_ESP_SWITCH
                0x00000000000041be       0x5e ./APP/key.o
                0x00000000000041be                EN_ESP_SWITCH
 .text.EN_ESP_ME_SWITCH
                0x000000000000421c       0x5e ./APP/key.o
                0x000000000000421c                EN_ESP_ME_SWITCH
 .text.EN_ESP_UART1_LOG_SWITCH
                0x000000000000427a       0x5e ./APP/key.o
                0x000000000000427a                EN_ESP_UART1_LOG_SWITCH
 .text.GPIOB_IRQHandler
                0x00000000000042d8       0x52 ./APP/key.o
                0x00000000000042d8                GPIOB_IRQHandler
 .text.app_uart_init
                0x000000000000432a       0x58 ./APP/uart_cmd.o
                0x000000000000432a                app_uart_init
 .text.grb_scale_2_spi_buff
                0x0000000000004382       0xac ./APP/ws2812.o
                0x0000000000004382                grb_scale_2_spi_buff
 .text.setDimColor
                0x000000000000442e       0x8c ./APP/ws2812.o
                0x000000000000442e                setDimColor
 .text.ws2812_ini
                0x00000000000044ba       0x68 ./APP/ws2812.o
                0x00000000000044ba                ws2812_ini
 .text.tmos_msg_enqueue
                0x0000000000004522       0x1e e:/Code/EXAM/BLE/LIB\libCH58xBLE.a(message.o)
                0x0000000000004522                tmos_msg_enqueue
 .text.tmos_msg_deallocate
                0x0000000000004540       0x2c e:/Code/EXAM/BLE/LIB\libCH58xBLE.a(message.o)
                0x0000000000004540                tmos_msg_deallocate
 .text.tmos_msg_allocate
                0x000000000000456c       0x46 e:/Code/EXAM/BLE/LIB\libCH58xBLE.a(message.o)
                0x000000000000456c                tmos_msg_allocate
 .text.tmos_msg_receive
                0x00000000000045b2       0x68 e:/Code/EXAM/BLE/LIB\libCH58xBLE.a(message.o)
                0x00000000000045b2                tmos_msg_receive
 .text.tmos_msg_send
                0x000000000000461a       0x5c e:/Code/EXAM/BLE/LIB\libCH58xBLE.a(message.o)
                0x000000000000461a                tmos_msg_send
 .text.tmos_msg_init
                0x0000000000004676        0x6 e:/Code/EXAM/BLE/LIB\libCH58xBLE.a(message.o)
                0x0000000000004676                tmos_msg_init
 .text.tmosFindTask
                0x000000000000467c       0x20 e:/Code/EXAM/BLE/LIB\libCH58xBLE.a(tmos.o)
 .text.TMOS_CB_PeriodicProcessEvent
                0x000000000000469c       0x82 e:/Code/EXAM/BLE/LIB\libCH58xBLE.a(tmos.o)
                0x000000000000469c                TMOS_CB_PeriodicProcessEvent
 .text.TMOS_CB_ProcessEvent
                0x000000000000471e       0x7c e:/Code/EXAM/BLE/LIB\libCH58xBLE.a(tmos.o)
                0x000000000000471e                TMOS_CB_ProcessEvent
 .text.tmos_rand
                0x000000000000479a       0x4e e:/Code/EXAM/BLE/LIB\libCH58xBLE.a(tmos.o)
                0x000000000000479a                tmos_rand
 .text.tmos_start_periodic_callback_task
                0x00000000000047e8       0xda e:/Code/EXAM/BLE/LIB\libCH58xBLE.a(tmos.o)
                0x00000000000047e8                tmos_start_periodic_callback_task
 .text.tmos_set_event
                0x00000000000048c2       0x2a e:/Code/EXAM/BLE/LIB\libCH58xBLE.a(tmos.o)
                0x00000000000048c2                tmos_set_event
 .text.tmos_clear_event
                0x00000000000048ec       0x2e e:/Code/EXAM/BLE/LIB\libCH58xBLE.a(tmos.o)
                0x00000000000048ec                tmos_clear_event
 .text.tmos_update_callback_timer
                0x000000000000491a       0xba e:/Code/EXAM/BLE/LIB\libCH58xBLE.a(tmos.o)
                0x000000000000491a                tmos_update_callback_timer
 .text.tmos_update_periodic_callback_timer
                0x00000000000049d4       0x5a e:/Code/EXAM/BLE/LIB\libCH58xBLE.a(tmos.o)
                0x00000000000049d4                tmos_update_periodic_callback_timer
 .text.tmos_start_task
                0x0000000000004a2e      0x128 e:/Code/EXAM/BLE/LIB\libCH58xBLE.a(tmos.o)
                0x0000000000004a2e                tmos_start_task
 .text.tmos_start_callback_task
                0x0000000000004b56       0x96 e:/Code/EXAM/BLE/LIB\libCH58xBLE.a(tmos.o)
                0x0000000000004b56                tmos_start_callback_task
 .text.tmos_start_reload_task
                0x0000000000004bec       0x56 e:/Code/EXAM/BLE/LIB\libCH58xBLE.a(tmos.o)
                0x0000000000004bec                tmos_start_reload_task
 .text.tmos_stop_task
                0x0000000000004c42       0x48 e:/Code/EXAM/BLE/LIB\libCH58xBLE.a(tmos.o)
                0x0000000000004c42                tmos_stop_task
 .text.tmos_stop_callback_task
                0x0000000000004c8a       0x56 e:/Code/EXAM/BLE/LIB\libCH58xBLE.a(tmos.o)
                0x0000000000004c8a                tmos_stop_callback_task
 .text.tmos_get_task_timer
                0x0000000000004ce0       0x5e e:/Code/EXAM/BLE/LIB\libCH58xBLE.a(tmos.o)
                0x0000000000004ce0                tmos_get_task_timer
 .text.TMOS_TimerRegister
                0x0000000000004d3e       0x1a e:/Code/EXAM/BLE/LIB\libCH58xBLE.a(tmos.o)
                0x0000000000004d3e                TMOS_TimerRegister
 .text.TMOS_ProcessRegister
                0x0000000000004d58       0x16 e:/Code/EXAM/BLE/LIB\libCH58xBLE.a(tmos.o)
                0x0000000000004d58                TMOS_ProcessRegister
 .text.TMOS_Init
                0x0000000000004d6e      0x10e e:/Code/EXAM/BLE/LIB\libCH58xBLE.a(tmos.o)
                0x0000000000004d6e                TMOS_Init
 .text.TMOS_ProcessEventRegister
                0x0000000000004e7c       0x38 e:/Code/EXAM/BLE/LIB\libCH58xBLE.a(tmos.o)
                0x0000000000004e7c                TMOS_ProcessEventRegister
 .text.BLE_LibInit
                0x0000000000004eb4      0x178 e:/Code/EXAM/BLE/LIB\libCH58xBLE.a(tmos.o)
                0x0000000000004eb4                BLE_LibInit
 .text.clockGetTickValve
                0x000000000000502c       0x7e e:/Code/EXAM/BLE/LIB\libCH58xBLE.a(tmos_hw.o)
 .text.ll_get_sca_divisor
                0x00000000000050aa       0x40 e:/Code/EXAM/BLE/LIB\libCH58xBLE.a(tmos_hw.o)
                0x00000000000050aa                ll_get_sca_divisor
 .text.ll_get_sca_own
                0x00000000000050ea       0x46 e:/Code/EXAM/BLE/LIB\libCH58xBLE.a(tmos_hw.o)
                0x00000000000050ea                ll_get_sca_own
 .text.ble_ll_common_rand8
                0x0000000000005130       0x24 e:/Code/EXAM/BLE/LIB\libCH58xBLE.a(tmos_hw.o)
                0x0000000000005130                ble_ll_common_rand8
 .text.ble_ll_common_rand16
                0x0000000000005154       0x24 e:/Code/EXAM/BLE/LIB\libCH58xBLE.a(tmos_hw.o)
                0x0000000000005154                ble_ll_common_rand16
 .text.ble_ll_common_rand32
                0x0000000000005178       0x20 e:/Code/EXAM/BLE/LIB\libCH58xBLE.a(tmos_hw.o)
                0x0000000000005178                ble_ll_common_rand32
 .text.TMOS_TempSample
                0x0000000000005198       0x62 e:/Code/EXAM/BLE/LIB\libCH58xBLE.a(tmos_hw.o)
                0x0000000000005198                TMOS_TempSample
 .text.TMOS_TimerInit
                0x00000000000051fa      0x14e e:/Code/EXAM/BLE/LIB\libCH58xBLE.a(tmos_hw.o)
                0x00000000000051fa                TMOS_TimerInit
 .text.tmos_snv_init
                0x0000000000005348       0xc0 e:/Code/EXAM/BLE/LIB\libCH58xBLE.a(tmos_snv.o)
                0x0000000000005348                tmos_snv_init
 .text.tmos_snv_read
                0x0000000000005408      0x292 e:/Code/EXAM/BLE/LIB\libCH58xBLE.a(tmos_snv.o)
                0x0000000000005408                tmos_snv_read
 .text.tmos_snv_notify
                0x000000000000569a       0x5a e:/Code/EXAM/BLE/LIB\libCH58xBLE.a(tmos_snv.o)
                0x000000000000569a                tmos_snv_notify
 .text.tmos_snv_write
                0x00000000000056f4      0x2ce e:/Code/EXAM/BLE/LIB\libCH58xBLE.a(tmos_snv.o)
                0x00000000000056f4                tmos_snv_write
 .text.tmos_snv_compact
                0x00000000000059c2        0x4 e:/Code/EXAM/BLE/LIB\libCH58xBLE.a(tmos_snv.o)
                0x00000000000059c2                tmos_snv_compact
 .text.disconnectNext
                0x00000000000059c6       0x22 e:/Code/EXAM/BLE/LIB\libCH58xBLE.a(gap.o)
 .text.GAP_ParamInit
                0x00000000000059e8       0xec e:/Code/EXAM/BLE/LIB\libCH58xBLE.a(gap.o)
                0x00000000000059e8                GAP_ParamInit
 .text.sendTerminateEvent
                0x0000000000005ad4       0x58 e:/Code/EXAM/BLE/LIB\libCH58xBLE.a(gap.o)
                0x0000000000005ad4                sendTerminateEvent
 .text.gapRegisterCentral
                0x0000000000005b2c        0x6 e:/Code/EXAM/BLE/LIB\libCH58xBLE.a(gap.o)
                0x0000000000005b2c                gapRegisterCentral
 .text.gapRegisterCentralConn
                0x0000000000005b32        0x6 e:/Code/EXAM/BLE/LIB\libCH58xBLE.a(gap.o)
                0x0000000000005b32                gapRegisterCentralConn
 .text.gapRegisterPeripheral
                0x0000000000005b38        0x6 e:/Code/EXAM/BLE/LIB\libCH58xBLE.a(gap.o)
                0x0000000000005b38                gapRegisterPeripheral
 .text.gapRegisterPeripheralConn
                0x0000000000005b3e        0x6 e:/Code/EXAM/BLE/LIB\libCH58xBLE.a(gap.o)
                0x0000000000005b3e                gapRegisterPeripheralConn
 .text.smGenerateRandBuf
                0x0000000000005b44       0x56 e:/Code/EXAM/BLE/LIB\libCH58xBLE.a(gap.o)
                0x0000000000005b44                smGenerateRandBuf
 .text.gapL2capConnParamUpdateReq
                0x0000000000005b9a       0x36 e:/Code/EXAM/BLE/LIB\libCH58xBLE.a(gap.o)
                0x0000000000005b9a                gapL2capConnParamUpdateReq
 .text.gapValidADType
                0x0000000000005bd0       0x16 e:/Code/EXAM/BLE/LIB\libCH58xBLE.a(gap.o)
                0x0000000000005bd0                gapValidADType
 .text.gapFindADType
                0x0000000000005be6       0x92 e:/Code/EXAM/BLE/LIB\libCH58xBLE.a(gap.o)
                0x0000000000005be6                gapFindADType
 .text.GAP_SecParamsInit
                0x0000000000005c78       0xaa e:/Code/EXAM/BLE/LIB\libCH58xBLE.a(gap.o)
                0x0000000000005c78                GAP_SecParamsInit
 .text.GAP_ParamsInit
                0x0000000000005d22       0x50 e:/Code/EXAM/BLE/LIB\libCH58xBLE.a(gap.o)
                0x0000000000005d22                GAP_ParamsInit
 .text.gapAddAddrAdj
                0x0000000000005d72       0x48 e:/Code/EXAM/BLE/LIB\libCH58xBLE.a(gap.o)
                0x0000000000005d72                gapAddAddrAdj
 .text.gapDetermineAddrType
                0x0000000000005dba       0x28 e:/Code/EXAM/BLE/LIB\libCH58xBLE.a(gap.o)
                0x0000000000005dba                gapDetermineAddrType
 .text.gapFreeAuthLink
                0x0000000000005de2       0x4a e:/Code/EXAM/BLE/LIB\libCH58xBLE.a(gap.o)
                0x0000000000005de2                gapFreeAuthLink
 .text.gapGetDevAddress
                0x0000000000005e2c       0x24 e:/Code/EXAM/BLE/LIB\libCH58xBLE.a(gap.o)
                0x0000000000005e2c                gapGetDevAddress
 .text.gapGetDevAddressMode
                0x0000000000005e50        0xa e:/Code/EXAM/BLE/LIB\libCH58xBLE.a(gap.o)
                0x0000000000005e50                gapGetDevAddressMode
 .text.gapGetIRK
                0x0000000000005e5a        0xc e:/Code/EXAM/BLE/LIB\libCH58xBLE.a(gap.o)
                0x0000000000005e5a                gapGetIRK
 .text.gapGetSRK
                0x0000000000005e66        0xc e:/Code/EXAM/BLE/LIB\libCH58xBLE.a(gap.o)
                0x0000000000005e66                gapGetSRK
 .text.gapGetSignCounter
                0x0000000000005e72        0xe e:/Code/EXAM/BLE/LIB\libCH58xBLE.a(gap.o)
                0x0000000000005e72                gapGetSignCounter
 .text.gapIncSignCounter
                0x0000000000005e80       0x28 e:/Code/EXAM/BLE/LIB\libCH58xBLE.a(gap.o)
                0x0000000000005e80                gapIncSignCounter
 .text.gapProcessConnEvt
                0x0000000000005ea8       0x48 e:/Code/EXAM/BLE/LIB\libCH58xBLE.a(gap.o)
                0x0000000000005ea8                gapProcessConnEvt
 .text.gapProcessDisconnectCompleteEvt
                0x0000000000005ef0       0xa8 e:/Code/EXAM/BLE/LIB\libCH58xBLE.a(gap.o)
                0x0000000000005ef0                gapProcessDisconnectCompleteEvt
 .text.sendAuthEvent
                0x0000000000005f98      0x11e e:/Code/EXAM/BLE/LIB\libCH58xBLE.a(gap.o)
                0x0000000000005f98                sendAuthEvent
 .text.gapSendBondCompleteEvent
                0x00000000000060b6       0x74 e:/Code/EXAM/BLE/LIB\libCH58xBLE.a(gap.o)
                0x00000000000060b6                gapSendBondCompleteEvent
 .text.gapSendPairingReqEvent
                0x000000000000612a       0x96 e:/Code/EXAM/BLE/LIB\libCH58xBLE.a(gap.o)
                0x000000000000612a                gapSendPairingReqEvent
 .text.gapSendSlaveSecurityReqEvent
                0x00000000000061c0       0x68 e:/Code/EXAM/BLE/LIB\libCH58xBLE.a(gap.o)
                0x00000000000061c0                gapSendSlaveSecurityReqEvent
 .text.gapSendDeviceInitDoneEvent
                0x0000000000006228       0x88 e:/Code/EXAM/BLE/LIB\libCH58xBLE.a(gap.o)
                0x0000000000006228                gapSendDeviceInitDoneEvent
 .text.gapSendLinkUpdateEvent
                0x00000000000062b0       0xb2 e:/Code/EXAM/BLE/LIB\libCH58xBLE.a(gap.o)
                0x00000000000062b0                gapSendLinkUpdateEvent
 .text.gapSendPhyUpdateEvent
                0x0000000000006362       0x58 e:/Code/EXAM/BLE/LIB\libCH58xBLE.a(gap.o)
                0x0000000000006362                gapSendPhyUpdateEvent
 .text.gapSendEstLinkEvent
                0x00000000000063ba       0xbc e:/Code/EXAM/BLE/LIB\libCH58xBLE.a(gap.o)
                0x00000000000063ba                gapSendEstLinkEvent
 .text.gapProcessNewAddr
                0x0000000000006476       0x3e e:/Code/EXAM/BLE/LIB\libCH58xBLE.a(gap.o)
                0x0000000000006476                gapProcessNewAddr
 .text.gapProcessRandomAddrComplete
                0x00000000000064b4       0xb6 e:/Code/EXAM/BLE/LIB\libCH58xBLE.a(gap.o)
                0x00000000000064b4                gapProcessRandomAddrComplete
 .text.GAP_Authenticate
                0x000000000000656a       0xde e:/Code/EXAM/BLE/LIB\libCH58xBLE.a(gap.o)
                0x000000000000656a                GAP_Authenticate
 .text.GAP_Bond
                0x0000000000006648       0xaa e:/Code/EXAM/BLE/LIB\libCH58xBLE.a(gap.o)
                0x0000000000006648                GAP_Bond
 .text.GAP_GetParamValue
                0x00000000000066f2       0x20 e:/Code/EXAM/BLE/LIB\libCH58xBLE.a(gap.o)
                0x00000000000066f2                GAP_GetParamValue
 .text.GAP_PasscodeUpdate
                0x0000000000006712       0x54 e:/Code/EXAM/BLE/LIB\libCH58xBLE.a(gap.o)
                0x0000000000006712                GAP_PasscodeUpdate
 .text.GAP_RegisterForMsgs
                0x0000000000006766        0xa e:/Code/EXAM/BLE/LIB\libCH58xBLE.a(gap.o)
                0x0000000000006766                GAP_RegisterForMsgs
 .text.GAP_ResolvePrivateAddr
                0x0000000000006770        0x4 e:/Code/EXAM/BLE/LIB\libCH58xBLE.a(gap.o)
                0x0000000000006770                GAP_ResolvePrivateAddr
 .text.gapPairingCompleteCB
                0x0000000000006774      0x18c e:/Code/EXAM/BLE/LIB\libCH58xBLE.a(gap.o)
                0x0000000000006774                gapPairingCompleteCB
 .text.gapPasskeyNeededCB
                0x0000000000006900       0x8e e:/Code/EXAM/BLE/LIB\libCH58xBLE.a(gap.o)
                0x0000000000006900                gapPasskeyNeededCB
 .text.gapOobNeededCB
                0x000000000000698e       0xa6 e:/Code/EXAM/BLE/LIB\libCH58xBLE.a(gap.o)
                0x000000000000698e                gapOobNeededCB
 .text.gapFreeEstLink
                0x0000000000006a34       0x20 e:/Code/EXAM/BLE/LIB\libCH58xBLE.a(gap.o)
                0x0000000000006a34                gapFreeEstLink
 .text.gapUpdateConnSignCounter
                0x0000000000006a54       0x7a e:/Code/EXAM/BLE/LIB\libCH58xBLE.a(gap.o)
                0x0000000000006a54                gapUpdateConnSignCounter
 .text.GAP_SendSlaveSecurityRequest
                0x0000000000006ace       0x4a e:/Code/EXAM/BLE/LIB\libCH58xBLE.a(gap.o)
                0x0000000000006ace                GAP_SendSlaveSecurityRequest
 .text.GAP_Signable
                0x0000000000006b18       0x6a e:/Code/EXAM/BLE/LIB\libCH58xBLE.a(gap.o)
                0x0000000000006b18                GAP_Signable
 .text.GAP_TerminateAuth
                0x0000000000006b82       0x2a e:/Code/EXAM/BLE/LIB\libCH58xBLE.a(gap.o)
                0x0000000000006b82                GAP_TerminateAuth
 .text.GAP_NumActiveConnections
                0x0000000000006bac        0x4 e:/Code/EXAM/BLE/LIB\libCH58xBLE.a(gap.o)
                0x0000000000006bac                GAP_NumActiveConnections
 .text.GAP_TerminateLinkReq
                0x0000000000006bb0       0x8e e:/Code/EXAM/BLE/LIB\libCH58xBLE.a(gap.o)
                0x0000000000006bb0                GAP_TerminateLinkReq
 .text.GAP_SetParamValue
                0x0000000000006c3e       0x6c e:/Code/EXAM/BLE/LIB\libCH58xBLE.a(gap.o)
                0x0000000000006c3e                GAP_SetParamValue
 .text.GAP_Init
                0x0000000000006caa       0x48 e:/Code/EXAM/BLE/LIB\libCH58xBLE.a(gap.o)
                0x0000000000006caa                GAP_Init
 .text.GAP_ProcessEvent
                0x0000000000006cf2      0x66a e:/Code/EXAM/BLE/LIB\libCH58xBLE.a(gap.o)
                0x0000000000006cf2                GAP_ProcessEvent
 .text.gapSendScanEnable
                0x000000000000735c       0x3a e:/Code/EXAM/BLE/LIB\libCH58xBLE.a(gap_central.o)
 .text.gapCentProcessConnEvt
                0x0000000000007396      0x168 e:/Code/EXAM/BLE/LIB\libCH58xBLE.a(gap_central.o)
                0x0000000000007396                gapCentProcessConnEvt
 .text.gapProcessScanningPeriodicAdvEvt
                0x00000000000074fe       0xa0 e:/Code/EXAM/BLE/LIB\libCH58xBLE.a(gap_central.o)
                0x00000000000074fe                gapProcessScanningPeriodicAdvEvt
 .text.gapCancelLinkReq
                0x000000000000759e       0x38 e:/Code/EXAM/BLE/LIB\libCH58xBLE.a(gap_central.o)
                0x000000000000759e                gapCancelLinkReq
 .text.gapProcessAdvertDevInfo
                0x00000000000075d6      0x242 e:/Code/EXAM/BLE/LIB\libCH58xBLE.a(gap_central.o)
                0x00000000000075d6                gapProcessAdvertDevInfo
 .text.gapProcessExtAdvertDevInfo
                0x0000000000007818      0x260 e:/Code/EXAM/BLE/LIB\libCH58xBLE.a(gap_central.o)
                0x0000000000007818                gapProcessExtAdvertDevInfo
 .text.gapProcessPeriodicAdvertisingSyncEstablishedEvt
                0x0000000000007a78       0xae e:/Code/EXAM/BLE/LIB\libCH58xBLE.a(gap_central.o)
                0x0000000000007a78                gapProcessPeriodicAdvertisingSyncEstablishedEvt
 .text.gapProcessPeriodicAdvertisingSyncLostEvt
                0x0000000000007b26       0x56 e:/Code/EXAM/BLE/LIB\libCH58xBLE.a(gap_central.o)
                0x0000000000007b26                gapProcessPeriodicAdvertisingSyncLostEvt
 .text.gapFreeScanRecs
                0x0000000000007b7c       0xa6 e:/Code/EXAM/BLE/LIB\libCH58xBLE.a(gap_central.o)
                0x0000000000007b7c                gapFreeScanRecs
 .text.gapSendDevDiscEvent
                0x0000000000007c22      0x126 e:/Code/EXAM/BLE/LIB\libCH58xBLE.a(gap_central.o)
                0x0000000000007c22                gapSendDevDiscEvent
 .text.gapSetScanParamStatus
                0x0000000000007d48       0x58 e:/Code/EXAM/BLE/LIB\libCH58xBLE.a(gap_central.o)
 .text.gapCentProcessHCICmdEvt
                0x0000000000007da0       0x3c e:/Code/EXAM/BLE/LIB\libCH58xBLE.a(gap_central.o)
                0x0000000000007da0                gapCentProcessHCICmdEvt
 .text.gapProcessScanningEvt
                0x0000000000007ddc      0x110 e:/Code/EXAM/BLE/LIB\libCH58xBLE.a(gap_central.o)
                0x0000000000007ddc                gapProcessScanningEvt
 .text.gapProcessScanningDirectEvt
                0x0000000000007eec       0xfe e:/Code/EXAM/BLE/LIB\libCH58xBLE.a(gap_central.o)
                0x0000000000007eec                gapProcessScanningDirectEvt
 .text.gapProcessScanningExtAdvEvt
                0x0000000000007fea      0x2c4 e:/Code/EXAM/BLE/LIB\libCH58xBLE.a(gap_central.o)
                0x0000000000007fea                gapProcessScanningExtAdvEvt
 .text.GAP_DeviceDiscoveryRequest
                0x00000000000082ae      0x120 e:/Code/EXAM/BLE/LIB\libCH58xBLE.a(gap_central.o)
                0x00000000000082ae                GAP_DeviceDiscoveryRequest
 .text.GAP_EstablishLinkReq
                0x00000000000083ce      0x28c e:/Code/EXAM/BLE/LIB\libCH58xBLE.a(gap_central.o)
                0x00000000000083ce                GAP_EstablishLinkReq
 .text.GAP_CentConnRegister
                0x000000000000865a       0x16 e:/Code/EXAM/BLE/LIB\libCH58xBLE.a(gap_central.o)
                0x000000000000865a                GAP_CentConnRegister
 .text.GAP_CentralParamInit
                0x0000000000008670       0x6a e:/Code/EXAM/BLE/LIB\libCH58xBLE.a(gap_central.o)
                0x0000000000008670                GAP_CentralParamInit
 .text.GAP_CentDevMgrInit
                0x00000000000086da       0x9c e:/Code/EXAM/BLE/LIB\libCH58xBLE.a(gap_central.o)
                0x00000000000086da                GAP_CentDevMgrInit
 .text.gapFreeAdvertState
                0x0000000000008776       0x20 e:/Code/EXAM/BLE/LIB\libCH58xBLE.a(gap_peripheral.o)
 .text.gapSetPeriodicAdvParams
                0x0000000000008796       0x30 e:/Code/EXAM/BLE/LIB\libCH58xBLE.a(gap_peripheral.o)
 .text.gapSetConnectionlessCTEParams
                0x00000000000087c6       0x54 e:/Code/EXAM/BLE/LIB\libCH58xBLE.a(gap_peripheral.o)
 .text.gapSetAdvParams
                0x000000000000881a      0x126 e:/Code/EXAM/BLE/LIB\libCH58xBLE.a(gap_peripheral.o)
 .text.gapPeriProcessConnEvt
                0x0000000000008940       0xd0 e:/Code/EXAM/BLE/LIB\libCH58xBLE.a(gap_peripheral.o)
 .text.gapWriteAdvDataStatus
                0x0000000000008a10       0x8a e:/Code/EXAM/BLE/LIB\libCH58xBLE.a(gap_peripheral.o)
 .text.GAP_EndDiscoverable
                0x0000000000008a9a       0x66 e:/Code/EXAM/BLE/LIB\libCH58xBLE.a(gap_peripheral.o)
                0x0000000000008a9a                GAP_EndDiscoverable
 .text.gapProcessAdvertisingEvt
                0x0000000000008b00      0x118 e:/Code/EXAM/BLE/LIB\libCH58xBLE.a(gap_peripheral.o)
 .text.GAP_GetAdvertisingAdvData
                0x0000000000008c18       0x26 e:/Code/EXAM/BLE/LIB\libCH58xBLE.a(gap_peripheral.o)
                0x0000000000008c18                GAP_GetAdvertisingAdvData
 .text.GAP_GetAdvertisingRspData
                0x0000000000008c3e       0x34 e:/Code/EXAM/BLE/LIB\libCH58xBLE.a(gap_peripheral.o)
                0x0000000000008c3e                GAP_GetAdvertisingRspData
 .text.GAP_GetPeriodicAdvertisingData
                0x0000000000008c72       0x34 e:/Code/EXAM/BLE/LIB\libCH58xBLE.a(gap_peripheral.o)
                0x0000000000008c72                GAP_GetPeriodicAdvertisingData
 .text.GAP_PeriConnRegister
                0x0000000000008ca6       0x2e e:/Code/EXAM/BLE/LIB\libCH58xBLE.a(gap_peripheral.o)
                0x0000000000008ca6                GAP_PeriConnRegister
 .text.GAP_PeripheralParamInit
                0x0000000000008cd4       0x6c e:/Code/EXAM/BLE/LIB\libCH58xBLE.a(gap_peripheral.o)
                0x0000000000008cd4                GAP_PeripheralParamInit
 .text.gapSendMakeDiscEvent
                0x0000000000008d40       0x50 e:/Code/EXAM/BLE/LIB\libCH58xBLE.a(gap_peripheral.o)
                0x0000000000008d40                gapSendMakeDiscEvent
 .text.gapWriteAdvEnableStatus
                0x0000000000008d90      0x110 e:/Code/EXAM/BLE/LIB\libCH58xBLE.a(gap_peripheral.o)
 .text.gapSendMakePeriodicEvent
                0x0000000000008ea0       0x3a e:/Code/EXAM/BLE/LIB\libCH58xBLE.a(gap_peripheral.o)
                0x0000000000008ea0                gapSendMakePeriodicEvent
 .text.gapSendMakeConnectionlessCTEEvent
                0x0000000000008eda       0x3a e:/Code/EXAM/BLE/LIB\libCH58xBLE.a(gap_peripheral.o)
                0x0000000000008eda                gapSendMakeConnectionlessCTEEvent
 .text.gapPeriProcessHCICmdCompleteEvt
                0x0000000000008f14      0x22e e:/Code/EXAM/BLE/LIB\libCH58xBLE.a(gap_peripheral.o)
 .text.GAP_PeriDevMgrInit
                0x0000000000009142       0x2e e:/Code/EXAM/BLE/LIB\libCH58xBLE.a(gap_peripheral.o)
                0x0000000000009142                GAP_PeriDevMgrInit
 .text.gattRead
                0x0000000000009170       0x4c e:/Code/EXAM/BLE/LIB\libCH58xBLE.a(gatt.o)
 .text.gattWrite.part.0
                0x00000000000091bc       0x4c e:/Code/EXAM/BLE/LIB\libCH58xBLE.a(gatt.o)
 .text.gattReadByType
                0x0000000000009208       0x8c e:/Code/EXAM/BLE/LIB\libCH58xBLE.a(gatt.o)
                0x0000000000009208                gattReadByType
 .text.gattGetPayload
                0x0000000000009294       0x7e e:/Code/EXAM/BLE/LIB\libCH58xBLE.a(gatt.o)
                0x0000000000009294                gattGetPayload
 .text.gattNotifyEvent
                0x0000000000009312       0x84 e:/Code/EXAM/BLE/LIB\libCH58xBLE.a(gatt.o)
                0x0000000000009312                gattNotifyEvent
 .text.gattSendFlowCtrlEvt
                0x0000000000009396       0x52 e:/Code/EXAM/BLE/LIB\libCH58xBLE.a(gatt.o)
                0x0000000000009396                gattSendFlowCtrlEvt
 .text.gattStartTimer
                0x00000000000093e8        0xc e:/Code/EXAM/BLE/LIB\libCH58xBLE.a(gatt.o)
                0x00000000000093e8                gattStartTimer
 .text.gattStopTimer
                0x00000000000093f4       0x32 e:/Code/EXAM/BLE/LIB\libCH58xBLE.a(gatt.o)
                0x00000000000093f4                gattStopTimer
 .text.GATT_AppCompletedMsg
                0x0000000000009426       0x30 e:/Code/EXAM/BLE/LIB\libCH58xBLE.a(gatt.o)
                0x0000000000009426                GATT_AppCompletedMsg
 .text.GATT_DiscAllChars
                0x0000000000009456       0x2a e:/Code/EXAM/BLE/LIB\libCH58xBLE.a(gatt.o)
                0x0000000000009456                GATT_DiscAllChars
 .text.GATT_ExchangeMTU
                0x0000000000009480       0x4c e:/Code/EXAM/BLE/LIB\libCH58xBLE.a(gatt.o)
                0x0000000000009480                GATT_ExchangeMTU
 .text.GATT_NotifyEvent
                0x00000000000094cc       0x56 e:/Code/EXAM/BLE/LIB\libCH58xBLE.a(gatt.o)
                0x00000000000094cc                GATT_NotifyEvent
 .text.GATT_ReadCharValue
                0x0000000000009522        0x4 e:/Code/EXAM/BLE/LIB\libCH58xBLE.a(gatt.o)
                0x0000000000009522                GATT_ReadCharValue
 .text.GATT_WriteCharValue
                0x0000000000009526       0x12 e:/Code/EXAM/BLE/LIB\libCH58xBLE.a(gatt.o)
                0x0000000000009526                GATT_WriteCharValue
 .text.gattRegisterClient
                0x0000000000009538        0x6 e:/Code/EXAM/BLE/LIB\libCH58xBLE.a(gatt.o)
                0x0000000000009538                gattRegisterClient
 .text.gattRegisterServer
                0x000000000000953e        0x6 e:/Code/EXAM/BLE/LIB\libCH58xBLE.a(gatt.o)
                0x000000000000953e                gattRegisterServer
 .text.GATT_UpdateMTU
                0x0000000000009544       0x5a e:/Code/EXAM/BLE/LIB\libCH58xBLE.a(gatt.o)
                0x0000000000009544                GATT_UpdateMTU
 .text.GATT_bm_alloc
                0x000000000000959e       0xe8 e:/Code/EXAM/BLE/LIB\libCH58xBLE.a(gatt.o)
                0x000000000000959e                GATT_bm_alloc
 .text.gattFindByTypeValue
                0x0000000000009686       0x7c e:/Code/EXAM/BLE/LIB\libCH58xBLE.a(gatt.o)
                0x0000000000009686                gattFindByTypeValue
 .text.GATT_DiscPrimaryServiceByUUID
                0x0000000000009702       0x78 e:/Code/EXAM/BLE/LIB\libCH58xBLE.a(gatt.o)
                0x0000000000009702                GATT_DiscPrimaryServiceByUUID
 .text.gattPrepareWriteReq
                0x000000000000977a       0x6e e:/Code/EXAM/BLE/LIB\libCH58xBLE.a(gatt.o)
                0x000000000000977a                gattPrepareWriteReq
 .text.gattProcessReliableWrites
                0x00000000000097e8       0xd4 e:/Code/EXAM/BLE/LIB\libCH58xBLE.a(gatt.o)
                0x00000000000097e8                gattProcessReliableWrites
 .text.gattProcessWriteLong
                0x00000000000098bc       0xc0 e:/Code/EXAM/BLE/LIB\libCH58xBLE.a(gatt.o)
                0x00000000000098bc                gattProcessWriteLong
 .text.GATT_ServiceChangedInd
                0x000000000000997c       0x94 e:/Code/EXAM/BLE/LIB\libCH58xBLE.a(gatt.o)
                0x000000000000997c                GATT_ServiceChangedInd
 .text.GATT_bm_free
                0x0000000000009a10       0x1c e:/Code/EXAM/BLE/LIB\libCH58xBLE.a(gatt.o)
                0x0000000000009a10                GATT_bm_free
 .text.GATT_Init
                0x0000000000009a2c       0x2a e:/Code/EXAM/BLE/LIB\libCH58xBLE.a(gatt.o)
                0x0000000000009a2c                GATT_Init
 .text.GATT_ProcessEvent
                0x0000000000009a56      0x13a e:/Code/EXAM/BLE/LIB\libCH58xBLE.a(gatt.o)
                0x0000000000009a56                GATT_ProcessEvent
 .text.gattProcessReadByType
                0x0000000000009b90      0x1d8 e:/Code/EXAM/BLE/LIB\libCH58xBLE.a(gattclientapp.o)
                0x0000000000009b90                gattProcessReadByType
 .text.gattFindClientInfo
                0x0000000000009d68       0x30 e:/Code/EXAM/BLE/LIB\libCH58xBLE.a(gattclientapp.o)
                0x0000000000009d68                gattFindClientInfo
 .text.gattClientNotifyTxCB
                0x0000000000009d98       0x28 e:/Code/EXAM/BLE/LIB\libCH58xBLE.a(gattclientapp.o)
                0x0000000000009d98                gattClientNotifyTxCB
 .text.gattGetClientStatus
                0x0000000000009dc0       0x36 e:/Code/EXAM/BLE/LIB\libCH58xBLE.a(gattclientapp.o)
                0x0000000000009dc0                gattGetClientStatus
 .text.gattResetClientInfo
                0x0000000000009df6       0x8a e:/Code/EXAM/BLE/LIB\libCH58xBLE.a(gattclientapp.o)
                0x0000000000009df6                gattResetClientInfo
 .text.gattClientHandleConnStatusCB
                0x0000000000009e80       0x9a e:/Code/EXAM/BLE/LIB\libCH58xBLE.a(gattclientapp.o)
                0x0000000000009e80                gattClientHandleConnStatusCB
 .text.gattClientHandleTimerCB
                0x0000000000009f1a       0x58 e:/Code/EXAM/BLE/LIB\libCH58xBLE.a(gattclientapp.o)
                0x0000000000009f1a                gattClientHandleTimerCB
 .text.gattStoreClientInfo
                0x0000000000009f72       0x72 e:/Code/EXAM/BLE/LIB\libCH58xBLE.a(gattclientapp.o)
                0x0000000000009f72                gattStoreClientInfo
 .text.GATT_RegisterForInd
                0x0000000000009fe4        0x6 e:/Code/EXAM/BLE/LIB\libCH58xBLE.a(gattclientapp.o)
                0x0000000000009fe4                GATT_RegisterForInd
 .text.gattProcessFindInfo
                0x0000000000009fea       0x92 e:/Code/EXAM/BLE/LIB\libCH58xBLE.a(gattclientapp.o)
                0x0000000000009fea                gattProcessFindInfo
 .text.gattProcessFindByTypeValue
                0x000000000000a07c       0x7e e:/Code/EXAM/BLE/LIB\libCH58xBLE.a(gattclientapp.o)
                0x000000000000a07c                gattProcessFindByTypeValue
 .text.gattProcessReadLong
                0x000000000000a0fa       0x78 e:/Code/EXAM/BLE/LIB\libCH58xBLE.a(gattclientapp.o)
                0x000000000000a0fa                gattProcessReadLong
 .text.gattProcessReadByGrpType
                0x000000000000a172       0x92 e:/Code/EXAM/BLE/LIB\libCH58xBLE.a(gattclientapp.o)
                0x000000000000a172                gattProcessReadByGrpType
 .text.gattProcessMultiReqs
                0x000000000000a204      0x134 e:/Code/EXAM/BLE/LIB\libCH58xBLE.a(gattclientapp.o)
                0x000000000000a204                gattProcessMultiReqs
 .text.gattClientProcessMsgCB
                0x000000000000a338      0x1e6 e:/Code/EXAM/BLE/LIB\libCH58xBLE.a(gattclientapp.o)
                0x000000000000a338                gattClientProcessMsgCB
 .text.GATT_InitClient
                0x000000000000a51e       0xcc e:/Code/EXAM/BLE/LIB\libCH58xBLE.a(gattclientapp.o)
                0x000000000000a51e                GATT_InitClient
 .text.gattProcessExchangeMTUReq
                0x000000000000a5ea        0x4 e:/Code/EXAM/BLE/LIB\libCH58xBLE.a(gattservapp.o)
 .text.gattServApp_FindCharCfgItem
                0x000000000000a5ee       0x24 e:/Code/EXAM/BLE/LIB\libCH58xBLE.a(gattservapp.o)
 .text.gattServerHandleTimerCB
                0x000000000000a612       0x3c e:/Code/EXAM/BLE/LIB\libCH58xBLE.a(gattservapp.o)
 .text.GATTServApp_InitCharCfg.part.12
                0x000000000000a64e       0x20 e:/Code/EXAM/BLE/LIB\libCH58xBLE.a(gattservapp.o)
 .text.gattProcessExecuteWriteReq
                0x000000000000a66e        0x4 e:/Code/EXAM/BLE/LIB\libCH58xBLE.a(gattservapp.o)
 .text.GATTServApp_ParamInit
                0x000000000000a672       0xd6 e:/Code/EXAM/BLE/LIB\libCH58xBLE.a(gattservapp.o)
                0x000000000000a672                GATTServApp_ParamInit
 .text.GATTServApp_ReadCharCfg
                0x000000000000a748       0x18 e:/Code/EXAM/BLE/LIB\libCH58xBLE.a(gattservapp.o)
                0x000000000000a748                GATTServApp_ReadCharCfg
 .text.GATTServApp_WriteCharCfg
                0x000000000000a760       0x3c e:/Code/EXAM/BLE/LIB\libCH58xBLE.a(gattservapp.o)
                0x000000000000a760                GATTServApp_WriteCharCfg
 .text.GATTServApp_ProcessCCCWriteReq
                0x000000000000a79c       0x60 e:/Code/EXAM/BLE/LIB\libCH58xBLE.a(gattservapp.o)
                0x000000000000a79c                GATTServApp_ProcessCCCWriteReq
 .text.gattServApp_WriteAttrCB
                0x000000000000a7fc       0x34 e:/Code/EXAM/BLE/LIB\libCH58xBLE.a(gattservapp.o)
                0x000000000000a7fc                gattServApp_WriteAttrCB
 .text.GATTServApp_SendCCCUpdatedEvent
                0x000000000000a830       0x5e e:/Code/EXAM/BLE/LIB\libCH58xBLE.a(gattservapp.o)
                0x000000000000a830                GATTServApp_SendCCCUpdatedEvent
 .text.GATTServApp_SendServiceChangedInd
                0x000000000000a88e       0x36 e:/Code/EXAM/BLE/LIB\libCH58xBLE.a(gattservapp.o)
                0x000000000000a88e                GATTServApp_SendServiceChangedInd
 .text.gattServApp_ClearPrepareWriteQ
                0x000000000000a8c4       0x50 e:/Code/EXAM/BLE/LIB\libCH58xBLE.a(gattservapp.o)
                0x000000000000a8c4                gattServApp_ClearPrepareWriteQ
 .text.gattServApp_FindPrepareWriteQ
                0x000000000000a914       0x30 e:/Code/EXAM/BLE/LIB\libCH58xBLE.a(gattservapp.o)
                0x000000000000a914                gattServApp_FindPrepareWriteQ
 .text.gattServApp_FindServiceCBs
                0x000000000000a944       0x18 e:/Code/EXAM/BLE/LIB\libCH58xBLE.a(gattservapp.o)
                0x000000000000a944                gattServApp_FindServiceCBs
 .text.gattServApp_FindAuthorizeAttrCB
                0x000000000000a95c       0x16 e:/Code/EXAM/BLE/LIB\libCH58xBLE.a(gattservapp.o)
                0x000000000000a95c                gattServApp_FindAuthorizeAttrCB
 .text.gattServApp_IsWriteLong
                0x000000000000a972       0xea e:/Code/EXAM/BLE/LIB\libCH58xBLE.a(gattservapp.o)
                0x000000000000a972                gattServApp_IsWriteLong
 .text.gattFindService
                0x000000000000aa5c       0x1c e:/Code/EXAM/BLE/LIB\libCH58xBLE.a(gattservapp.o)
                0x000000000000aa5c                gattFindService
 .text.GATT_ServiceNumAttrs
                0x000000000000aa78       0x18 e:/Code/EXAM/BLE/LIB\libCH58xBLE.a(gattservapp.o)
                0x000000000000aa78                GATT_ServiceNumAttrs
 .text.GATT_ServiceEncKeySize
                0x000000000000aa90       0x18 e:/Code/EXAM/BLE/LIB\libCH58xBLE.a(gattservapp.o)
                0x000000000000aa90                GATT_ServiceEncKeySize
 .text.GATT_VerifyWritePermissions.part.7
                0x000000000000aaa8       0x2e e:/Code/EXAM/BLE/LIB\libCH58xBLE.a(gattservapp.o)
 .text.gattResetServerInfo
                0x000000000000aad6       0x1c e:/Code/EXAM/BLE/LIB\libCH58xBLE.a(gattservapp.o)
                0x000000000000aad6                gattResetServerInfo
 .text.gattFindServerInfo
                0x000000000000aaf2       0x2c e:/Code/EXAM/BLE/LIB\libCH58xBLE.a(gattservapp.o)
                0x000000000000aaf2                gattFindServerInfo
 .text.gattServerHandleConnStatusCB
                0x000000000000ab1e       0x98 e:/Code/EXAM/BLE/LIB\libCH58xBLE.a(gattservapp.o)
                0x000000000000ab1e                gattServerHandleConnStatusCB
 .text.gattServerProcessMsgCB
                0x000000000000abb6      0x1c0 e:/Code/EXAM/BLE/LIB\libCH58xBLE.a(gattservapp.o)
                0x000000000000abb6                gattServerProcessMsgCB
 .text.gattServerNotifyTxCB
                0x000000000000ad76       0x28 e:/Code/EXAM/BLE/LIB\libCH58xBLE.a(gattservapp.o)
 .text.GATT_FindHandle
                0x000000000000ad9e       0x4a e:/Code/EXAM/BLE/LIB\libCH58xBLE.a(gattservapp.o)
                0x000000000000ad9e                GATT_FindHandle
 .text.GATTServApp_WriteAttr
                0x000000000000ade8       0xa8 e:/Code/EXAM/BLE/LIB\libCH58xBLE.a(gattservapp.o)
                0x000000000000ade8                GATTServApp_WriteAttr
 .text.gattServApp_ProcessExecuteWriteReq
                0x000000000000ae90      0x100 e:/Code/EXAM/BLE/LIB\libCH58xBLE.a(gattservapp.o)
                0x000000000000ae90                gattServApp_ProcessExecuteWriteReq
 .text.GATTServApp_UpdateCharCfg
                0x000000000000af90       0x1e e:/Code/EXAM/BLE/LIB\libCH58xBLE.a(gattservapp.o)
                0x000000000000af90                GATTServApp_UpdateCharCfg
 .text.gattServApp_ProcessPrepareWriteReq
                0x000000000000afae      0x10e e:/Code/EXAM/BLE/LIB\libCH58xBLE.a(gattservapp.o)
                0x000000000000afae                gattServApp_ProcessPrepareWriteReq
 .text.gattServApp_ProcessWriteReq
                0x000000000000b0bc       0xb0 e:/Code/EXAM/BLE/LIB\libCH58xBLE.a(gattservapp.o)
                0x000000000000b0bc                gattServApp_ProcessWriteReq
 .text.GATT_Indication
                0x000000000000b16c       0xa4 e:/Code/EXAM/BLE/LIB\libCH58xBLE.a(gattservapp.o)
                0x000000000000b16c                GATT_Indication
 .text.GATT_FindHandleUUID
                0x000000000000b210       0x94 e:/Code/EXAM/BLE/LIB\libCH58xBLE.a(gattservapp.o)
                0x000000000000b210                GATT_FindHandleUUID
 .text.gattProcessReadByGrpTypeReq
                0x000000000000b2a4       0x60 e:/Code/EXAM/BLE/LIB\libCH58xBLE.a(gattservapp.o)
 .text.gattProcessReadByTypeReq
                0x000000000000b304       0x34 e:/Code/EXAM/BLE/LIB\libCH58xBLE.a(gattservapp.o)
 .text.gattProcessFindByTypeValueReq
                0x000000000000b338       0x34 e:/Code/EXAM/BLE/LIB\libCH58xBLE.a(gattservapp.o)
 .text.gattProcessFindInfoReq
                0x000000000000b36c      0x1aa e:/Code/EXAM/BLE/LIB\libCH58xBLE.a(gattservapp.o)
 .text.GATT_VerifyWritePermissions
                0x000000000000b516       0x6a e:/Code/EXAM/BLE/LIB\libCH58xBLE.a(gattservapp.o)
                0x000000000000b516                GATT_VerifyWritePermissions
 .text.gattProcessWriteReq
                0x000000000000b580       0x36 e:/Code/EXAM/BLE/LIB\libCH58xBLE.a(gattservapp.o)
 .text.GATT_VerifyPrepareWritePermissions
                0x000000000000b5b6       0x56 e:/Code/EXAM/BLE/LIB\libCH58xBLE.a(gattservapp.o)
                0x000000000000b5b6                GATT_VerifyPrepareWritePermissions
 .text.gattProcessPrepareWriteReq
                0x000000000000b60c       0x36 e:/Code/EXAM/BLE/LIB\libCH58xBLE.a(gattservapp.o)
 .text.GATT_FindNextAttr
                0x000000000000b642       0xc2 e:/Code/EXAM/BLE/LIB\libCH58xBLE.a(gattservapp.o)
                0x000000000000b642                GATT_FindNextAttr
 .text.GATTServApp_ReadAttr
                0x000000000000b704      0x2ea e:/Code/EXAM/BLE/LIB\libCH58xBLE.a(gattservapp.o)
                0x000000000000b704                GATTServApp_ReadAttr
 .text.gattServApp_ProcessReadMultiReq
                0x000000000000b9ee      0x16e e:/Code/EXAM/BLE/LIB\libCH58xBLE.a(gattservapp.o)
                0x000000000000b9ee                gattServApp_ProcessReadMultiReq
 .text.gattServApp_ProcessFindByTypeValueReq
                0x000000000000bb5c      0x1a0 e:/Code/EXAM/BLE/LIB\libCH58xBLE.a(gattservapp.o)
                0x000000000000bb5c                gattServApp_ProcessFindByTypeValueReq
 .text.GATT_VerifyReadPermissions
                0x000000000000bcfc       0x68 e:/Code/EXAM/BLE/LIB\libCH58xBLE.a(gattservapp.o)
                0x000000000000bcfc                GATT_VerifyReadPermissions
 .text.gattProcessReadMultiReq
                0x000000000000bd64       0xae e:/Code/EXAM/BLE/LIB\libCH58xBLE.a(gattservapp.o)
 .text.gattProcessReadReq
                0x000000000000be12       0x30 e:/Code/EXAM/BLE/LIB\libCH58xBLE.a(gattservapp.o)
 .text.gattServApp_ProcessReadByGrpTypeReq
                0x000000000000be42      0x21c e:/Code/EXAM/BLE/LIB\libCH58xBLE.a(gattservapp.o)
                0x000000000000be42                gattServApp_ProcessReadByGrpTypeReq
 .text.gattServApp_ProcessReadByTypeReq
                0x000000000000c05e      0x1ae e:/Code/EXAM/BLE/LIB\libCH58xBLE.a(gattservapp.o)
                0x000000000000c05e                gattServApp_ProcessReadByTypeReq
 .text.GATTServApp_RegisterForMsg
                0x000000000000c20c        0x6 e:/Code/EXAM/BLE/LIB\libCH58xBLE.a(gattservapp.o)
                0x000000000000c20c                GATTServApp_RegisterForMsg
 .text.GATTServApp_InitCharCfg
                0x000000000000c212       0x28 e:/Code/EXAM/BLE/LIB\libCH58xBLE.a(gattservapp.o)
                0x000000000000c212                GATTServApp_InitCharCfg
 .text.gattServApp_HandleConnStatusCB
                0x000000000000c23a       0x74 e:/Code/EXAM/BLE/LIB\libCH58xBLE.a(gattservapp.o)
                0x000000000000c23a                gattServApp_HandleConnStatusCB
 .text.GATT_InitServer
                0x000000000000c2ae       0xfa e:/Code/EXAM/BLE/LIB\libCH58xBLE.a(gattservapp.o)
                0x000000000000c2ae                GATT_InitServer
 .text.GATTServApp_Init
                0x000000000000c3a8       0x34 e:/Code/EXAM/BLE/LIB\libCH58xBLE.a(gattservapp.o)
                0x000000000000c3a8                GATTServApp_Init
 .text.GATTServApp_ProcessEvent
                0x000000000000c3dc      0x36a e:/Code/EXAM/BLE/LIB\libCH58xBLE.a(gattservapp.o)
                0x000000000000c3dc                GATTServApp_ProcessEvent
 .text.l2capAllocConnChannel
                0x000000000000c746       0xdc e:/Code/EXAM/BLE/LIB\libCH58xBLE.a(l2cap.o)
                0x000000000000c746                l2capAllocConnChannel
 .text.l2capFindLocalCID
                0x000000000000c822       0x2c e:/Code/EXAM/BLE/LIB\libCH58xBLE.a(l2cap.o)
                0x000000000000c822                l2capFindLocalCID
 .text.l2capFindLocalId
                0x000000000000c84e       0x30 e:/Code/EXAM/BLE/LIB\libCH58xBLE.a(l2cap.o)
                0x000000000000c84e                l2capFindLocalId
 .text.l2capFindPsm
                0x000000000000c87e       0x2c e:/Code/EXAM/BLE/LIB\libCH58xBLE.a(l2cap.o)
                0x000000000000c87e                l2capFindPsm
 .text.l2capFindRemoteCID
                0x000000000000c8aa       0x3c e:/Code/EXAM/BLE/LIB\libCH58xBLE.a(l2cap.o)
                0x000000000000c8aa                l2capFindRemoteCID
 .text.l2capFreeChannel
                0x000000000000c8e6       0x4e e:/Code/EXAM/BLE/LIB\libCH58xBLE.a(l2cap.o)
                0x000000000000c8e6                l2capFreeChannel
 .text.l2capDisconnectChannel
                0x000000000000c934       0x28 e:/Code/EXAM/BLE/LIB\libCH58xBLE.a(l2cap.o)
                0x000000000000c934                l2capDisconnectChannel
 .text.l2capHandleTimerCB
                0x000000000000c95c       0x2c e:/Code/EXAM/BLE/LIB\libCH58xBLE.a(l2cap.o)
                0x000000000000c95c                l2capHandleTimerCB
 .text.l2capFreePendingPkt
                0x000000000000c988       0x58 e:/Code/EXAM/BLE/LIB\libCH58xBLE.a(l2cap.o)
                0x000000000000c988                l2capFreePendingPkt
 .text.l2capGetCoChannelInfo
                0x000000000000c9e0       0x82 e:/Code/EXAM/BLE/LIB\libCH58xBLE.a(l2cap.o)
                0x000000000000c9e0                l2capGetCoChannelInfo
 .text.l2capNumActiveChannnels
                0x000000000000ca62       0x44 e:/Code/EXAM/BLE/LIB\libCH58xBLE.a(l2cap.o)
                0x000000000000ca62                l2capNumActiveChannnels
 .text.l2capStartTimer
                0x000000000000caa6       0x1a e:/Code/EXAM/BLE/LIB\libCH58xBLE.a(l2cap.o)
                0x000000000000caa6                l2capStartTimer
 .text.l2capStopTimer
                0x000000000000cac0       0x1e e:/Code/EXAM/BLE/LIB\libCH58xBLE.a(l2cap.o)
                0x000000000000cac0                l2capStopTimer
 .text.l2capDisconnectAllChannels
                0x000000000000cade       0xdc e:/Code/EXAM/BLE/LIB\libCH58xBLE.a(l2cap.o)
                0x000000000000cade                l2capDisconnectAllChannels
 .text.l2capHandleConnStatusCB
                0x000000000000cbba       0x3c e:/Code/EXAM/BLE/LIB\libCH58xBLE.a(l2cap.o)
                0x000000000000cbba                l2capHandleConnStatusCB
 .text.l2capHandleRxError
                0x000000000000cbf6        0x6 e:/Code/EXAM/BLE/LIB\libCH58xBLE.a(l2cap.o)
                0x000000000000cbf6                l2capHandleRxError
 .text.L2CAP_GetMTU
                0x000000000000cbfc        0x6 e:/Code/EXAM/BLE/LIB\libCH58xBLE.a(l2cap.o)
                0x000000000000cbfc                L2CAP_GetMTU
 .text.L2CAP_HostNumCompletedPkts
                0x000000000000cc02       0x28 e:/Code/EXAM/BLE/LIB\libCH58xBLE.a(l2cap.o)
                0x000000000000cc02                L2CAP_HostNumCompletedPkts
 .text.L2CAP_ParseConnectReq
                0x000000000000cc2a       0x5e e:/Code/EXAM/BLE/LIB\libCH58xBLE.a(l2cap.o)
                0x000000000000cc2a                L2CAP_ParseConnectReq
 .text.L2CAP_ParseFlowCtrlCredit
                0x000000000000cc88       0x2e e:/Code/EXAM/BLE/LIB\libCH58xBLE.a(l2cap.o)
                0x000000000000cc88                L2CAP_ParseFlowCtrlCredit
 .text.L2CAP_RegisterApp
                0x000000000000ccb6       0x30 e:/Code/EXAM/BLE/LIB\libCH58xBLE.a(l2cap.o)
                0x000000000000ccb6                L2CAP_RegisterApp
 .text.L2CAP_SetBufSize
                0x000000000000cce6       0x1e e:/Code/EXAM/BLE/LIB\libCH58xBLE.a(l2cap.o)
                0x000000000000cce6                L2CAP_SetBufSize
 .text.L2CAP_bm_alloc
                0x000000000000cd04       0x2a e:/Code/EXAM/BLE/LIB\libCH58xBLE.a(l2cap.o)
                0x000000000000cd04                L2CAP_bm_alloc
 .text.L2CAP_Init
                0x000000000000cd2e      0x142 e:/Code/EXAM/BLE/LIB\libCH58xBLE.a(l2cap.o)
                0x000000000000cd2e                L2CAP_Init
 .text.L2CAP_ProcessEvent
                0x000000000000ce70       0xc8 e:/Code/EXAM/BLE/LIB\libCH58xBLE.a(l2cap.o)
                0x000000000000ce70                L2CAP_ProcessEvent
 .text.l2capParseCmdReject
                0x000000000000cf38       0x5e e:/Code/EXAM/BLE/LIB\libCH58xBLE.a(l2cap_input.o)
                0x000000000000cf38                l2capParseCmdReject
 .text.l2capParseDisconnectReq
                0x000000000000cf96       0x2e e:/Code/EXAM/BLE/LIB\libCH58xBLE.a(l2cap_input.o)
                0x000000000000cf96                l2capParseDisconnectReq
 .text.l2capParseDisconnectRsp
                0x000000000000cfc4       0x2e e:/Code/EXAM/BLE/LIB\libCH58xBLE.a(l2cap_input.o)
                0x000000000000cfc4                l2capParseDisconnectRsp
 .text.L2CAP_ParseParamUpdateReq
                0x000000000000cff2       0x4e e:/Code/EXAM/BLE/LIB\libCH58xBLE.a(l2cap_input.o)
                0x000000000000cff2                L2CAP_ParseParamUpdateReq
 .text.l2capParseParamUpdateRsp
                0x000000000000d040       0x1e e:/Code/EXAM/BLE/LIB\libCH58xBLE.a(l2cap_input.o)
                0x000000000000d040                l2capParseParamUpdateRsp
 .text.l2capProcessConnectReq
                0x000000000000d05e       0xfc e:/Code/EXAM/BLE/LIB\libCH58xBLE.a(l2cap_input.o)
                0x000000000000d05e                l2capProcessConnectReq
 .text.l2capParseConnectRsp
                0x000000000000d15a       0x5e e:/Code/EXAM/BLE/LIB\libCH58xBLE.a(l2cap_input.o)
                0x000000000000d15a                l2capParseConnectRsp
 .text.l2capParseSignalHdr
                0x000000000000d1b8       0x22 e:/Code/EXAM/BLE/LIB\libCH58xBLE.a(l2cap_input.o)
                0x000000000000d1b8                l2capParseSignalHdr
 .text.l2capParsePacket
                0x000000000000d1da       0x8c e:/Code/EXAM/BLE/LIB\libCH58xBLE.a(l2cap_input.o)
                0x000000000000d1da                l2capParsePacket
 .text.l2capProcessReq
                0x000000000000d266      0x15a e:/Code/EXAM/BLE/LIB\libCH58xBLE.a(l2cap_input.o)
                0x000000000000d266                l2capProcessReq
 .text.l2capProcessRsp
                0x000000000000d3c0      0x150 e:/Code/EXAM/BLE/LIB\libCH58xBLE.a(l2cap_input.o)
                0x000000000000d3c0                l2capProcessRsp
 .text.l2capProcessRxData
                0x000000000000d510       0xf8 e:/Code/EXAM/BLE/LIB\libCH58xBLE.a(l2cap_input.o)
                0x000000000000d510                l2capProcessRxData
 .text.l2capNotifyData
                0x000000000000d608       0x5e e:/Code/EXAM/BLE/LIB\libCH58xBLE.a(l2cap_output.o)
                0x000000000000d608                l2capNotifyData
 .text.l2capNotifySignal
                0x000000000000d666       0x7a e:/Code/EXAM/BLE/LIB\libCH58xBLE.a(l2cap_output.o)
                0x000000000000d666                l2capNotifySignal
 .text.l2capNotifyCreditEvt
                0x000000000000d6e0       0xa0 e:/Code/EXAM/BLE/LIB\libCH58xBLE.a(l2cap_output.o)
                0x000000000000d6e0                l2capNotifyCreditEvt
 .text.l2capNotifyChannelEstEvt
                0x000000000000d780       0x5c e:/Code/EXAM/BLE/LIB\libCH58xBLE.a(l2cap_output.o)
                0x000000000000d780                l2capNotifyChannelEstEvt
 .text.l2capNotifyChannelTermEvt
                0x000000000000d7dc       0x3e e:/Code/EXAM/BLE/LIB\libCH58xBLE.a(l2cap_output.o)
                0x000000000000d7dc                l2capNotifyChannelTermEvt
 .text.l2capNotifyEvent
                0x000000000000d81a       0x66 e:/Code/EXAM/BLE/LIB\libCH58xBLE.a(l2cap_output.o)
                0x000000000000d81a                l2capNotifyEvent
 .text.l2capStoreFCPkt
                0x000000000000d880       0x32 e:/Code/EXAM/BLE/LIB\libCH58xBLE.a(l2cap_output.o)
                0x000000000000d880                l2capStoreFCPkt
 .text.l2capFreeTxSDU
                0x000000000000d8b2       0x9e e:/Code/EXAM/BLE/LIB\libCH58xBLE.a(l2cap_output.o)
                0x000000000000d8b2                l2capFreeTxSDU
 .text.l2capReassembleSegment
                0x000000000000d950      0x174 e:/Code/EXAM/BLE/LIB\libCH58xBLE.a(l2cap_output.o)
                0x000000000000d950                l2capReassembleSegment
 .text.l2capEncapSendData
                0x000000000000dac4       0xec e:/Code/EXAM/BLE/LIB\libCH58xBLE.a(l2cap_output.o)
                0x000000000000dac4                l2capEncapSendData
 .text.l2capSendFCPkt.part.3
                0x000000000000dbb0       0x70 e:/Code/EXAM/BLE/LIB\libCH58xBLE.a(l2cap_output.o)
 .text.l2capSendSegment
                0x000000000000dc20      0x108 e:/Code/EXAM/BLE/LIB\libCH58xBLE.a(l2cap_output.o)
                0x000000000000dc20                l2capSendSegment
 .text.l2capSendNextSegment
                0x000000000000dd28       0xb4 e:/Code/EXAM/BLE/LIB\libCH58xBLE.a(l2cap_output.o)
                0x000000000000dd28                l2capSendNextSegment
 .text.l2capSendPkt
                0x000000000000dddc       0x3a e:/Code/EXAM/BLE/LIB\libCH58xBLE.a(l2cap_output.o)
                0x000000000000dddc                l2capSendPkt
 .text.L2CAP_SendData
                0x000000000000de16       0x82 e:/Code/EXAM/BLE/LIB\libCH58xBLE.a(l2cap_output.o)
                0x000000000000de16                L2CAP_SendData
 .text.l2capSendCmd
                0x000000000000de98       0x8a e:/Code/EXAM/BLE/LIB\libCH58xBLE.a(l2cap_output.o)
                0x000000000000de98                l2capSendCmd
 .text.l2capSendReq
                0x000000000000df22       0xbc e:/Code/EXAM/BLE/LIB\libCH58xBLE.a(l2cap_output.o)
                0x000000000000df22                l2capSendReq
 .text.l2capBuildDisconnectReq
                0x000000000000dfde       0x28 e:/Code/EXAM/BLE/LIB\libCH58xBLE.a(l2cap_sdu.o)
 .text.l2capBuildParamUpdateReq
                0x000000000000e006       0x4c e:/Code/EXAM/BLE/LIB\libCH58xBLE.a(l2cap_sdu.o)
 .text.l2capBuildParamUpdateRsp
                0x000000000000e052       0x16 e:/Code/EXAM/BLE/LIB\libCH58xBLE.a(l2cap_sdu.o)
 .text.l2capBuildConnectRsp
                0x000000000000e068       0x5e e:/Code/EXAM/BLE/LIB\libCH58xBLE.a(l2cap_sdu.o)
 .text.l2capBuildCmdReject
                0x000000000000e0c6       0x62 e:/Code/EXAM/BLE/LIB\libCH58xBLE.a(l2cap_sdu.o)
                0x000000000000e0c6                l2capBuildCmdReject
 .text.l2capBuildDisconnectRsp
                0x000000000000e128       0x28 e:/Code/EXAM/BLE/LIB\libCH58xBLE.a(l2cap_sdu.o)
                0x000000000000e128                l2capBuildDisconnectRsp
 .text.l2capSendConnectRsp
                0x000000000000e150       0xa6 e:/Code/EXAM/BLE/LIB\libCH58xBLE.a(l2cap_sdu.o)
                0x000000000000e150                l2capSendConnectRsp
 .text.L2CAP_CmdReject
                0x000000000000e1f6       0x12 e:/Code/EXAM/BLE/LIB\libCH58xBLE.a(l2cap_sdu.o)
                0x000000000000e1f6                L2CAP_CmdReject
 .text.L2CAP_DisconnectReq
                0x000000000000e208       0x2a e:/Code/EXAM/BLE/LIB\libCH58xBLE.a(l2cap_sdu.o)
                0x000000000000e208                L2CAP_DisconnectReq
 .text.L2CAP_ConnParamUpdateReq
                0x000000000000e232       0x16 e:/Code/EXAM/BLE/LIB\libCH58xBLE.a(l2cap_sdu.o)
                0x000000000000e232                L2CAP_ConnParamUpdateReq
 .text.L2CAP_ConnParamUpdateRsp
                0x000000000000e248       0x12 e:/Code/EXAM/BLE/LIB\libCH58xBLE.a(l2cap_sdu.o)
                0x000000000000e248                L2CAP_ConnParamUpdateRsp
 .text.reportStatusChange
                0x000000000000e25a       0x3e e:/Code/EXAM/BLE/LIB\libCH58xBLE.a(linkdb.o)
 .text.linkDB_Init
                0x000000000000e298       0xa0 e:/Code/EXAM/BLE/LIB\libCH58xBLE.a(linkdb.o)
                0x000000000000e298                linkDB_Init
 .text.linkDB_Find
                0x000000000000e338       0x30 e:/Code/EXAM/BLE/LIB\libCH58xBLE.a(linkdb.o)
                0x000000000000e338                linkDB_Find
 .text.linkDB_Authen
                0x000000000000e368       0x5c e:/Code/EXAM/BLE/LIB\libCH58xBLE.a(linkdb.o)
                0x000000000000e368                linkDB_Authen
 .text.linkDB_FindByAddr
                0x000000000000e3c4       0x7e e:/Code/EXAM/BLE/LIB\libCH58xBLE.a(linkdb.o)
                0x000000000000e3c4                linkDB_FindByAddr
 .text.linkDB_FindFirst
                0x000000000000e442       0x3c e:/Code/EXAM/BLE/LIB\libCH58xBLE.a(linkdb.o)
                0x000000000000e442                linkDB_FindFirst
 .text.linkDB_MTU
                0x000000000000e47e       0x18 e:/Code/EXAM/BLE/LIB\libCH58xBLE.a(linkdb.o)
                0x000000000000e47e                linkDB_MTU
 .text.linkDB_NumActive
                0x000000000000e496       0x32 e:/Code/EXAM/BLE/LIB\libCH58xBLE.a(linkdb.o)
                0x000000000000e496                linkDB_NumActive
 .text.linkDB_NumConns
                0x000000000000e4c8        0xa e:/Code/EXAM/BLE/LIB\libCH58xBLE.a(linkdb.o)
                0x000000000000e4c8                linkDB_NumConns
 .text.linkDB_Register
                0x000000000000e4d2       0x28 e:/Code/EXAM/BLE/LIB\libCH58xBLE.a(linkdb.o)
                0x000000000000e4d2                linkDB_Register
 .text.linkDB_Remove
                0x000000000000e4fa       0x4c e:/Code/EXAM/BLE/LIB\libCH58xBLE.a(linkdb.o)
                0x000000000000e4fa                linkDB_Remove
 .text.linkDB_Role
                0x000000000000e546       0x18 e:/Code/EXAM/BLE/LIB\libCH58xBLE.a(linkdb.o)
                0x000000000000e546                linkDB_Role
 .text.linkDB_State
                0x000000000000e55e       0x30 e:/Code/EXAM/BLE/LIB\libCH58xBLE.a(linkdb.o)
                0x000000000000e55e                linkDB_State
 .text.linkDB_UpdateMTU
                0x000000000000e58e       0x28 e:/Code/EXAM/BLE/LIB\libCH58xBLE.a(linkdb.o)
                0x000000000000e58e                linkDB_UpdateMTU
 .text.linkDB_PerformFunc
                0x000000000000e5b6       0x56 e:/Code/EXAM/BLE/LIB\libCH58xBLE.a(linkdb.o)
                0x000000000000e5b6                linkDB_PerformFunc
 .text.linkDB_GetSMEvtID
                0x000000000000e60c       0x5c e:/Code/EXAM/BLE/LIB\libCH58xBLE.a(linkdb.o)
                0x000000000000e60c                linkDB_GetSMEvtID
 .text.linkDB_Add
                0x000000000000e668       0xb2 e:/Code/EXAM/BLE/LIB\libCH58xBLE.a(linkdb.o)
                0x000000000000e668                linkDB_Add
 .text.linkDB_GetHandleFromSMEvtID
                0x000000000000e71a       0x36 e:/Code/EXAM/BLE/LIB\libCH58xBLE.a(linkdb.o)
                0x000000000000e71a                linkDB_GetHandleFromSMEvtID
 .text.linkDB_GetPairingParam
                0x000000000000e750       0x72 e:/Code/EXAM/BLE/LIB\libCH58xBLE.a(linkdb.o)
                0x000000000000e750                linkDB_GetPairingParam
 .text.linkDB_NeedSendKey
                0x000000000000e7c2       0x48 e:/Code/EXAM/BLE/LIB\libCH58xBLE.a(linkdb.o)
                0x000000000000e7c2                linkDB_NeedSendKey
 .text.smStartRspTimer
                0x000000000000e80a       0x3a e:/Code/EXAM/BLE/LIB\libCH58xBLE.a(sm.o)
 .text.smStartEncryption
                0x000000000000e844       0xa0 e:/Code/EXAM/BLE/LIB\libCH58xBLE.a(sm.o)
 .text.smFreePairingParams
                0x000000000000e8e4       0x7e e:/Code/EXAM/BLE/LIB\libCH58xBLE.a(sm.o)
                0x000000000000e8e4                smFreePairingParams
 .text.smEndPairing
                0x000000000000e962       0x60 e:/Code/EXAM/BLE/LIB\libCH58xBLE.a(sm.o)
                0x000000000000e962                smEndPairing
 .text.smLinkCheck
                0x000000000000e9c2       0x34 e:/Code/EXAM/BLE/LIB\libCH58xBLE.a(sm.o)
                0x000000000000e9c2                smLinkCheck
 .text.smNextPairingState
                0x000000000000e9f6       0x58 e:/Code/EXAM/BLE/LIB\libCH58xBLE.a(sm.o)
                0x000000000000e9f6                smNextPairingState
 .text.smProcessEncryptChange
                0x000000000000ea4e       0xf0 e:/Code/EXAM/BLE/LIB\libCH58xBLE.a(sm.o)
                0x000000000000ea4e                smProcessEncryptChange
 .text.smSendSMMsg
                0x000000000000eb3e       0x5c e:/Code/EXAM/BLE/LIB\libCH58xBLE.a(sm.o)
                0x000000000000eb3e                smSendSMMsg
 .text.smSendFailAndEnd
                0x000000000000eb9a       0x38 e:/Code/EXAM/BLE/LIB\libCH58xBLE.a(sm.o)
                0x000000000000eb9a                smSendFailAndEnd
 .text.smProcessPairingReq
                0x000000000000ebd2       0x3c e:/Code/EXAM/BLE/LIB\libCH58xBLE.a(sm.o)
                0x000000000000ebd2                smProcessPairingReq
 .text.smSetPairingReqRsp
                0x000000000000ec0e       0x3c e:/Code/EXAM/BLE/LIB\libCH58xBLE.a(sm.o)
                0x000000000000ec0e                smSetPairingReqRsp
 .text.SM_StartEncryption
                0x000000000000ec4a       0x16 e:/Code/EXAM/BLE/LIB\libCH58xBLE.a(sm.o)
                0x000000000000ec4a                SM_StartEncryption
 .text.sm_dhkey
                0x000000000000ec60       0x3a e:/Code/EXAM/BLE/LIB\libCH58xBLE.a(sm.o)
                0x000000000000ec60                sm_dhkey
 .text.sm_c1    0x000000000000ec9a       0xb4 e:/Code/EXAM/BLE/LIB\libCH58xBLE.a(sm.o)
                0x000000000000ec9a                sm_c1
 .text.smDetermineKeySize
                0x000000000000ed4e       0x20 e:/Code/EXAM/BLE/LIB\libCH58xBLE.a(sm.o)
                0x000000000000ed4e                smDetermineKeySize
 .text.smpParsePairingReq
                0x000000000000ed6e      0x118 e:/Code/EXAM/BLE/LIB\libCH58xBLE.a(sm.o)
                0x000000000000ed6e                smpParsePairingReq
 .text.smpParseEncInfo
                0x000000000000ee86       0x2a e:/Code/EXAM/BLE/LIB\libCH58xBLE.a(sm.o)
                0x000000000000ee86                smpParseEncInfo
 .text.smpParseIdentityAddrInfo
                0x000000000000eeb0       0x34 e:/Code/EXAM/BLE/LIB\libCH58xBLE.a(sm.o)
                0x000000000000eeb0                smpParseIdentityAddrInfo
 .text.smpParseIdentityInfo
                0x000000000000eee4       0x2a e:/Code/EXAM/BLE/LIB\libCH58xBLE.a(sm.o)
                0x000000000000eee4                smpParseIdentityInfo
 .text.smpParseMasterID
                0x000000000000ef0e       0x3c e:/Code/EXAM/BLE/LIB\libCH58xBLE.a(sm.o)
                0x000000000000ef0e                smpParseMasterID
 .text.smpParsePairingConfirm
                0x000000000000ef4a       0x2a e:/Code/EXAM/BLE/LIB\libCH58xBLE.a(sm.o)
                0x000000000000ef4a                smpParsePairingConfirm
 .text.smpParsePairingFailed
                0x000000000000ef74       0x1c e:/Code/EXAM/BLE/LIB\libCH58xBLE.a(sm.o)
                0x000000000000ef74                smpParsePairingFailed
 .text.smpParsePairingRandom
                0x000000000000ef90       0x2a e:/Code/EXAM/BLE/LIB\libCH58xBLE.a(sm.o)
                0x000000000000ef90                smpParsePairingRandom
 .text.smpParseSigningInfo
                0x000000000000efba       0x2a e:/Code/EXAM/BLE/LIB\libCH58xBLE.a(sm.o)
                0x000000000000efba                smpParseSigningInfo
 .text.smpParsePairingPublicKey
                0x000000000000efe4       0x2c e:/Code/EXAM/BLE/LIB\libCH58xBLE.a(sm.o)
                0x000000000000efe4                smpParsePairingPublicKey
 .text.smpParsePairingDHKeyCheck
                0x000000000000f010       0x2a e:/Code/EXAM/BLE/LIB\libCH58xBLE.a(sm.o)
                0x000000000000f010                smpParsePairingDHKeyCheck
 .text.smProcessDataMsg
                0x000000000000f03a       0xfc e:/Code/EXAM/BLE/LIB\libCH58xBLE.a(sm.o)
                0x000000000000f03a                smProcessDataMsg
 .text.smProcessTMOSMsg
                0x000000000000f136      0x164 e:/Code/EXAM/BLE/LIB\libCH58xBLE.a(sm.o)
                0x000000000000f136                smProcessTMOSMsg
 .text.SM_CalcRandomAddr
                0x000000000000f29a       0x54 e:/Code/EXAM/BLE/LIB\libCH58xBLE.a(sm.o)
                0x000000000000f29a                SM_CalcRandomAddr
 .text.SM_GenerateAuthenSig
                0x000000000000f2ee       0xe6 e:/Code/EXAM/BLE/LIB\libCH58xBLE.a(sm.o)
                0x000000000000f2ee                SM_GenerateAuthenSig
 .text.SM_PasskeyUpdate
                0x000000000000f3d4       0xe8 e:/Code/EXAM/BLE/LIB\libCH58xBLE.a(sm.o)
                0x000000000000f3d4                SM_PasskeyUpdate
 .text.SM_ResolveRandomAddrs
                0x000000000000f4bc       0x5e e:/Code/EXAM/BLE/LIB\libCH58xBLE.a(sm.o)
                0x000000000000f4bc                SM_ResolveRandomAddrs
 .text.SM_StartPairing
                0x000000000000f51a       0xc2 e:/Code/EXAM/BLE/LIB\libCH58xBLE.a(sm.o)
                0x000000000000f51a                SM_StartPairing
 .text.SM_VerifyAuthenSig
                0x000000000000f5dc      0x150 e:/Code/EXAM/BLE/LIB\libCH58xBLE.a(sm.o)
                0x000000000000f5dc                SM_VerifyAuthenSig
 .text.SM_ProcessEvent
                0x000000000000f72c       0xb4 e:/Code/EXAM/BLE/LIB\libCH58xBLE.a(sm.o)
                0x000000000000f72c                SM_ProcessEvent
 .text.SM_ParamInit
                0x000000000000f7e0       0x5a e:/Code/EXAM/BLE/LIB\libCH58xBLE.a(sm.o)
                0x000000000000f7e0                SM_ParamInit
 .text.SM_InitiatorInit
                0x000000000000f83a       0x1e e:/Code/EXAM/BLE/LIB\libCH58xBLE.a(sm.o)
                0x000000000000f83a                SM_InitiatorInit
 .text.SM_ResponderInit
                0x000000000000f858       0x1e e:/Code/EXAM/BLE/LIB\libCH58xBLE.a(sm.o)
                0x000000000000f858                SM_ResponderInit
 .text.SM_Init  0x000000000000f876       0x2a e:/Code/EXAM/BLE/LIB\libCH58xBLE.a(sm.o)
                0x000000000000f876                SM_Init
 .text.smpInitiatorProcessPairingRsp
                0x000000000000f8a0      0x278 e:/Code/EXAM/BLE/LIB\libCH58xBLE.a(sm_initiator.o)
                0x000000000000f8a0                smpInitiatorProcessPairingRsp
 .text.smInitiatorSendNextKeyInfo
                0x000000000000fb18      0x26a e:/Code/EXAM/BLE/LIB\libCH58xBLE.a(sm_initiator.o)
                0x000000000000fb18                smInitiatorSendNextKeyInfo
 .text.setupInitiatorKeys
                0x000000000000fd82       0x88 e:/Code/EXAM/BLE/LIB\libCH58xBLE.a(sm_initiator.o)
 .text.smpInitiatorProcessIncoming
                0x000000000000fe0a      0x410 e:/Code/EXAM/BLE/LIB\libCH58xBLE.a(sm_initiator.o)
                0x000000000000fe0a                smpInitiatorProcessIncoming
 .text.smpBuildPairingReqRsp
                0x000000000001021a       0xc6 e:/Code/EXAM/BLE/LIB\libCH58xBLE.a(sm_pdu.o)
 .text.smpBuildPairingReq
                0x00000000000102e0        0xa e:/Code/EXAM/BLE/LIB\libCH58xBLE.a(sm_pdu.o)
                0x00000000000102e0                smpBuildPairingReq
 .text.smpBuildPairingRsp
                0x00000000000102ea        0xa e:/Code/EXAM/BLE/LIB\libCH58xBLE.a(sm_pdu.o)
                0x00000000000102ea                smpBuildPairingRsp
 .text.smpBuildPairingConfirm
                0x00000000000102f4       0x30 e:/Code/EXAM/BLE/LIB\libCH58xBLE.a(sm_pdu.o)
                0x00000000000102f4                smpBuildPairingConfirm
 .text.smpBuildPairingRandom
                0x0000000000010324       0x30 e:/Code/EXAM/BLE/LIB\libCH58xBLE.a(sm_pdu.o)
                0x0000000000010324                smpBuildPairingRandom
 .text.smpBuildEncInfo
                0x0000000000010354       0x30 e:/Code/EXAM/BLE/LIB\libCH58xBLE.a(sm_pdu.o)
                0x0000000000010354                smpBuildEncInfo
 .text.smpBuildMasterID
                0x0000000000010384       0x44 e:/Code/EXAM/BLE/LIB\libCH58xBLE.a(sm_pdu.o)
                0x0000000000010384                smpBuildMasterID
 .text.smpBuildIdentityInfo
                0x00000000000103c8       0x30 e:/Code/EXAM/BLE/LIB\libCH58xBLE.a(sm_pdu.o)
                0x00000000000103c8                smpBuildIdentityInfo
 .text.smpBuildIdentityAddrInfo
                0x00000000000103f8       0x3a e:/Code/EXAM/BLE/LIB\libCH58xBLE.a(sm_pdu.o)
                0x00000000000103f8                smpBuildIdentityAddrInfo
 .text.smpBuildSigningInfo
                0x0000000000010432       0x30 e:/Code/EXAM/BLE/LIB\libCH58xBLE.a(sm_pdu.o)
                0x0000000000010432                smpBuildSigningInfo
 .text.smpBuildPublicKey
                0x0000000000010462       0x32 e:/Code/EXAM/BLE/LIB\libCH58xBLE.a(sm_pdu.o)
                0x0000000000010462                smpBuildPublicKey
 .text.smpBuildDHKey
                0x0000000000010494       0x30 e:/Code/EXAM/BLE/LIB\libCH58xBLE.a(sm_pdu.o)
                0x0000000000010494                smpBuildDHKey
 .text.smpBuildPairingFailed
                0x00000000000104c4       0x1a e:/Code/EXAM/BLE/LIB\libCH58xBLE.a(sm_pdu.o)
                0x00000000000104c4                smpBuildPairingFailed
 .text.smpBuildSecurityReq
                0x00000000000104de       0x1a e:/Code/EXAM/BLE/LIB\libCH58xBLE.a(sm_pdu.o)
                0x00000000000104de                smpBuildSecurityReq
 .text.smGeneratePairingReq
                0x00000000000104f8       0x30 e:/Code/EXAM/BLE/LIB\libCH58xBLE.a(sm_pdu.o)
                0x00000000000104f8                smGeneratePairingReq
 .text.smGeneratePairingRsp
                0x0000000000010528       0x30 e:/Code/EXAM/BLE/LIB\libCH58xBLE.a(sm_pdu.o)
                0x0000000000010528                smGeneratePairingRsp
 .text.smGenerateConfirm
                0x0000000000010558       0x34 e:/Code/EXAM/BLE/LIB\libCH58xBLE.a(sm_pdu.o)
                0x0000000000010558                smGenerateConfirm
 .text.smGenerateRandMsg
                0x000000000001058c       0x34 e:/Code/EXAM/BLE/LIB\libCH58xBLE.a(sm_pdu.o)
                0x000000000001058c                smGenerateRandMsg
 .text.smGeneratePairingPublicKey
                0x00000000000105c0       0x60 e:/Code/EXAM/BLE/LIB\libCH58xBLE.a(sm_pdu.o)
                0x00000000000105c0                smGeneratePairingPublicKey
 .text.smGeneratePairingDHKeyCheck
                0x0000000000010620      0x24c e:/Code/EXAM/BLE/LIB\libCH58xBLE.a(sm_pdu.o)
                0x0000000000010620                smGeneratePairingDHKeyCheck
 .text.smPairingSendEncInfo
                0x000000000001086c       0x10 e:/Code/EXAM/BLE/LIB\libCH58xBLE.a(sm_pdu.o)
                0x000000000001086c                smPairingSendEncInfo
 .text.smPairingSendIdentityAddrInfo
                0x000000000001087c       0x38 e:/Code/EXAM/BLE/LIB\libCH58xBLE.a(sm_pdu.o)
                0x000000000001087c                smPairingSendIdentityAddrInfo
 .text.smPairingSendIdentityInfo
                0x00000000000108b4       0x10 e:/Code/EXAM/BLE/LIB\libCH58xBLE.a(sm_pdu.o)
                0x00000000000108b4                smPairingSendIdentityInfo
 .text.smPairingSendMasterID
                0x00000000000108c4       0x38 e:/Code/EXAM/BLE/LIB\libCH58xBLE.a(sm_pdu.o)
                0x00000000000108c4                smPairingSendMasterID
 .text.smPairingSendSingingInfo
                0x00000000000108fc       0x10 e:/Code/EXAM/BLE/LIB\libCH58xBLE.a(sm_pdu.o)
                0x00000000000108fc                smPairingSendSingingInfo
 .text.smResponderSendNextKeyInfo
                0x000000000001090c      0x2de e:/Code/EXAM/BLE/LIB\libCH58xBLE.a(sm_responding.o)
                0x000000000001090c                smResponderSendNextKeyInfo
 .text.smResponderProcessLTKReq
                0x0000000000010bea      0x1a6 e:/Code/EXAM/BLE/LIB\libCH58xBLE.a(sm_responding.o)
                0x0000000000010bea                smResponderProcessLTKReq
 .text.smpResponderProcessIncoming
                0x0000000000010d90      0x6f6 e:/Code/EXAM/BLE/LIB\libCH58xBLE.a(sm_responding.o)
                0x0000000000010d90                smpResponderProcessIncoming
 .text.xor_128  0x0000000000011486       0x28 e:/Code/EXAM/BLE/LIB\libCH58xBLE.a(sm_toolbox.o)
                0x0000000000011486                xor_128
 .text.leftshift_onebit
                0x00000000000114ae       0x2e e:/Code/EXAM/BLE/LIB\libCH58xBLE.a(sm_toolbox.o)
                0x00000000000114ae                leftshift_onebit
 .text.padding  0x00000000000114dc       0x38 e:/Code/EXAM/BLE/LIB\libCH58xBLE.a(sm_toolbox.o)
                0x00000000000114dc                padding
 .text.generate_subkey
                0x0000000000011514       0xd4 e:/Code/EXAM/BLE/LIB\libCH58xBLE.a(sm_toolbox.o)
                0x0000000000011514                generate_subkey
 .text.sm_xor   0x00000000000115e8       0x24 e:/Code/EXAM/BLE/LIB\libCH58xBLE.a(sm_toolbox.o)
                0x00000000000115e8                sm_xor
 .text.sm_ah    0x000000000001160c       0x90 e:/Code/EXAM/BLE/LIB\libCH58xBLE.a(sm_toolbox.o)
                0x000000000001160c                sm_ah
 .text.sm_c1new
                0x000000000001169c      0x144 e:/Code/EXAM/BLE/LIB\libCH58xBLE.a(sm_toolbox.o)
                0x000000000001169c                sm_c1new
 .text.sm_s1    0x00000000000117e0       0x96 e:/Code/EXAM/BLE/LIB\libCH58xBLE.a(sm_toolbox.o)
                0x00000000000117e0                sm_s1
 .text.sm_CMAC  0x0000000000011876      0x172 e:/Code/EXAM/BLE/LIB\libCH58xBLE.a(sm_toolbox.o)
                0x0000000000011876                sm_CMAC
 .text.HOST_LE_ConnectionCompleteEvent
                0x00000000000119e8       0xca e:/Code/EXAM/BLE/LIB\libCH58xBLE.a(host_input.o)
                0x00000000000119e8                HOST_LE_ConnectionCompleteEvent
 .text.HOST_LE_AdvPktReportEvent
                0x0000000000011ab2       0x98 e:/Code/EXAM/BLE/LIB\libCH58xBLE.a(host_input.o)
                0x0000000000011ab2                HOST_LE_AdvPktReportEvent
 .text.HOST_LE_ConnectionUpdateCompleteEvent
                0x0000000000011b4a       0x60 e:/Code/EXAM/BLE/LIB\libCH58xBLE.a(host_input.o)
                0x0000000000011b4a                HOST_LE_ConnectionUpdateCompleteEvent
 .text.HOST_LE_ReadRemoteUsedFeaturesCompleteEvent
                0x0000000000011baa       0x66 e:/Code/EXAM/BLE/LIB\libCH58xBLE.a(host_input.o)
                0x0000000000011baa                HOST_LE_ReadRemoteUsedFeaturesCompleteEvent
 .text.HOST_LE_LongTermKeyRequestEvent
                0x0000000000011c10       0x64 e:/Code/EXAM/BLE/LIB\libCH58xBLE.a(host_input.o)
                0x0000000000011c10                HOST_LE_LongTermKeyRequestEvent
 .text.HOST_LE_RemoteConnectionParameterRequestEvent
                0x0000000000011c74       0x60 e:/Code/EXAM/BLE/LIB\libCH58xBLE.a(host_input.o)
                0x0000000000011c74                HOST_LE_RemoteConnectionParameterRequestEvent
 .text.HOST_RemoteConnectionParameterRequestEvent
                0x0000000000011cd4       0x42 e:/Code/EXAM/BLE/LIB\libCH58xBLE.a(host_input.o)
                0x0000000000011cd4                HOST_RemoteConnectionParameterRequestEvent
 .text.HOST_LE_DataLengthChangeEvent
                0x0000000000011d16       0x60 e:/Code/EXAM/BLE/LIB\libCH58xBLE.a(host_input.o)
                0x0000000000011d16                HOST_LE_DataLengthChangeEvent
 .text.HOST_LE_EnhancedConnectionCompleteEvent
                0x0000000000011d76      0x128 e:/Code/EXAM/BLE/LIB\libCH58xBLE.a(host_input.o)
                0x0000000000011d76                HOST_LE_EnhancedConnectionCompleteEvent
 .text.HOST_LE_DirectAdvertisingReportEvent
                0x0000000000011e9e       0xba e:/Code/EXAM/BLE/LIB\libCH58xBLE.a(host_input.o)
                0x0000000000011e9e                HOST_LE_DirectAdvertisingReportEvent
 .text.HOST_LE_PHYUpdateCompleteReportEvent
                0x0000000000011f58       0x58 e:/Code/EXAM/BLE/LIB\libCH58xBLE.a(host_input.o)
                0x0000000000011f58                HOST_LE_PHYUpdateCompleteReportEvent
 .text.HOST_LE_ExtendedAdvertisingReportEvent
                0x0000000000011fb0       0xfc e:/Code/EXAM/BLE/LIB\libCH58xBLE.a(host_input.o)
                0x0000000000011fb0                HOST_LE_ExtendedAdvertisingReportEvent
 .text.HOST_LE_PeriodicAdvertisingSyncEstablishedEvent
                0x00000000000120ac       0x9c e:/Code/EXAM/BLE/LIB\libCH58xBLE.a(host_input.o)
                0x00000000000120ac                HOST_LE_PeriodicAdvertisingSyncEstablishedEvent
 .text.HOST_LE_PeriodicAdvertisingSyncLostEvent
                0x0000000000012148       0x40 e:/Code/EXAM/BLE/LIB\libCH58xBLE.a(host_input.o)
                0x0000000000012148                HOST_LE_PeriodicAdvertisingSyncLostEvent
 .text.HOST_LE_ScanTimeoutEvent